Archive member included to satisfy reference by file (symbol)

d:/embedded/stm32cubeide_1.5.1/stm32cubeide/plugins/com.st.stm32cube.ide.mcu.externaltools.gnu-tools-for-stm32.7-2018-q2-update.win32_1.5.0.202011040924/tools/bin/../lib/gcc/arm-none-eabi/7.3.1/../../../../arm-none-eabi/lib/thumb/v7e-m/fpv4-sp/hard\libc_nano.a(lib_a-errno.o)
                              Core/Src/syscalls.o (__errno)
d:/embedded/stm32cubeide_1.5.1/stm32cubeide/plugins/com.st.stm32cube.ide.mcu.externaltools.gnu-tools-for-stm32.7-2018-q2-update.win32_1.5.0.202011040924/tools/bin/../lib/gcc/arm-none-eabi/7.3.1/../../../../arm-none-eabi/lib/thumb/v7e-m/fpv4-sp/hard\libc_nano.a(lib_a-exit.o)
                              d:/embedded/stm32cubeide_1.5.1/stm32cubeide/plugins/com.st.stm32cube.ide.mcu.externaltools.gnu-tools-for-stm32.7-2018-q2-update.win32_1.5.0.202011040924/tools/bin/../lib/gcc/arm-none-eabi/7.3.1/../../../../arm-none-eabi/lib/thumb/v7e-m/fpv4-sp/hard/crt0.o (exit)
d:/embedded/stm32cubeide_1.5.1/stm32cubeide/plugins/com.st.stm32cube.ide.mcu.externaltools.gnu-tools-for-stm32.7-2018-q2-update.win32_1.5.0.202011040924/tools/bin/../lib/gcc/arm-none-eabi/7.3.1/../../../../arm-none-eabi/lib/thumb/v7e-m/fpv4-sp/hard\libc_nano.a(lib_a-impure.o)
                              d:/embedded/stm32cubeide_1.5.1/stm32cubeide/plugins/com.st.stm32cube.ide.mcu.externaltools.gnu-tools-for-stm32.7-2018-q2-update.win32_1.5.0.202011040924/tools/bin/../lib/gcc/arm-none-eabi/7.3.1/../../../../arm-none-eabi/lib/thumb/v7e-m/fpv4-sp/hard\libc_nano.a(lib_a-exit.o) (_global_impure_ptr)
d:/embedded/stm32cubeide_1.5.1/stm32cubeide/plugins/com.st.stm32cube.ide.mcu.externaltools.gnu-tools-for-stm32.7-2018-q2-update.win32_1.5.0.202011040924/tools/bin/../lib/gcc/arm-none-eabi/7.3.1/../../../../arm-none-eabi/lib/thumb/v7e-m/fpv4-sp/hard\libc_nano.a(lib_a-init.o)
                              d:/embedded/stm32cubeide_1.5.1/stm32cubeide/plugins/com.st.stm32cube.ide.mcu.externaltools.gnu-tools-for-stm32.7-2018-q2-update.win32_1.5.0.202011040924/tools/bin/../lib/gcc/arm-none-eabi/7.3.1/../../../../arm-none-eabi/lib/thumb/v7e-m/fpv4-sp/hard/crt0.o (__libc_init_array)
d:/embedded/stm32cubeide_1.5.1/stm32cubeide/plugins/com.st.stm32cube.ide.mcu.externaltools.gnu-tools-for-stm32.7-2018-q2-update.win32_1.5.0.202011040924/tools/bin/../lib/gcc/arm-none-eabi/7.3.1/../../../../arm-none-eabi/lib/thumb/v7e-m/fpv4-sp/hard\libc_nano.a(lib_a-memcpy-stub.o)
                              Middlewares/Third_Party/FreeRTOS/Source/queue.o (memcpy)
d:/embedded/stm32cubeide_1.5.1/stm32cubeide/plugins/com.st.stm32cube.ide.mcu.externaltools.gnu-tools-for-stm32.7-2018-q2-update.win32_1.5.0.202011040924/tools/bin/../lib/gcc/arm-none-eabi/7.3.1/../../../../arm-none-eabi/lib/thumb/v7e-m/fpv4-sp/hard\libc_nano.a(lib_a-memset.o)
                              d:/embedded/stm32cubeide_1.5.1/stm32cubeide/plugins/com.st.stm32cube.ide.mcu.externaltools.gnu-tools-for-stm32.7-2018-q2-update.win32_1.5.0.202011040924/tools/bin/../lib/gcc/arm-none-eabi/7.3.1/../../../../arm-none-eabi/lib/thumb/v7e-m/fpv4-sp/hard/crt0.o (memset)
d:/embedded/stm32cubeide_1.5.1/stm32cubeide/plugins/com.st.stm32cube.ide.mcu.externaltools.gnu-tools-for-stm32.7-2018-q2-update.win32_1.5.0.202011040924/tools/bin/../lib/gcc/arm-none-eabi/7.3.1/thumb/v7e-m/fpv4-sp/hard\libgcc.a(_aeabi_uldivmod.o)
                              Drivers/STM32F4xx_HAL_Driver/Src/stm32f4xx_hal_rcc.o (__aeabi_uldivmod)
d:/embedded/stm32cubeide_1.5.1/stm32cubeide/plugins/com.st.stm32cube.ide.mcu.externaltools.gnu-tools-for-stm32.7-2018-q2-update.win32_1.5.0.202011040924/tools/bin/../lib/gcc/arm-none-eabi/7.3.1/thumb/v7e-m/fpv4-sp/hard\libgcc.a(_udivmoddi4.o)
                              d:/embedded/stm32cubeide_1.5.1/stm32cubeide/plugins/com.st.stm32cube.ide.mcu.externaltools.gnu-tools-for-stm32.7-2018-q2-update.win32_1.5.0.202011040924/tools/bin/../lib/gcc/arm-none-eabi/7.3.1/thumb/v7e-m/fpv4-sp/hard\libgcc.a(_aeabi_uldivmod.o) (__udivmoddi4)
d:/embedded/stm32cubeide_1.5.1/stm32cubeide/plugins/com.st.stm32cube.ide.mcu.externaltools.gnu-tools-for-stm32.7-2018-q2-update.win32_1.5.0.202011040924/tools/bin/../lib/gcc/arm-none-eabi/7.3.1/thumb/v7e-m/fpv4-sp/hard\libgcc.a(_dvmd_tls.o)
                              d:/embedded/stm32cubeide_1.5.1/stm32cubeide/plugins/com.st.stm32cube.ide.mcu.externaltools.gnu-tools-for-stm32.7-2018-q2-update.win32_1.5.0.202011040924/tools/bin/../lib/gcc/arm-none-eabi/7.3.1/thumb/v7e-m/fpv4-sp/hard\libgcc.a(_aeabi_uldivmod.o) (__aeabi_ldiv0)

Allocating common symbols
Common symbol       size              file

defaultTaskHandle   0x4               Core/Src/main.o
Timer02Handle       0x4               Core/Src/main.o
uwTick              0x4               Drivers/STM32F4xx_HAL_Driver/Src/stm32f4xx_hal.o
xQueueRegistry      0x40              Middlewares/Third_Party/FreeRTOS/Source/queue.o
pFlash              0x20              Drivers/STM32F4xx_HAL_Driver/Src/stm32f4xx_hal_flash.o
[...]
Memory Configuration

Name             Origin             Length             Attributes
RAM              0x0000000020000000 0x0000000000020000 xrw
FLASH            0x0000000008000000 0x0000000000080000 xr
*default*        0x0000000000000000 0xffffffffffffffff

Linker script and memory map

LOAD d:/embedded/stm32cubeide_1.5.1/stm32cubeide/plugins/com.st.stm32cube.ide.mcu.externaltools.gnu-tools-for-stm32.7-2018-q2-update.win32_1.5.0.202011040924/tools/bin/../lib/gcc/arm-none-eabi/7.3.1/thumb/v7e-m/fpv4-sp/hard/crti.o
LOAD d:/embedded/stm32cubeide_1.5.1/stm32cubeide/plugins/com.st.stm32cube.ide.mcu.externaltools.gnu-tools-for-stm32.7-2018-q2-update.win32_1.5.0.202011040924/tools/bin/../lib/gcc/arm-none-eabi/7.3.1/thumb/v7e-m/fpv4-sp/hard/crtbegin.o
LOAD d:/embedded/stm32cubeide_1.5.1/stm32cubeide/plugins/com.st.stm32cube.ide.mcu.externaltools.gnu-tools-for-stm32.7-2018-q2-update.win32_1.5.0.202011040924/tools/bin/../lib/gcc/arm-none-eabi/7.3.1/../../../../arm-none-eabi/lib/thumb/v7e-m/fpv4-sp/hard/crt0.o
LOAD Core/Src/freertos.o
LOAD Core/Src/main.o
LOAD Core/Src/stm32f4xx_hal_msp.o
LOAD Core/Src/stm32f4xx_it.o
LOAD Core/Src/syscalls.o
LOAD Core/Src/sysmem.o
LOAD Core/Src/system_stm32f4xx.o
LOAD Core/Startup/startup_stm32f411retx.o
LOAD Drivers/STM32F4xx_HAL_Driver/Src/stm32f4xx_hal.o
LOAD Drivers/STM32F4xx_HAL_Driver/Src/stm32f4xx_hal_cortex.o
LOAD Drivers/STM32F4xx_HAL_Driver/Src/stm32f4xx_hal_dma.o
LOAD Drivers/STM32F4xx_HAL_Driver/Src/stm32f4xx_hal_dma_ex.o
LOAD Drivers/STM32F4xx_HAL_Driver/Src/stm32f4xx_hal_exti.o
LOAD Drivers/STM32F4xx_HAL_Driver/Src/stm32f4xx_hal_flash.o
LOAD Drivers/STM32F4xx_HAL_Driver/Src/stm32f4xx_hal_flash_ex.o
LOAD Drivers/STM32F4xx_HAL_Driver/Src/stm32f4xx_hal_flash_ramfunc.o
LOAD Drivers/STM32F4xx_HAL_Driver/Src/stm32f4xx_hal_gpio.o
LOAD Drivers/STM32F4xx_HAL_Driver/Src/stm32f4xx_hal_pwr.o
LOAD Drivers/STM32F4xx_HAL_Driver/Src/stm32f4xx_hal_pwr_ex.o
LOAD Drivers/STM32F4xx_HAL_Driver/Src/stm32f4xx_hal_rcc.o
LOAD Drivers/STM32F4xx_HAL_Driver/Src/stm32f4xx_hal_rcc_ex.o
LOAD Drivers/STM32F4xx_HAL_Driver/Src/stm32f4xx_hal_tim.o
LOAD Drivers/STM32F4xx_HAL_Driver/Src/stm32f4xx_hal_tim_ex.o
LOAD Drivers/STM32F4xx_HAL_Driver/Src/stm32f4xx_hal_uart.o
LOAD Middlewares/Third_Party/FreeRTOS/Source/CMSIS_RTOS/cmsis_os.o
LOAD Middlewares/Third_Party/FreeRTOS/Source/croutine.o
LOAD Middlewares/Third_Party/FreeRTOS/Source/event_groups.o
LOAD Middlewares/Third_Party/FreeRTOS/Source/list.o
LOAD Middlewares/Third_Party/FreeRTOS/Source/queue.o
LOAD Middlewares/Third_Party/FreeRTOS/Source/stream_buffer.o
LOAD Middlewares/Third_Party/FreeRTOS/Source/tasks.o
LOAD Middlewares/Third_Party/FreeRTOS/Source/timers.o
LOAD Middlewares/Third_Party/FreeRTOS/Source/portable/GCC/ARM_CM4F/port.o
LOAD Middlewares/Third_Party/FreeRTOS/Source/portable/MemMang/heap_4.o
START GROUP
LOAD d:/embedded/stm32cubeide_1.5.1/stm32cubeide/plugins/com.st.stm32cube.ide.mcu.externaltools.gnu-tools-for-stm32.7-2018-q2-update.win32_1.5.0.202011040924/tools/bin/../lib/gcc/arm-none-eabi/7.3.1/../../../../arm-none-eabi/lib/thumb/v7e-m/fpv4-sp/hard\libc_nano.a
LOAD d:/embedded/stm32cubeide_1.5.1/stm32cubeide/plugins/com.st.stm32cube.ide.mcu.externaltools.gnu-tools-for-stm32.7-2018-q2-update.win32_1.5.0.202011040924/tools/bin/../lib/gcc/arm-none-eabi/7.3.1/../../../../arm-none-eabi/lib/thumb/v7e-m/fpv4-sp/hard\libm.a
END GROUP
START GROUP
LOAD d:/embedded/stm32cubeide_1.5.1/stm32cubeide/plugins/com.st.stm32cube.ide.mcu.externaltools.gnu-tools-for-stm32.7-2018-q2-update.win32_1.5.0.202011040924/tools/bin/../lib/gcc/arm-none-eabi/7.3.1/thumb/v7e-m/fpv4-sp/hard\libgcc.a
LOAD d:/embedded/stm32cubeide_1.5.1/stm32cubeide/plugins/com.st.stm32cube.ide.mcu.externaltools.gnu-tools-for-stm32.7-2018-q2-update.win32_1.5.0.202011040924/tools/bin/../lib/gcc/arm-none-eabi/7.3.1/../../../../arm-none-eabi/lib/thumb/v7e-m/fpv4-sp/hard\libc_nano.a
END GROUP
START GROUP
LOAD d:/embedded/stm32cubeide_1.5.1/stm32cubeide/plugins/com.st.stm32cube.ide.mcu.externaltools.gnu-tools-for-stm32.7-2018-q2-update.win32_1.5.0.202011040924/tools/bin/../lib/gcc/arm-none-eabi/7.3.1/thumb/v7e-m/fpv4-sp/hard\libgcc.a
LOAD d:/embedded/stm32cubeide_1.5.1/stm32cubeide/plugins/com.st.stm32cube.ide.mcu.externaltools.gnu-tools-for-stm32.7-2018-q2-update.win32_1.5.0.202011040924/tools/bin/../lib/gcc/arm-none-eabi/7.3.1/../../../../arm-none-eabi/lib/thumb/v7e-m/fpv4-sp/hard\libc_nano.a
LOAD d:/embedded/stm32cubeide_1.5.1/stm32cubeide/plugins/com.st.stm32cube.ide.mcu.externaltools.gnu-tools-for-stm32.7-2018-q2-update.win32_1.5.0.202011040924/tools/bin/../lib/gcc/arm-none-eabi/7.3.1/../../../../arm-none-eabi/lib/thumb/v7e-m/fpv4-sp/hard\libnosys.a
END GROUP
START GROUP
LOAD d:/embedded/stm32cubeide_1.5.1/stm32cubeide/plugins/com.st.stm32cube.ide.mcu.externaltools.gnu-tools-for-stm32.7-2018-q2-update.win32_1.5.0.202011040924/tools/bin/../lib/gcc/arm-none-eabi/7.3.1/thumb/v7e-m/fpv4-sp/hard\libgcc.a
LOAD d:/embedded/stm32cubeide_1.5.1/stm32cubeide/plugins/com.st.stm32cube.ide.mcu.externaltools.gnu-tools-for-stm32.7-2018-q2-update.win32_1.5.0.202011040924/tools/bin/../lib/gcc/arm-none-eabi/7.3.1/../../../../arm-none-eabi/lib/thumb/v7e-m/fpv4-sp/hard\libc_nano.a
LOAD d:/embedded/stm32cubeide_1.5.1/stm32cubeide/plugins/com.st.stm32cube.ide.mcu.externaltools.gnu-tools-for-stm32.7-2018-q2-update.win32_1.5.0.202011040924/tools/bin/../lib/gcc/arm-none-eabi/7.3.1/../../../../arm-none-eabi/lib/thumb/v7e-m/fpv4-sp/hard\libnosys.a
END GROUP
LOAD d:/embedded/stm32cubeide_1.5.1/stm32cubeide/plugins/com.st.stm32cube.ide.mcu.externaltools.gnu-tools-for-stm32.7-2018-q2-update.win32_1.5.0.202011040924/tools/bin/../lib/gcc/arm-none-eabi/7.3.1/thumb/v7e-m/fpv4-sp/hard/crtend.o
LOAD d:/embedded/stm32cubeide_1.5.1/stm32cubeide/plugins/com.st.stm32cube.ide.mcu.externaltools.gnu-tools-for-stm32.7-2018-q2-update.win32_1.5.0.202011040924/tools/bin/../lib/gcc/arm-none-eabi/7.3.1/thumb/v7e-m/fpv4-sp/hard/crtn.o
                0x0000000020020000                _estack = (ORIGIN (RAM) + LENGTH (RAM))
                0x0000000000000200                _Min_Heap_Size = 0x200
                0x0000000000000400                _Min_Stack_Size = 0x400

.isr_vector     0x0000000008000000      0x198
                0x0000000008000000                . = ALIGN (0x4)
 *(.isr_vector)
 .isr_vector    0x0000000008000000      0x198 Core/Startup/startup_stm32f411retx.o
                0x0000000008000000                g_pfnVectors
                0x0000000008000198                . = ALIGN (0x4)

.text           0x00000000080001a0     0x4c64
                0x00000000080001a0                . = ALIGN (0x4)
 *(.text)
 .text          0x00000000080001a0       0x40 d:/embedded/stm32cubeide_1.5.1/stm32cubeide/plugins/com.st.stm32cube.ide.mcu.externaltools.gnu-tools-for-stm32.7-2018-q2-update.win32_1.5.0.202011040924/tools/bin/../lib/gcc/arm-none-eabi/7.3.1/thumb/v7e-m/fpv4-sp/hard/crtbegin.o
 .text          0x00000000080001e0       0x30 d:/embedded/stm32cubeide_1.5.1/stm32cubeide/plugins/com.st.stm32cube.ide.mcu.externaltools.gnu-tools-for-stm32.7-2018-q2-update.win32_1.5.0.202011040924/tools/bin/../lib/gcc/arm-none-eabi/7.3.1/thumb/v7e-m/fpv4-sp/hard\libgcc.a(_aeabi_uldivmod.o)
                0x00000000080001e0                __aeabi_uldivmod
 .text          0x0000000008000210      0x2cc d:/embedded/stm32cubeide_1.5.1/stm32cubeide/plugins/com.st.stm32cube.ide.mcu.externaltools.gnu-tools-for-stm32.7-2018-q2-update.win32_1.5.0.202011040924/tools/bin/../lib/gcc/arm-none-eabi/7.3.1/thumb/v7e-m/fpv4-sp/hard\libgcc.a(_udivmoddi4.o)
                0x0000000008000210                __udivmoddi4
 .text          0x00000000080004dc        0x4 d:/embedded/stm32cubeide_1.5.1/stm32cubeide/plugins/com.st.stm32cube.ide.mcu.externaltools.gnu-tools-for-stm32.7-2018-q2-update.win32_1.5.0.202011040924/tools/bin/../lib/gcc/arm-none-eabi/7.3.1/thumb/v7e-m/fpv4-sp/hard\libgcc.a(_dvmd_tls.o)
                0x00000000080004dc                __aeabi_idiv0
                0x00000000080004dc                __aeabi_ldiv0
 *(.text*)
 .text.vApplicationGetIdleTaskMemory
                0x00000000080004e0       0x34 Core/Src/freertos.o
                0x00000000080004e0                vApplicationGetIdleTaskMemory
 .text.vApplicationGetTimerTaskMemory
                0x0000000008000514       0x34 Core/Src/freertos.o
                0x0000000008000514                vApplicationGetTimerTaskMemory
 .text.main     0x0000000008000548       0xe0 Core/Src/main.o
                0x0000000008000548                main
 .text.SystemClock_Config
                0x0000000008000628       0xd4 Core/Src/main.o
                0x0000000008000628                SystemClock_Config
 .text.MX_USART2_UART_Init
                0x00000000080006fc       0x54 Core/Src/main.o
 .text.MX_GPIO_Init
                0x0000000008000750       0xe0 Core/Src/main.o
 .text.StartDefaultTask
                0x0000000008000830       0x10 Core/Src/main.o
                0x0000000008000830                StartDefaultTask
 .text.Callback01
                0x0000000008000840       0x28 Core/Src/main.o
                0x0000000008000840                Callback01
 .text.Callback02
                0x0000000008000868       0x1c Core/Src/main.o
                0x0000000008000868                Callback02
 .text.Callback03
                0x0000000008000884       0x28 Core/Src/main.o
                0x0000000008000884                Callback03
 .text.Error_Handler
                0x00000000080008ac        0x8 Core/Src/main.o
                0x00000000080008ac                Error_Handler
 .text.HAL_MspInit
                0x00000000080008b4       0x58 Core/Src/stm32f4xx_hal_msp.o
                0x00000000080008b4                HAL_MspInit
 .text.HAL_UART_MspInit
                0x000000000800090c       0x90 Core/Src/stm32f4xx_hal_msp.o
                0x000000000800090c                HAL_UART_MspInit
 .text.NMI_Handler
                0x000000000800099c        0x6 Core/Src/stm32f4xx_it.o
                0x000000000800099c                NMI_Handler
 .text.HardFault_Handler
                0x00000000080009a2        0x6 Core/Src/stm32f4xx_it.o
                0x00000000080009a2                HardFault_Handler
 .text.MemManage_Handler
                0x00000000080009a8        0x6 Core/Src/stm32f4xx_it.o
                0x00000000080009a8                MemManage_Handler
 .text.BusFault_Handler
                0x00000000080009ae        0x6 Core/Src/stm32f4xx_it.o
                0x00000000080009ae                BusFault_Handler
 .text.UsageFault_Handler
                0x00000000080009b4        0x6 Core/Src/stm32f4xx_it.o
                0x00000000080009b4                UsageFault_Handler
 .text.DebugMon_Handler
                0x00000000080009ba        0xe Core/Src/stm32f4xx_it.o
                0x00000000080009ba                DebugMon_Handler
 .text.SysTick_Handler
                0x00000000080009c8       0x1a Core/Src/stm32f4xx_it.o
                0x00000000080009c8                SysTick_Handler
 *fill*         0x00000000080009e2        0x2 
 .text.SystemInit
                0x00000000080009e4       0x2c Core/Src/system_stm32f4xx.o
                0x00000000080009e4                SystemInit
 .text.Reset_Handler
                0x0000000008000a10       0x50 Core/Startup/startup_stm32f411retx.o
                0x0000000008000a10                Reset_Handler
 .text.Default_Handler
                0x0000000008000a60        0x2 Core/Startup/startup_stm32f411retx.o
                0x0000000008000a60                RTC_Alarm_IRQHandler
                0x0000000008000a60                EXTI2_IRQHandler
                0x0000000008000a60                SPI4_IRQHandler
                0x0000000008000a60                TIM1_CC_IRQHandler
                0x0000000008000a60                DMA2_Stream5_IRQHandler
                0x0000000008000a60                DMA1_Stream5_IRQHandler
                0x0000000008000a60                PVD_IRQHandler
                0x0000000008000a60                SDIO_IRQHandler
                0x0000000008000a60                TAMP_STAMP_IRQHandler
                0x0000000008000a60                EXTI3_IRQHandler
                0x0000000008000a60                TIM1_UP_TIM10_IRQHandler
                0x0000000008000a60                I2C3_ER_IRQHandler
                0x0000000008000a60                EXTI0_IRQHandler
                0x0000000008000a60                I2C2_EV_IRQHandler
                0x0000000008000a60                DMA1_Stream2_IRQHandler
                0x0000000008000a60                FPU_IRQHandler
                0x0000000008000a60                DMA2_Stream2_IRQHandler
                0x0000000008000a60                SPI1_IRQHandler
                0x0000000008000a60                TIM1_BRK_TIM9_IRQHandler
                0x0000000008000a60                DMA2_Stream3_IRQHandler
                0x0000000008000a60                USART6_IRQHandler
                0x0000000008000a60                DMA2_Stream0_IRQHandler
                0x0000000008000a60                TIM4_IRQHandler
                0x0000000008000a60                I2C1_EV_IRQHandler
                0x0000000008000a60                DMA1_Stream6_IRQHandler
                0x0000000008000a60                DMA1_Stream1_IRQHandler
                0x0000000008000a60                TIM3_IRQHandler
                0x0000000008000a60                RCC_IRQHandler
                0x0000000008000a60                Default_Handler
                0x0000000008000a60                EXTI15_10_IRQHandler
                0x0000000008000a60                ADC_IRQHandler
                0x0000000008000a60                DMA1_Stream7_IRQHandler
                0x0000000008000a60                SPI5_IRQHandler
                0x0000000008000a60                TIM5_IRQHandler
                0x0000000008000a60                DMA2_Stream7_IRQHandler
                0x0000000008000a60                I2C3_EV_IRQHandler
                0x0000000008000a60                EXTI9_5_IRQHandler
                0x0000000008000a60                RTC_WKUP_IRQHandler
                0x0000000008000a60                SPI2_IRQHandler
                0x0000000008000a60                DMA1_Stream0_IRQHandler
                0x0000000008000a60                EXTI4_IRQHandler
                0x0000000008000a60                WWDG_IRQHandler
                0x0000000008000a60                TIM2_IRQHandler
                0x0000000008000a60                OTG_FS_WKUP_IRQHandler
                0x0000000008000a60                TIM1_TRG_COM_TIM11_IRQHandler
                0x0000000008000a60                EXTI1_IRQHandler
                0x0000000008000a60                USART2_IRQHandler
                0x0000000008000a60                I2C2_ER_IRQHandler
                0x0000000008000a60                DMA2_Stream1_IRQHandler
                0x0000000008000a60                FLASH_IRQHandler
                0x0000000008000a60                DMA2_Stream4_IRQHandler
                0x0000000008000a60                USART1_IRQHandler
                0x0000000008000a60                OTG_FS_IRQHandler
                0x0000000008000a60                SPI3_IRQHandler
                0x0000000008000a60                DMA1_Stream4_IRQHandler
                0x0000000008000a60                I2C1_ER_IRQHandler
                0x0000000008000a60                DMA2_Stream6_IRQHandler
                0x0000000008000a60                DMA1_Stream3_IRQHandler
 *fill*         0x0000000008000a62        0x2 
 .text.HAL_Init
                0x0000000008000a64       0x44 Drivers/STM32F4xx_HAL_Driver/Src/stm32f4xx_hal.o
                0x0000000008000a64                HAL_Init
 .text.HAL_InitTick
                0x0000000008000aa8       0x60 Drivers/STM32F4xx_HAL_Driver/Src/stm32f4xx_hal.o
                0x0000000008000aa8                HAL_InitTick
 .text.HAL_IncTick
                0x0000000008000b08       0x28 Drivers/STM32F4xx_HAL_Driver/Src/stm32f4xx_hal.o
                0x0000000008000b08                HAL_IncTick
 .text.HAL_GetTick
                0x0000000008000b30       0x18 Drivers/STM32F4xx_HAL_Driver/Src/stm32f4xx_hal.o
                0x0000000008000b30                HAL_GetTick
 .text.__NVIC_SetPriorityGrouping
                0x0000000008000b48       0x48 Drivers/STM32F4xx_HAL_Driver/Src/stm32f4xx_hal_cortex.o
 .text.__NVIC_GetPriorityGrouping
                0x0000000008000b90       0x1c Drivers/STM32F4xx_HAL_Driver/Src/stm32f4xx_hal_cortex.o
 .text.__NVIC_SetPriority
                0x0000000008000bac       0x54 Drivers/STM32F4xx_HAL_Driver/Src/stm32f4xx_hal_cortex.o
 .text.NVIC_EncodePriority
                0x0000000008000c00       0x66 Drivers/STM32F4xx_HAL_Driver/Src/stm32f4xx_hal_cortex.o
 *fill*         0x0000000008000c66        0x2 
 .text.SysTick_Config
                0x0000000008000c68       0x44 Drivers/STM32F4xx_HAL_Driver/Src/stm32f4xx_hal_cortex.o
 .text.HAL_NVIC_SetPriorityGrouping
                0x0000000008000cac       0x16 Drivers/STM32F4xx_HAL_Driver/Src/stm32f4xx_hal_cortex.o
                0x0000000008000cac                HAL_NVIC_SetPriorityGrouping
 .text.HAL_NVIC_SetPriority
                0x0000000008000cc2       0x38 Drivers/STM32F4xx_HAL_Driver/Src/stm32f4xx_hal_cortex.o
                0x0000000008000cc2                HAL_NVIC_SetPriority
 .text.HAL_SYSTICK_Config
                0x0000000008000cfa       0x18 Drivers/STM32F4xx_HAL_Driver/Src/stm32f4xx_hal_cortex.o
                0x0000000008000cfa                HAL_SYSTICK_Config
 *fill*         0x0000000008000d12        0x2 
 .text.HAL_GPIO_Init
                0x0000000008000d14      0x304 Drivers/STM32F4xx_HAL_Driver/Src/stm32f4xx_hal_gpio.o
                0x0000000008000d14                HAL_GPIO_Init
 .text.HAL_GPIO_WritePin
                0x0000000008001018       0x32 Drivers/STM32F4xx_HAL_Driver/Src/stm32f4xx_hal_gpio.o
                0x0000000008001018                HAL_GPIO_WritePin
 .text.HAL_GPIO_TogglePin
                0x000000000800104a       0x36 Drivers/STM32F4xx_HAL_Driver/Src/stm32f4xx_hal_gpio.o
                0x000000000800104a                HAL_GPIO_TogglePin
 .text.HAL_RCC_OscConfig
                0x0000000008001080      0x4e0 Drivers/STM32F4xx_HAL_Driver/Src/stm32f4xx_hal_rcc.o
                0x0000000008001080                HAL_RCC_OscConfig
 .text.HAL_RCC_ClockConfig
                0x0000000008001560      0x1cc Drivers/STM32F4xx_HAL_Driver/Src/stm32f4xx_hal_rcc.o
                0x0000000008001560                HAL_RCC_ClockConfig
 .text.HAL_RCC_GetSysClockFreq
                0x000000000800172c      0x1b0 Drivers/STM32F4xx_HAL_Driver/Src/stm32f4xx_hal_rcc.o
                0x000000000800172c                HAL_RCC_GetSysClockFreq
 .text.HAL_RCC_GetHCLKFreq
                0x00000000080018dc       0x18 Drivers/STM32F4xx_HAL_Driver/Src/stm32f4xx_hal_rcc.o
                0x00000000080018dc                HAL_RCC_GetHCLKFreq
 .text.HAL_RCC_GetPCLK1Freq
                0x00000000080018f4       0x28 Drivers/STM32F4xx_HAL_Driver/Src/stm32f4xx_hal_rcc.o
                0x00000000080018f4                HAL_RCC_GetPCLK1Freq
 .text.HAL_RCC_GetPCLK2Freq
                0x000000000800191c       0x28 Drivers/STM32F4xx_HAL_Driver/Src/stm32f4xx_hal_rcc.o
                0x000000000800191c                HAL_RCC_GetPCLK2Freq
 .text.HAL_UART_Init
                0x0000000008001944       0x9a Drivers/STM32F4xx_HAL_Driver/Src/stm32f4xx_hal_uart.o
                0x0000000008001944                HAL_UART_Init
 .text.HAL_UART_Transmit
                0x00000000080019de      0x132 Drivers/STM32F4xx_HAL_Driver/Src/stm32f4xx_hal_uart.o
                0x00000000080019de                HAL_UART_Transmit
 .text.UART_WaitOnFlagUntilTimeout
                0x0000000008001b10       0x94 Drivers/STM32F4xx_HAL_Driver/Src/stm32f4xx_hal_uart.o
 .text.UART_SetConfig
                0x0000000008001ba4      0x6f8 Drivers/STM32F4xx_HAL_Driver/Src/stm32f4xx_hal_uart.o
 .text.makeFreeRtosPriority
                0x000000000800229c       0x30 Middlewares/Third_Party/FreeRTOS/Source/CMSIS_RTOS/cmsis_os.o
 .text.inHandlerMode
                0x00000000080022cc       0x24 Middlewares/Third_Party/FreeRTOS/Source/CMSIS_RTOS/cmsis_os.o
 .text.osKernelStart
                0x00000000080022f0        0xe Middlewares/Third_Party/FreeRTOS/Source/CMSIS_RTOS/cmsis_os.o
                0x00000000080022f0                osKernelStart
 .text.osThreadCreate
                0x00000000080022fe       0x98 Middlewares/Third_Party/FreeRTOS/Source/CMSIS_RTOS/cmsis_os.o
                0x00000000080022fe                osThreadCreate
 .text.osDelay  0x0000000008002396       0x28 Middlewares/Third_Party/FreeRTOS/Source/CMSIS_RTOS/cmsis_os.o
                0x0000000008002396                osDelay
 *fill*         0x00000000080023be        0x2 
 .text.osTimerCreate
                0x00000000080023c0       0x68 Middlewares/Third_Party/FreeRTOS/Source/CMSIS_RTOS/cmsis_os.o
                0x00000000080023c0                osTimerCreate
 .text.osTimerStart
                0x0000000008002428       0x8c Middlewares/Third_Party/FreeRTOS/Source/CMSIS_RTOS/cmsis_os.o
                0x0000000008002428                osTimerStart
 .text.vListInitialise
                0x00000000080024b4       0x40 Middlewares/Third_Party/FreeRTOS/Source/list.o
                0x00000000080024b4                vListInitialise
 .text.vListInitialiseItem
                0x00000000080024f4       0x1a Middlewares/Third_Party/FreeRTOS/Source/list.o
                0x00000000080024f4                vListInitialiseItem
 .text.vListInsertEnd
                0x000000000800250e       0x48 Middlewares/Third_Party/FreeRTOS/Source/list.o
                0x000000000800250e                vListInsertEnd
 .text.vListInsert
                0x0000000008002556       0x72 Middlewares/Third_Party/FreeRTOS/Source/list.o
                0x0000000008002556                vListInsert
 .text.uxListRemove
                0x00000000080025c8       0x54 Middlewares/Third_Party/FreeRTOS/Source/list.o
                0x00000000080025c8                uxListRemove
 .text.xQueueGenericReset
                0x000000000800261c       0xd0 Middlewares/Third_Party/FreeRTOS/Source/queue.o
                0x000000000800261c                xQueueGenericReset
 .text.xQueueGenericCreateStatic
                0x00000000080026ec       0xe6 Middlewares/Third_Party/FreeRTOS/Source/queue.o
                0x00000000080026ec                xQueueGenericCreateStatic
 .text.prvInitialiseNewQueue
                0x00000000080027d2       0x3e Middlewares/Third_Party/FreeRTOS/Source/queue.o
 .text.xQueueGenericSend
                0x0000000008002810      0x1f4 Middlewares/Third_Party/FreeRTOS/Source/queue.o
                0x0000000008002810                xQueueGenericSend
 .text.xQueueGenericSendFromISR
                0x0000000008002a04      0x128 Middlewares/Third_Party/FreeRTOS/Source/queue.o
                0x0000000008002a04                xQueueGenericSendFromISR
 .text.xQueueReceive
                0x0000000008002b2c      0x1b8 Middlewares/Third_Party/FreeRTOS/Source/queue.o
                0x0000000008002b2c                xQueueReceive
 .text.prvCopyDataToQueue
                0x0000000008002ce4       0xd4 Middlewares/Third_Party/FreeRTOS/Source/queue.o
 .text.prvCopyDataFromQueue
                0x0000000008002db8       0x4c Middlewares/Third_Party/FreeRTOS/Source/queue.o
 .text.prvUnlockQueue
                0x0000000008002e04       0xa4 Middlewares/Third_Party/FreeRTOS/Source/queue.o
 .text.prvIsQueueEmpty
                0x0000000008002ea8       0x2c Middlewares/Third_Party/FreeRTOS/Source/queue.o
 .text.prvIsQueueFull
                0x0000000008002ed4       0x30 Middlewares/Third_Party/FreeRTOS/Source/queue.o
 .text.vQueueAddToRegistry
                0x0000000008002f04       0x50 Middlewares/Third_Party/FreeRTOS/Source/queue.o
                0x0000000008002f04                vQueueAddToRegistry
 .text.vQueueWaitForMessageRestricted
                0x0000000008002f54       0x68 Middlewares/Third_Party/FreeRTOS/Source/queue.o
                0x0000000008002f54                vQueueWaitForMessageRestricted
 .text.xTaskCreateStatic
                0x0000000008002fbc       0xb4 Middlewares/Third_Party/FreeRTOS/Source/tasks.o
                0x0000000008002fbc                xTaskCreateStatic
 .text.xTaskCreate
                0x0000000008003070       0x8a Middlewares/Third_Party/FreeRTOS/Source/tasks.o
                0x0000000008003070                xTaskCreate
 .text.prvInitialiseNewTask
                0x00000000080030fa      0x10c Middlewares/Third_Party/FreeRTOS/Source/tasks.o
 *fill*         0x0000000008003206        0x2 
 .text.prvAddNewTaskToReadyList
                0x0000000008003208       0xd4 Middlewares/Third_Party/FreeRTOS/Source/tasks.o
 .text.vTaskDelay
                0x00000000080032dc       0x68 Middlewares/Third_Party/FreeRTOS/Source/tasks.o
                0x00000000080032dc                vTaskDelay
 .text.vTaskStartScheduler
                0x0000000008003344       0xc8 Middlewares/Third_Party/FreeRTOS/Source/tasks.o
                0x0000000008003344                vTaskStartScheduler
 .text.vTaskSuspendAll
                0x000000000800340c       0x1c Middlewares/Third_Party/FreeRTOS/Source/tasks.o
                0x000000000800340c                vTaskSuspendAll
 .text.xTaskResumeAll
                0x0000000008003428      0x138 Middlewares/Third_Party/FreeRTOS/Source/tasks.o
                0x0000000008003428                xTaskResumeAll
 .text.xTaskGetTickCount
                0x0000000008003560       0x20 Middlewares/Third_Party/FreeRTOS/Source/tasks.o
                0x0000000008003560                xTaskGetTickCount
 .text.xTaskIncrementTick
                0x0000000008003580      0x170 Middlewares/Third_Party/FreeRTOS/Source/tasks.o
                0x0000000008003580                xTaskIncrementTick
 .text.vTaskSwitchContext
                0x00000000080036f0       0xb4 Middlewares/Third_Party/FreeRTOS/Source/tasks.o
                0x00000000080036f0                vTaskSwitchContext
 .text.vTaskPlaceOnEventList
                0x00000000080037a4       0x48 Middlewares/Third_Party/FreeRTOS/Source/tasks.o
                0x00000000080037a4                vTaskPlaceOnEventList
 .text.vTaskPlaceOnEventListRestricted
                0x00000000080037ec       0x54 Middlewares/Third_Party/FreeRTOS/Source/tasks.o
                0x00000000080037ec                vTaskPlaceOnEventListRestricted
 .text.xTaskRemoveFromEventList
                0x0000000008003840       0xc4 Middlewares/Third_Party/FreeRTOS/Source/tasks.o
                0x0000000008003840                xTaskRemoveFromEventList
 .text.vTaskInternalSetTimeOutState
                0x0000000008003904       0x2c Middlewares/Third_Party/FreeRTOS/Source/tasks.o
                0x0000000008003904                vTaskInternalSetTimeOutState
 .text.xTaskCheckForTimeOut
                0x0000000008003930       0xc0 Middlewares/Third_Party/FreeRTOS/Source/tasks.o
                0x0000000008003930                xTaskCheckForTimeOut
 .text.vTaskMissedYield
                0x00000000080039f0       0x18 Middlewares/Third_Party/FreeRTOS/Source/tasks.o
                0x00000000080039f0                vTaskMissedYield
 .text.prvIdleTask
                0x0000000008003a08       0x30 Middlewares/Third_Party/FreeRTOS/Source/tasks.o
 .text.prvInitialiseTaskLists
                0x0000000008003a38       0x80 Middlewares/Third_Party/FreeRTOS/Source/tasks.o
 .text.prvCheckTasksWaitingTermination
                0x0000000008003ab8       0x58 Middlewares/Third_Party/FreeRTOS/Source/tasks.o
 .text.prvDeleteTCB
                0x0000000008003b10       0x5c Middlewares/Third_Party/FreeRTOS/Source/tasks.o
 .text.prvResetNextTaskUnblockTime
                0x0000000008003b6c       0x40 Middlewares/Third_Party/FreeRTOS/Source/tasks.o
 .text.xTaskGetSchedulerState
                0x0000000008003bac       0x3c Middlewares/Third_Party/FreeRTOS/Source/tasks.o
                0x0000000008003bac                xTaskGetSchedulerState
 .text.xTaskPriorityDisinherit
                0x0000000008003be8      0x108 Middlewares/Third_Party/FreeRTOS/Source/tasks.o
                0x0000000008003be8                xTaskPriorityDisinherit
 .text.prvAddCurrentTaskToDelayedList
                0x0000000008003cf0       0xcc Middlewares/Third_Party/FreeRTOS/Source/tasks.o
 .text.xTimerCreateTimerTask
                0x0000000008003dbc       0x90 Middlewares/Third_Party/FreeRTOS/Source/timers.o
                0x0000000008003dbc                xTimerCreateTimerTask
 .text.xTimerCreate
                0x0000000008003e4c       0x42 Middlewares/Third_Party/FreeRTOS/Source/timers.o
                0x0000000008003e4c                xTimerCreate
 .text.xTimerCreateStatic
                0x0000000008003e8e       0x78 Middlewares/Third_Party/FreeRTOS/Source/timers.o
                0x0000000008003e8e                xTimerCreateStatic
 .text.prvInitialiseNewTimer
                0x0000000008003f06       0x74 Middlewares/Third_Party/FreeRTOS/Source/timers.o
 *fill*         0x0000000008003f7a        0x2 
 .text.xTimerGenericCommand
                0x0000000008003f7c       0x98 Middlewares/Third_Party/FreeRTOS/Source/timers.o
                0x0000000008003f7c                xTimerGenericCommand
 .text.prvProcessExpiredTimer
                0x0000000008004014       0x98 Middlewares/Third_Party/FreeRTOS/Source/timers.o
 .text.prvTimerTask
                0x00000000080040ac       0x24 Middlewares/Third_Party/FreeRTOS/Source/timers.o
 .text.prvProcessTimerOrBlockTask
                0x00000000080040d0       0x9c Middlewares/Third_Party/FreeRTOS/Source/timers.o
 .text.prvGetNextExpireTime
                0x000000000800416c       0x48 Middlewares/Third_Party/FreeRTOS/Source/timers.o
 .text.prvSampleTimeNow
                0x00000000080041b4       0x40 Middlewares/Third_Party/FreeRTOS/Source/timers.o
 .text.prvInsertTimerInActiveList
                0x00000000080041f4       0x84 Middlewares/Third_Party/FreeRTOS/Source/timers.o
 .text.prvProcessReceivedCommands
                0x0000000008004278      0x188 Middlewares/Third_Party/FreeRTOS/Source/timers.o
 .text.prvSwitchTimerLists
                0x0000000008004400       0xc8 Middlewares/Third_Party/FreeRTOS/Source/timers.o
 .text.prvCheckForValidListAndQueue
                0x00000000080044c8       0x80 Middlewares/Third_Party/FreeRTOS/Source/timers.o
 .text.pxPortInitialiseStack
                0x0000000008004548       0x68 Middlewares/Third_Party/FreeRTOS/Source/portable/GCC/ARM_CM4F/port.o
                0x0000000008004548                pxPortInitialiseStack
 .text.prvTaskExitError
                0x00000000080045b0       0x54 Middlewares/Third_Party/FreeRTOS/Source/portable/GCC/ARM_CM4F/port.o
 *fill*         0x0000000008004604        0xc 
 .text.SVC_Handler
                0x0000000008004610       0x28 Middlewares/Third_Party/FreeRTOS/Source/portable/GCC/ARM_CM4F/port.o
                0x0000000008004610                SVC_Handler
 .text.prvPortStartFirstTask
                0x0000000008004638       0x28 Middlewares/Third_Party/FreeRTOS/Source/portable/GCC/ARM_CM4F/port.o
 .text.xPortStartScheduler
                0x0000000008004660      0x13c Middlewares/Third_Party/FreeRTOS/Source/portable/GCC/ARM_CM4F/port.o
                0x0000000008004660                xPortStartScheduler
 .text.vPortEnterCritical
                0x000000000800479c       0x5c Middlewares/Third_Party/FreeRTOS/Source/portable/GCC/ARM_CM4F/port.o
                0x000000000800479c                vPortEnterCritical
 .text.vPortExitCritical
                0x00000000080047f8       0x50 Middlewares/Third_Party/FreeRTOS/Source/portable/GCC/ARM_CM4F/port.o
                0x00000000080047f8                vPortExitCritical
 *fill*         0x0000000008004848        0x8 
 .text.PendSV_Handler
                0x0000000008004850       0x68 Middlewares/Third_Party/FreeRTOS/Source/portable/GCC/ARM_CM4F/port.o
                0x0000000008004850                PendSV_Handler
 .text.xPortSysTickHandler
                0x00000000080048b8       0x40 Middlewares/Third_Party/FreeRTOS/Source/portable/GCC/ARM_CM4F/port.o
                0x00000000080048b8                xPortSysTickHandler
 .text.vPortSetupTimerInterrupt
                0x00000000080048f8       0x48 Middlewares/Third_Party/FreeRTOS/Source/portable/GCC/ARM_CM4F/port.o
                0x00000000080048f8                vPortSetupTimerInterrupt
 .text.vPortEnableVFP
                0x0000000008004940       0x14 Middlewares/Third_Party/FreeRTOS/Source/portable/GCC/ARM_CM4F/port.o
 .text.vPortValidateInterruptPriority
                0x0000000008004954       0x7c Middlewares/Third_Party/FreeRTOS/Source/portable/GCC/ARM_CM4F/port.o
                0x0000000008004954                vPortValidateInterruptPriority
 .text.pvPortMalloc
                0x00000000080049d0      0x184 Middlewares/Third_Party/FreeRTOS/Source/portable/MemMang/heap_4.o
                0x00000000080049d0                pvPortMalloc
 .text.vPortFree
                0x0000000008004b54       0xb0 Middlewares/Third_Party/FreeRTOS/Source/portable/MemMang/heap_4.o
                0x0000000008004b54                vPortFree
 .text.prvHeapInit
                0x0000000008004c04       0xc4 Middlewares/Third_Party/FreeRTOS/Source/portable/MemMang/heap_4.o
 .text.prvInsertBlockIntoFreeList
                0x0000000008004cc8       0xb4 Middlewares/Third_Party/FreeRTOS/Source/portable/MemMang/heap_4.o
 .text.__libc_init_array
                0x0000000008004d7c       0x48 d:/embedded/stm32cubeide_1.5.1/stm32cubeide/plugins/com.st.stm32cube.ide.mcu.externaltools.gnu-tools-for-stm32.7-2018-q2-update.win32_1.5.0.202011040924/tools/bin/../lib/gcc/arm-none-eabi/7.3.1/../../../../arm-none-eabi/lib/thumb/v7e-m/fpv4-sp/hard\libc_nano.a(lib_a-init.o)
                0x0000000008004d7c                __libc_init_array
 .text.memcpy   0x0000000008004dc4       0x16 d:/embedded/stm32cubeide_1.5.1/stm32cubeide/plugins/com.st.stm32cube.ide.mcu.externaltools.gnu-tools-for-stm32.7-2018-q2-update.win32_1.5.0.202011040924/tools/bin/../lib/gcc/arm-none-eabi/7.3.1/../../../../arm-none-eabi/lib/thumb/v7e-m/fpv4-sp/hard\libc_nano.a(lib_a-memcpy-stub.o)
                0x0000000008004dc4                memcpy
 .text.memset   0x0000000008004dda       0x10 d:/embedded/stm32cubeide_1.5.1/stm32cubeide/plugins/com.st.stm32cube.ide.mcu.externaltools.gnu-tools-for-stm32.7-2018-q2-update.win32_1.5.0.202011040924/tools/bin/../lib/gcc/arm-none-eabi/7.3.1/../../../../arm-none-eabi/lib/thumb/v7e-m/fpv4-sp/hard\libc_nano.a(lib_a-memset.o)
                0x0000000008004dda                memset
 *(.glue_7)
 .glue_7        0x0000000008004dea        0x0 linker stubs
 *(.glue_7t)
 .glue_7t       0x0000000008004dea        0x0 linker stubs
 *(.eh_frame)
 *fill*         0x0000000008004dea        0x2 
 .eh_frame      0x0000000008004dec        0x0 d:/embedded/stm32cubeide_1.5.1/stm32cubeide/plugins/com.st.stm32cube.ide.mcu.externaltools.gnu-tools-for-stm32.7-2018-q2-update.win32_1.5.0.202011040924/tools/bin/../lib/gcc/arm-none-eabi/7.3.1/thumb/v7e-m/fpv4-sp/hard/crtbegin.o
 *(.init)
 .init          0x0000000008004dec        0x4 d:/embedded/stm32cubeide_1.5.1/stm32cubeide/plugins/com.st.stm32cube.ide.mcu.externaltools.gnu-tools-for-stm32.7-2018-q2-update.win32_1.5.0.202011040924/tools/bin/../lib/gcc/arm-none-eabi/7.3.1/thumb/v7e-m/fpv4-sp/hard/crti.o
                0x0000000008004dec                _init
 .init          0x0000000008004df0        0x8 d:/embedded/stm32cubeide_1.5.1/stm32cubeide/plugins/com.st.stm32cube.ide.mcu.externaltools.gnu-tools-for-stm32.7-2018-q2-update.win32_1.5.0.202011040924/tools/bin/../lib/gcc/arm-none-eabi/7.3.1/thumb/v7e-m/fpv4-sp/hard/crtn.o
 *(.fini)
 .fini          0x0000000008004df8        0x4 d:/embedded/stm32cubeide_1.5.1/stm32cubeide/plugins/com.st.stm32cube.ide.mcu.externaltools.gnu-tools-for-stm32.7-2018-q2-update.win32_1.5.0.202011040924/tools/bin/../lib/gcc/arm-none-eabi/7.3.1/thumb/v7e-m/fpv4-sp/hard/crti.o
                0x0000000008004df8                _fini
 .fini          0x0000000008004dfc        0x8 d:/embedded/stm32cubeide_1.5.1/stm32cubeide/plugins/com.st.stm32cube.ide.mcu.externaltools.gnu-tools-for-stm32.7-2018-q2-update.win32_1.5.0.202011040924/tools/bin/../lib/gcc/arm-none-eabi/7.3.1/thumb/v7e-m/fpv4-sp/hard/crtn.o
                0x0000000008004e04                . = ALIGN (0x4)
                0x0000000008004e04                _etext = .

.vfp11_veneer   0x0000000008004e04        0x0
 .vfp11_veneer  0x0000000008004e04        0x0 linker stubs

.v4_bx          0x0000000008004e04        0x0
 .v4_bx         0x0000000008004e04        0x0 linker stubs

.iplt           0x0000000008004e04        0x0
 .iplt          0x0000000008004e04        0x0 d:/embedded/stm32cubeide_1.5.1/stm32cubeide/plugins/com.st.stm32cube.ide.mcu.externaltools.gnu-tools-for-stm32.7-2018-q2-update.win32_1.5.0.202011040924/tools/bin/../lib/gcc/arm-none-eabi/7.3.1/thumb/v7e-m/fpv4-sp/hard/crtbegin.o

.rodata         0x0000000008004e04       0x5c
                0x0000000008004e04                . = ALIGN (0x4)
 *(.rodata)
 .rodata        0x0000000008004e04       0x28 Core/Src/main.o
 .rodata        0x0000000008004e2c        0x1 Middlewares/Third_Party/FreeRTOS/Source/CMSIS_RTOS/cmsis_os.o
 *fill*         0x0000000008004e2d        0x3 
 .rodata        0x0000000008004e30        0x5 Middlewares/Third_Party/FreeRTOS/Source/tasks.o
 *fill*         0x0000000008004e35        0x3 
 .rodata        0x0000000008004e38        0xd Middlewares/Third_Party/FreeRTOS/Source/timers.o
 *(.rodata*)
 *fill*         0x0000000008004e45        0x3 
 .rodata.AHBPrescTable
                0x0000000008004e48       0x10 Core/Src/system_stm32f4xx.o
                0x0000000008004e48                AHBPrescTable
 .rodata.APBPrescTable
                0x0000000008004e58        0x8 Core/Src/system_stm32f4xx.o
                0x0000000008004e58                APBPrescTable
                0x0000000008004e60                . = ALIGN (0x4)

.ARM.extab      0x0000000008004e60        0x0
                0x0000000008004e60                . = ALIGN (0x4)
 *(.ARM.extab* .gnu.linkonce.armextab.*)
                0x0000000008004e60                . = ALIGN (0x4)

.ARM            0x0000000008004e60        0x8
                0x0000000008004e60                . = ALIGN (0x4)
                0x0000000008004e60                __exidx_start = .
 *(.ARM.exidx*)
 .ARM.exidx     0x0000000008004e60        0x8 d:/embedded/stm32cubeide_1.5.1/stm32cubeide/plugins/com.st.stm32cube.ide.mcu.externaltools.gnu-tools-for-stm32.7-2018-q2-update.win32_1.5.0.202011040924/tools/bin/../lib/gcc/arm-none-eabi/7.3.1/thumb/v7e-m/fpv4-sp/hard\libgcc.a(_udivmoddi4.o)
                0x0000000008004e68                __exidx_end = .
                0x0000000008004e68                . = ALIGN (0x4)

.rel.dyn        0x0000000008004e68        0x0
 .rel.iplt      0x0000000008004e68        0x0 d:/embedded/stm32cubeide_1.5.1/stm32cubeide/plugins/com.st.stm32cube.ide.mcu.externaltools.gnu-tools-for-stm32.7-2018-q2-update.win32_1.5.0.202011040924/tools/bin/../lib/gcc/arm-none-eabi/7.3.1/thumb/v7e-m/fpv4-sp/hard/crtbegin.o

.preinit_array  0x0000000008004e68        0x0
                0x0000000008004e68                . = ALIGN (0x4)
                0x0000000008004e68                PROVIDE (__preinit_array_start = .)
 *(.preinit_array*)
                0x0000000008004e68                PROVIDE (__preinit_array_end = .)
                0x0000000008004e68                . = ALIGN (0x4)

.init_array     0x0000000008004e68        0x4
                0x0000000008004e68                . = ALIGN (0x4)
                0x0000000008004e68                PROVIDE (__init_array_start = .)
 *(SORT_BY_NAME(.init_array.*))
 *(.init_array*)
 .init_array    0x0000000008004e68        0x4 d:/embedded/stm32cubeide_1.5.1/stm32cubeide/plugins/com.st.stm32cube.ide.mcu.externaltools.gnu-tools-for-stm32.7-2018-q2-update.win32_1.5.0.202011040924/tools/bin/../lib/gcc/arm-none-eabi/7.3.1/thumb/v7e-m/fpv4-sp/hard/crtbegin.o
                0x0000000008004e6c                PROVIDE (__init_array_end = .)
                0x0000000008004e6c                . = ALIGN (0x4)

.fini_array     0x0000000008004e6c        0x4
                0x0000000008004e6c                . = ALIGN (0x4)
                [!provide]                        PROVIDE (__fini_array_start = .)
 *(SORT_BY_NAME(.fini_array.*))
 *(.fini_array*)
 .fini_array    0x0000000008004e6c        0x4 d:/embedded/stm32cubeide_1.5.1/stm32cubeide/plugins/com.st.stm32cube.ide.mcu.externaltools.gnu-tools-for-stm32.7-2018-q2-update.win32_1.5.0.202011040924/tools/bin/../lib/gcc/arm-none-eabi/7.3.1/thumb/v7e-m/fpv4-sp/hard/crtbegin.o
                [!provide]                        PROVIDE (__fini_array_end = .)
                0x0000000008004e70                . = ALIGN (0x4)
                0x0000000008004e70                _sidata = LOADADDR (.data)

.data           0x0000000020000000       0x10 load address 0x0000000008004e70
                0x0000000020000000                . = ALIGN (0x4)
                0x0000000020000000                _sdata = .
 *(.data)
 *(.data*)
 .data.SystemCoreClock
                0x0000000020000000        0x4 Core/Src/system_stm32f4xx.o
                0x0000000020000000                SystemCoreClock
 .data.uwTickPrio
                0x0000000020000004        0x4 Drivers/STM32F4xx_HAL_Driver/Src/stm32f4xx_hal.o
                0x0000000020000004                uwTickPrio
 .data.uwTickFreq
                0x0000000020000008        0x1 Drivers/STM32F4xx_HAL_Driver/Src/stm32f4xx_hal.o
                0x0000000020000008                uwTickFreq
 *fill*         0x0000000020000009        0x3 
 .data.uxCriticalNesting
                0x000000002000000c        0x4 Middlewares/Third_Party/FreeRTOS/Source/portable/GCC/ARM_CM4F/port.o
 *(.RamFunc)
 *(.RamFunc*)
                0x0000000020000010                . = ALIGN (0x4)
                0x0000000020000010                _edata = .

.igot.plt       0x0000000020000010        0x0 load address 0x0000000008004e80
 .igot.plt      0x0000000020000010        0x0 d:/embedded/stm32cubeide_1.5.1/stm32cubeide/plugins/com.st.stm32cube.ide.mcu.externaltools.gnu-tools-for-stm32.7-2018-q2-update.win32_1.5.0.202011040924/tools/bin/../lib/gcc/arm-none-eabi/7.3.1/thumb/v7e-m/fpv4-sp/hard/crtbegin.o
                0x0000000020000010                . = ALIGN (0x4)

.bss            0x0000000020000010     0x45a0 load address 0x0000000008004e80
                0x0000000020000010                _sbss = .
                0x0000000020000010                __bss_start__ = _sbss
 *(.bss)
 .bss           0x0000000020000010       0x1c d:/embedded/stm32cubeide_1.5.1/stm32cubeide/plugins/com.st.stm32cube.ide.mcu.externaltools.gnu-tools-for-stm32.7-2018-q2-update.win32_1.5.0.202011040924/tools/bin/../lib/gcc/arm-none-eabi/7.3.1/thumb/v7e-m/fpv4-sp/hard/crtbegin.o
 *(.bss*)
 .bss.xIdleTaskTCBBuffer
                0x000000002000002c       0x54 Core/Src/freertos.o
 .bss.xIdleStack
                0x0000000020000080      0x200 Core/Src/freertos.o
 .bss.xTimerTaskTCBBuffer
                0x0000000020000280       0x54 Core/Src/freertos.o
 .bss.xTimerStack
                0x00000000200002d4      0x400 Core/Src/freertos.o
 .bss.pxCurrentTCB
                0x00000000200006d4        0x4 Middlewares/Third_Party/FreeRTOS/Source/tasks.o
                0x00000000200006d4                pxCurrentTCB
 .bss.pxReadyTasksLists
                0x00000000200006d8       0x8c Middlewares/Third_Party/FreeRTOS/Source/tasks.o
 .bss.xDelayedTaskList1
                0x0000000020000764       0x14 Middlewares/Third_Party/FreeRTOS/Source/tasks.o
 .bss.xDelayedTaskList2
                0x0000000020000778       0x14 Middlewares/Third_Party/FreeRTOS/Source/tasks.o
 .bss.pxDelayedTaskList
                0x000000002000078c        0x4 Middlewares/Third_Party/FreeRTOS/Source/tasks.o
 .bss.pxOverflowDelayedTaskList
                0x0000000020000790        0x4 Middlewares/Third_Party/FreeRTOS/Source/tasks.o
 .bss.xPendingReadyList
                0x0000000020000794       0x14 Middlewares/Third_Party/FreeRTOS/Source/tasks.o
 .bss.xTasksWaitingTermination
                0x00000000200007a8       0x14 Middlewares/Third_Party/FreeRTOS/Source/tasks.o
 .bss.uxDeletedTasksWaitingCleanUp
                0x00000000200007bc        0x4 Middlewares/Third_Party/FreeRTOS/Source/tasks.o
 .bss.xSuspendedTaskList
                0x00000000200007c0       0x14 Middlewares/Third_Party/FreeRTOS/Source/tasks.o
 .bss.uxCurrentNumberOfTasks
                0x00000000200007d4        0x4 Middlewares/Third_Party/FreeRTOS/Source/tasks.o
 .bss.xTickCount
                0x00000000200007d8        0x4 Middlewares/Third_Party/FreeRTOS/Source/tasks.o
 .bss.uxTopReadyPriority
                0x00000000200007dc        0x4 Middlewares/Third_Party/FreeRTOS/Source/tasks.o
 .bss.xSchedulerRunning
                0x00000000200007e0        0x4 Middlewares/Third_Party/FreeRTOS/Source/tasks.o
 .bss.uxPendedTicks
                0x00000000200007e4        0x4 Middlewares/Third_Party/FreeRTOS/Source/tasks.o
 .bss.xYieldPending
                0x00000000200007e8        0x4 Middlewares/Third_Party/FreeRTOS/Source/tasks.o
 .bss.xNumOfOverflows
                0x00000000200007ec        0x4 Middlewares/Third_Party/FreeRTOS/Source/tasks.o
 .bss.uxTaskNumber
                0x00000000200007f0        0x4 Middlewares/Third_Party/FreeRTOS/Source/tasks.o
 .bss.xNextTaskUnblockTime
                0x00000000200007f4        0x4 Middlewares/Third_Party/FreeRTOS/Source/tasks.o
 .bss.xIdleTaskHandle
                0x00000000200007f8        0x4 Middlewares/Third_Party/FreeRTOS/Source/tasks.o
 .bss.uxSchedulerSuspended
                0x00000000200007fc        0x4 Middlewares/Third_Party/FreeRTOS/Source/tasks.o
 .bss.xActiveTimerList1
                0x0000000020000800       0x14 Middlewares/Third_Party/FreeRTOS/Source/timers.o
 .bss.xActiveTimerList2
                0x0000000020000814       0x14 Middlewares/Third_Party/FreeRTOS/Source/timers.o
 .bss.pxCurrentTimerList
                0x0000000020000828        0x4 Middlewares/Third_Party/FreeRTOS/Source/timers.o
 .bss.pxOverflowTimerList
                0x000000002000082c        0x4 Middlewares/Third_Party/FreeRTOS/Source/timers.o
 .bss.xTimerQueue
                0x0000000020000830        0x4 Middlewares/Third_Party/FreeRTOS/Source/timers.o
 .bss.xTimerTaskHandle
                0x0000000020000834        0x4 Middlewares/Third_Party/FreeRTOS/Source/timers.o
 .bss.xLastTime.6734
                0x0000000020000838        0x4 Middlewares/Third_Party/FreeRTOS/Source/timers.o
 .bss.ucStaticTimerQueueStorage.6783
                0x000000002000083c       0x78 Middlewares/Third_Party/FreeRTOS/Source/timers.o
 .bss.xStaticTimerQueue.6782
                0x00000000200008b4       0x48 Middlewares/Third_Party/FreeRTOS/Source/timers.o
 .bss.ucMaxSysCallPriority
                0x00000000200008fc        0x1 Middlewares/Third_Party/FreeRTOS/Source/portable/GCC/ARM_CM4F/port.o
 *fill*         0x00000000200008fd        0x3 
 .bss.ulMaxPRIGROUPValue
                0x0000000020000900        0x4 Middlewares/Third_Party/FreeRTOS/Source/portable/GCC/ARM_CM4F/port.o
 .bss.ucHeap    0x0000000020000904     0x3c00 Middlewares/Third_Party/FreeRTOS/Source/portable/MemMang/heap_4.o
 .bss.xStart    0x0000000020004504        0x8 Middlewares/Third_Party/FreeRTOS/Source/portable/MemMang/heap_4.o
 .bss.pxEnd     0x000000002000450c        0x4 Middlewares/Third_Party/FreeRTOS/Source/portable/MemMang/heap_4.o
 .bss.xFreeBytesRemaining
                0x0000000020004510        0x4 Middlewares/Third_Party/FreeRTOS/Source/portable/MemMang/heap_4.o
 .bss.xMinimumEverFreeBytesRemaining
                0x0000000020004514        0x4 Middlewares/Third_Party/FreeRTOS/Source/portable/MemMang/heap_4.o
 .bss.xBlockAllocatedBit
                0x0000000020004518        0x4 Middlewares/Third_Party/FreeRTOS/Source/portable/MemMang/heap_4.o
 *(COMMON)
 COMMON         0x000000002000451c       0x50 Core/Src/main.o
                0x000000002000451c                defaultTaskHandle
                0x0000000020004520                Timer02Handle
                0x0000000020004524                Timer03Handle
                0x0000000020004528                Timer01Handle
                0x000000002000452c                huart2
 COMMON         0x000000002000456c        0x4 Drivers/STM32F4xx_HAL_Driver/Src/stm32f4xx_hal.o
                0x000000002000456c                uwTick
 COMMON         0x0000000020004570       0x40 Middlewares/Third_Party/FreeRTOS/Source/queue.o
                0x0000000020004570                xQueueRegistry
                0x00000000200045b0                . = ALIGN (0x4)
                0x00000000200045b0                _ebss = .
                0x00000000200045b0                __bss_end__ = _ebss

._user_heap_stack
                0x00000000200045b0      0x600 load address 0x0000000008004e80
                0x00000000200045b0                . = ALIGN (0x8)
                [!provide]                        PROVIDE (end = .)
                0x00000000200045b0                PROVIDE (_end = .)
                0x00000000200047b0                . = (. + _Min_Heap_Size)
 *fill*         0x00000000200045b0      0x200 
                0x0000000020004bb0                . = (. + _Min_Stack_Size)
 *fill*         0x00000000200047b0      0x400 
                0x0000000020004bb0                . = ALIGN (0x8)

/DISCARD/
 libc.a(*)
 libm.a(*)
 libgcc.a(*)

.ARM.attributes
                0x0000000000000000       0x30
 *(.ARM.attributes)
 .ARM.attributes
                0x0000000000000000       0x22 d:/embedded/stm32cubeide_1.5.1/stm32cubeide/plugins/com.st.stm32cube.ide.mcu.externaltools.gnu-tools-for-stm32.7-2018-q2-update.win32_1.5.0.202011040924/tools/bin/../lib/gcc/arm-none-eabi/7.3.1/thumb/v7e-m/fpv4-sp/hard/crti.o
 .ARM.attributes
                0x0000000000000022       0x34 d:/embedded/stm32cubeide_1.5.1/stm32cubeide/plugins/com.st.stm32cube.ide.mcu.externaltools.gnu-tools-for-stm32.7-2018-q2-update.win32_1.5.0.202011040924/tools/bin/../lib/gcc/arm-none-eabi/7.3.1/thumb/v7e-m/fpv4-sp/hard/crtbegin.o
 .ARM.attributes
                0x0000000000000056       0x39 Core/Src/freertos.o
 .ARM.attributes
                0x000000000000008f       0x39 Core/Src/main.o
 .ARM.attributes
                0x00000000000000c8       0x39 Core/Src/stm32f4xx_hal_msp.o
 .ARM.attributes
                0x0000000000000101       0x39 Core/Src/stm32f4xx_it.o
 .ARM.attributes
                0x000000000000013a       0x39 Core/Src/system_stm32f4xx.o
 .ARM.attributes
                0x0000000000000173       0x21 Core/Startup/startup_stm32f411retx.o
 .ARM.attributes
                0x0000000000000194       0x39 Drivers/STM32F4xx_HAL_Driver/Src/stm32f4xx_hal.o
 .ARM.attributes
                0x00000000000001cd       0x39 Drivers/STM32F4xx_HAL_Driver/Src/stm32f4xx_hal_cortex.o
 .ARM.attributes
                0x0000000000000206       0x39 Drivers/STM32F4xx_HAL_Driver/Src/stm32f4xx_hal_gpio.o
 .ARM.attributes
                0x000000000000023f       0x39 Drivers/STM32F4xx_HAL_Driver/Src/stm32f4xx_hal_rcc.o
 .ARM.attributes
                0x0000000000000278       0x39 Drivers/STM32F4xx_HAL_Driver/Src/stm32f4xx_hal_uart.o
 .ARM.attributes
                0x00000000000002b1       0x39 Middlewares/Third_Party/FreeRTOS/Source/CMSIS_RTOS/cmsis_os.o
 .ARM.attributes
                0x00000000000002ea       0x39 Middlewares/Third_Party/FreeRTOS/Source/list.o
 .ARM.attributes
                0x0000000000000323       0x39 Middlewares/Third_Party/FreeRTOS/Source/queue.o
 .ARM.attributes
                0x000000000000035c       0x39 Middlewares/Third_Party/FreeRTOS/Source/tasks.o
 .ARM.attributes
                0x0000000000000395       0x39 Middlewares/Third_Party/FreeRTOS/Source/timers.o
 .ARM.attributes
                0x00000000000003ce       0x39 Middlewares/Third_Party/FreeRTOS/Source/portable/GCC/ARM_CM4F/port.o
 .ARM.attributes
                0x0000000000000407       0x39 Middlewares/Third_Party/FreeRTOS/Source/portable/MemMang/heap_4.o
 .ARM.attributes
                0x0000000000000440       0x34 d:/embedded/stm32cubeide_1.5.1/stm32cubeide/plugins/com.st.stm32cube.ide.mcu.externaltools.gnu-tools-for-stm32.7-2018-q2-update.win32_1.5.0.202011040924/tools/bin/../lib/gcc/arm-none-eabi/7.3.1/../../../../arm-none-eabi/lib/thumb/v7e-m/fpv4-sp/hard\libc_nano.a(lib_a-init.o)
 .ARM.attributes
                0x0000000000000474       0x34 d:/embedded/stm32cubeide_1.5.1/stm32cubeide/plugins/com.st.stm32cube.ide.mcu.externaltools.gnu-tools-for-stm32.7-2018-q2-update.win32_1.5.0.202011040924/tools/bin/../lib/gcc/arm-none-eabi/7.3.1/../../../../arm-none-eabi/lib/thumb/v7e-m/fpv4-sp/hard\libc_nano.a(lib_a-memcpy-stub.o)
 .ARM.attributes
                0x00000000000004a8       0x34 d:/embedded/stm32cubeide_1.5.1/stm32cubeide/plugins/com.st.stm32cube.ide.mcu.externaltools.gnu-tools-for-stm32.7-2018-q2-update.win32_1.5.0.202011040924/tools/bin/../lib/gcc/arm-none-eabi/7.3.1/../../../../arm-none-eabi/lib/thumb/v7e-m/fpv4-sp/hard\libc_nano.a(lib_a-memset.o)
 .ARM.attributes
                0x00000000000004dc       0x22 d:/embedded/stm32cubeide_1.5.1/stm32cubeide/plugins/com.st.stm32cube.ide.mcu.externaltools.gnu-tools-for-stm32.7-2018-q2-update.win32_1.5.0.202011040924/tools/bin/../lib/gcc/arm-none-eabi/7.3.1/thumb/v7e-m/fpv4-sp/hard\libgcc.a(_aeabi_uldivmod.o)
 .ARM.attributes
                0x00000000000004fe       0x34 d:/embedded/stm32cubeide_1.5.1/stm32cubeide/plugins/com.st.stm32cube.ide.mcu.externaltools.gnu-tools-for-stm32.7-2018-q2-update.win32_1.5.0.202011040924/tools/bin/../lib/gcc/arm-none-eabi/7.3.1/thumb/v7e-m/fpv4-sp/hard\libgcc.a(_udivmoddi4.o)
 .ARM.attributes
                0x0000000000000532       0x22 d:/embedded/stm32cubeide_1.5.1/stm32cubeide/plugins/com.st.stm32cube.ide.mcu.externaltools.gnu-tools-for-stm32.7-2018-q2-update.win32_1.5.0.202011040924/tools/bin/../lib/gcc/arm-none-eabi/7.3.1/thumb/v7e-m/fpv4-sp/hard\libgcc.a(_dvmd_tls.o)
 .ARM.attributes
                0x0000000000000554       0x22 d:/embedded/stm32cubeide_1.5.1/stm32cubeide/plugins/com.st.stm32cube.ide.mcu.externaltools.gnu-tools-for-stm32.7-2018-q2-update.win32_1.5.0.202011040924/tools/bin/../lib/gcc/arm-none-eabi/7.3.1/thumb/v7e-m/fpv4-sp/hard/crtn.o
OUTPUT(Lab3-2.elf elf32-littlearm)

.debug_info     0x0000000000000000     0xf817
 .debug_info    0x0000000000000000      0x3b2 Core/Src/freertos.o
 .debug_info    0x00000000000003b2      0xffd Core/Src/main.o
 .debug_info    0x00000000000013af      0xaf7 Core/Src/stm32f4xx_hal_msp.o
 .debug_info    0x0000000000001ea6      0x1fa Core/Src/stm32f4xx_it.o
 .debug_info    0x00000000000020a0      0x57e Core/Src/system_stm32f4xx.o
 .debug_info    0x000000000000261e       0x22 Core/Startup/startup_stm32f411retx.o
 .debug_info    0x0000000000002640      0x8d5 Drivers/STM32F4xx_HAL_Driver/Src/stm32f4xx_hal.o
 .debug_info    0x0000000000002f15      0xd98 Drivers/STM32F4xx_HAL_Driver/Src/stm32f4xx_hal_cortex.o
 .debug_info    0x0000000000003cad      0x7d7 Drivers/STM32F4xx_HAL_Driver/Src/stm32f4xx_hal_gpio.o
 .debug_info    0x0000000000004484      0x92a Drivers/STM32F4xx_HAL_Driver/Src/stm32f4xx_hal_rcc.o
 .debug_info    0x0000000000004dae     0x1244 Drivers/STM32F4xx_HAL_Driver/Src/stm32f4xx_hal_uart.o
 .debug_info    0x0000000000005ff2     0x1ec7 Middlewares/Third_Party/FreeRTOS/Source/CMSIS_RTOS/cmsis_os.o
 .debug_info    0x0000000000007eb9      0xacb Middlewares/Third_Party/FreeRTOS/Source/list.o
 .debug_info    0x0000000000008984     0x2025 Middlewares/Third_Party/FreeRTOS/Source/queue.o
 .debug_info    0x000000000000a9a9     0x24fb Middlewares/Third_Party/FreeRTOS/Source/tasks.o
 .debug_info    0x000000000000cea4     0x1856 Middlewares/Third_Party/FreeRTOS/Source/timers.o
 .debug_info    0x000000000000e6fa      0x533 Middlewares/Third_Party/FreeRTOS/Source/portable/GCC/ARM_CM4F/port.o
 .debug_info    0x000000000000ec2d      0xbea Middlewares/Third_Party/FreeRTOS/Source/portable/MemMang/heap_4.o

.debug_abbrev   0x0000000000000000     0x257b
 .debug_abbrev  0x0000000000000000      0x121 Core/Src/freertos.o
 .debug_abbrev  0x0000000000000121      0x256 Core/Src/main.o
 .debug_abbrev  0x0000000000000377      0x195 Core/Src/stm32f4xx_hal_msp.o
 .debug_abbrev  0x000000000000050c       0xc6 Core/Src/stm32f4xx_it.o
 .debug_abbrev  0x00000000000005d2      0x12b Core/Src/system_stm32f4xx.o
 .debug_abbrev  0x00000000000006fd       0x12 Core/Startup/startup_stm32f411retx.o
 .debug_abbrev  0x000000000000070f      0x1f2 Drivers/STM32F4xx_HAL_Driver/Src/stm32f4xx_hal.o
 .debug_abbrev  0x0000000000000901      0x2fa Drivers/STM32F4xx_HAL_Driver/Src/stm32f4xx_hal_cortex.o
 .debug_abbrev  0x0000000000000bfb      0x1c9 Drivers/STM32F4xx_HAL_Driver/Src/stm32f4xx_hal_gpio.o
 .debug_abbrev  0x0000000000000dc4      0x245 Drivers/STM32F4xx_HAL_Driver/Src/stm32f4xx_hal_rcc.o
 .debug_abbrev  0x0000000000001009      0x251 Drivers/STM32F4xx_HAL_Driver/Src/stm32f4xx_hal_uart.o
 .debug_abbrev  0x000000000000125a      0x379 Middlewares/Third_Party/FreeRTOS/Source/CMSIS_RTOS/cmsis_os.o
 .debug_abbrev  0x00000000000015d3      0x1cf Middlewares/Third_Party/FreeRTOS/Source/list.o
 .debug_abbrev  0x00000000000017a2      0x336 Middlewares/Third_Party/FreeRTOS/Source/queue.o
 .debug_abbrev  0x0000000000001ad8      0x338 Middlewares/Third_Party/FreeRTOS/Source/tasks.o
 .debug_abbrev  0x0000000000001e10      0x2bd Middlewares/Third_Party/FreeRTOS/Source/timers.o
 .debug_abbrev  0x00000000000020cd      0x210 Middlewares/Third_Party/FreeRTOS/Source/portable/GCC/ARM_CM4F/port.o
 .debug_abbrev  0x00000000000022dd      0x29e Middlewares/Third_Party/FreeRTOS/Source/portable/MemMang/heap_4.o

.debug_aranges  0x0000000000000000      0xc80
 .debug_aranges
                0x0000000000000000       0x28 Core/Src/freertos.o
 .debug_aranges
                0x0000000000000028       0x60 Core/Src/main.o
 .debug_aranges
                0x0000000000000088       0x30 Core/Src/stm32f4xx_hal_msp.o
 .debug_aranges
                0x00000000000000b8       0x50 Core/Src/stm32f4xx_it.o
 .debug_aranges
                0x0000000000000108       0x28 Core/Src/system_stm32f4xx.o
 .debug_aranges
                0x0000000000000130       0x28 Core/Startup/startup_stm32f411retx.o
 .debug_aranges
                0x0000000000000158       0xf0 Drivers/STM32F4xx_HAL_Driver/Src/stm32f4xx_hal.o
 .debug_aranges
                0x0000000000000248      0x118 Drivers/STM32F4xx_HAL_Driver/Src/stm32f4xx_hal_cortex.o
 .debug_aranges
                0x0000000000000360       0x58 Drivers/STM32F4xx_HAL_Driver/Src/stm32f4xx_hal_gpio.o
 .debug_aranges
                0x00000000000003b8       0x88 Drivers/STM32F4xx_HAL_Driver/Src/stm32f4xx_hal_rcc.o
 .debug_aranges
                0x0000000000000440      0x1d0 Drivers/STM32F4xx_HAL_Driver/Src/stm32f4xx_hal_uart.o
 .debug_aranges
                0x0000000000000610      0x1d8 Middlewares/Third_Party/FreeRTOS/Source/CMSIS_RTOS/cmsis_os.o
 .debug_aranges
                0x00000000000007e8       0x40 Middlewares/Third_Party/FreeRTOS/Source/list.o
 .debug_aranges
                0x0000000000000828      0x110 Middlewares/Third_Party/FreeRTOS/Source/queue.o
 .debug_aranges
                0x0000000000000938      0x1b0 Middlewares/Third_Party/FreeRTOS/Source/tasks.o
 .debug_aranges
                0x0000000000000ae8       0xc8 Middlewares/Third_Party/FreeRTOS/Source/timers.o
 .debug_aranges
                0x0000000000000bb0       0x80 Middlewares/Third_Party/FreeRTOS/Source/portable/GCC/ARM_CM4F/port.o
 .debug_aranges
                0x0000000000000c30       0x50 Middlewares/Third_Party/FreeRTOS/Source/portable/MemMang/heap_4.o

.debug_ranges   0x0000000000000000      0xb68
 .debug_ranges  0x0000000000000000       0x18 Core/Src/freertos.o
 .debug_ranges  0x0000000000000018       0x50 Core/Src/main.o
 .debug_ranges  0x0000000000000068       0x20 Core/Src/stm32f4xx_hal_msp.o
 .debug_ranges  0x0000000000000088       0x40 Core/Src/stm32f4xx_it.o
 .debug_ranges  0x00000000000000c8       0x18 Core/Src/system_stm32f4xx.o
 .debug_ranges  0x00000000000000e0       0x20 Core/Startup/startup_stm32f411retx.o
 .debug_ranges  0x0000000000000100       0xe0 Drivers/STM32F4xx_HAL_Driver/Src/stm32f4xx_hal.o
 .debug_ranges  0x00000000000001e0      0x108 Drivers/STM32F4xx_HAL_Driver/Src/stm32f4xx_hal_cortex.o
 .debug_ranges  0x00000000000002e8       0x48 Drivers/STM32F4xx_HAL_Driver/Src/stm32f4xx_hal_gpio.o
 .debug_ranges  0x0000000000000330       0x78 Drivers/STM32F4xx_HAL_Driver/Src/stm32f4xx_hal_rcc.o
 .debug_ranges  0x00000000000003a8      0x1c0 Drivers/STM32F4xx_HAL_Driver/Src/stm32f4xx_hal_uart.o
 .debug_ranges  0x0000000000000568      0x1c8 Middlewares/Third_Party/FreeRTOS/Source/CMSIS_RTOS/cmsis_os.o
 .debug_ranges  0x0000000000000730       0x30 Middlewares/Third_Party/FreeRTOS/Source/list.o
 .debug_ranges  0x0000000000000760      0x100 Middlewares/Third_Party/FreeRTOS/Source/queue.o
 .debug_ranges  0x0000000000000860      0x1a0 Middlewares/Third_Party/FreeRTOS/Source/tasks.o
 .debug_ranges  0x0000000000000a00       0xb8 Middlewares/Third_Party/FreeRTOS/Source/timers.o
 .debug_ranges  0x0000000000000ab8       0x70 Middlewares/Third_Party/FreeRTOS/Source/portable/GCC/ARM_CM4F/port.o
 .debug_ranges  0x0000000000000b28       0x40 Middlewares/Third_Party/FreeRTOS/Source/portable/MemMang/heap_4.o

.debug_macro    0x0000000000000000    0x166d5
 .debug_macro   0x0000000000000000      0x231 Core/Src/freertos.o
 .debug_macro   0x0000000000000231      0xa5a Core/Src/freertos.o
 .debug_macro   0x0000000000000c8b      0x174 Core/Src/freertos.o
 .debug_macro   0x0000000000000dff       0x22 Core/Src/freertos.o
 .debug_macro   0x0000000000000e21       0x8e Core/Src/freertos.o
 .debug_macro   0x0000000000000eaf       0x51 Core/Src/freertos.o
 .debug_macro   0x0000000000000f00       0xef Core/Src/freertos.o
 .debug_macro   0x0000000000000fef       0x6a Core/Src/freertos.o
 .debug_macro   0x0000000000001059      0x1df Core/Src/freertos.o
 .debug_macro   0x0000000000001238       0xfd Core/Src/freertos.o
 .debug_macro   0x0000000000001335      0x15a Core/Src/freertos.o
 .debug_macro   0x000000000000148f       0xde Core/Src/freertos.o
 .debug_macro   0x000000000000156d       0x1c Core/Src/freertos.o
 .debug_macro   0x0000000000001589       0x26 Core/Src/freertos.o
 .debug_macro   0x00000000000015af      0x4e1 Core/Src/freertos.o
 .debug_macro   0x0000000000001a90       0xb5 Core/Src/freertos.o
 .debug_macro   0x0000000000001b45       0xaa Core/Src/freertos.o
 .debug_macro   0x0000000000001bef      0x28e Core/Src/freertos.o
 .debug_macro   0x0000000000001e7d       0x2e Core/Src/freertos.o
 .debug_macro   0x0000000000001eab       0x28 Core/Src/freertos.o
 .debug_macro   0x0000000000001ed3       0x1c Core/Src/freertos.o
 .debug_macro   0x0000000000001eef       0x22 Core/Src/freertos.o
 .debug_macro   0x0000000000001f11       0xdf Core/Src/freertos.o
 .debug_macro   0x0000000000001ff0     0x102d Core/Src/freertos.o
 .debug_macro   0x000000000000301d      0x11f Core/Src/freertos.o
 .debug_macro   0x000000000000313c     0xb937 Core/Src/freertos.o
 .debug_macro   0x000000000000ea73       0x43 Core/Src/freertos.o
 .debug_macro   0x000000000000eab6     0x3659 Core/Src/freertos.o
 .debug_macro   0x000000000001210f       0x5a Core/Src/freertos.o
 .debug_macro   0x0000000000012169      0x447 Core/Src/freertos.o
 .debug_macro   0x00000000000125b0      0x9fe Core/Src/freertos.o
 .debug_macro   0x0000000000012fae      0x117 Core/Src/freertos.o
 .debug_macro   0x00000000000130c5      0x11b Core/Src/freertos.o
 .debug_macro   0x00000000000131e0       0x27 Core/Src/freertos.o
 .debug_macro   0x0000000000013207      0x15f Core/Src/freertos.o
 .debug_macro   0x0000000000013366      0x287 Core/Src/freertos.o
 .debug_macro   0x00000000000135ed       0x5f Core/Src/freertos.o
 .debug_macro   0x000000000001364c      0x236 Core/Src/freertos.o
 .debug_macro   0x0000000000013882      0x132 Core/Src/freertos.o
 .debug_macro   0x00000000000139b4      0x264 Core/Src/freertos.o
 .debug_macro   0x0000000000013c18       0x2e Core/Src/freertos.o
 .debug_macro   0x0000000000013c46      0x11a Core/Src/freertos.o
 .debug_macro   0x0000000000013d60       0x85 Core/Src/freertos.o
 .debug_macro   0x0000000000013de5       0x89 Core/Src/freertos.o
 .debug_macro   0x0000000000013e6e      0x287 Core/Src/freertos.o
 .debug_macro   0x00000000000140f5      0x126 Core/Src/freertos.o
 .debug_macro   0x000000000001421b       0x58 Core/Src/freertos.o
 .debug_macro   0x0000000000014273      0x27c Core/Src/main.o
 .debug_macro   0x00000000000144ef       0xfd Core/Src/main.o
 .debug_macro   0x00000000000145ec       0x91 Core/Src/main.o
 .debug_macro   0x000000000001467d       0x8d Core/Src/main.o
 .debug_macro   0x000000000001470a       0x7e Core/Src/main.o
 .debug_macro   0x0000000000014788       0x19 Core/Src/main.o
 .debug_macro   0x00000000000147a1       0xf2 Core/Src/main.o
 .debug_macro   0x0000000000014893      0x1c9 Core/Src/stm32f4xx_hal_msp.o
 .debug_macro   0x0000000000014a5c      0x23b Core/Src/stm32f4xx_it.o
 .debug_macro   0x0000000000014c97      0x1c0 Core/Src/system_stm32f4xx.o
 .debug_macro   0x0000000000014e57      0x21a Drivers/STM32F4xx_HAL_Driver/Src/stm32f4xx_hal.o
 .debug_macro   0x0000000000015071      0x1ba Drivers/STM32F4xx_HAL_Driver/Src/stm32f4xx_hal_cortex.o
 .debug_macro   0x000000000001522b      0x1f0 Drivers/STM32F4xx_HAL_Driver/Src/stm32f4xx_hal_gpio.o
 .debug_macro   0x000000000001541b      0x1de Drivers/STM32F4xx_HAL_Driver/Src/stm32f4xx_hal_rcc.o
 .debug_macro   0x00000000000155f9      0x1bb Drivers/STM32F4xx_HAL_Driver/Src/stm32f4xx_hal_uart.o
 .debug_macro   0x00000000000157b4      0x1f1 Middlewares/Third_Party/FreeRTOS/Source/CMSIS_RTOS/cmsis_os.o
 .debug_macro   0x00000000000159a5       0x10 Middlewares/Third_Party/FreeRTOS/Source/CMSIS_RTOS/cmsis_os.o
 .debug_macro   0x00000000000159b5       0x20 Middlewares/Third_Party/FreeRTOS/Source/CMSIS_RTOS/cmsis_os.o
 .debug_macro   0x00000000000159d5       0xc7 Middlewares/Third_Party/FreeRTOS/Source/CMSIS_RTOS/cmsis_os.o
 .debug_macro   0x0000000000015a9c      0x17a Middlewares/Third_Party/FreeRTOS/Source/list.o
 .debug_macro   0x0000000000015c16      0x209 Middlewares/Third_Party/FreeRTOS/Source/queue.o
 .debug_macro   0x0000000000015e1f       0x16 Middlewares/Third_Party/FreeRTOS/Source/queue.o
 .debug_macro   0x0000000000015e35       0x87 Middlewares/Third_Party/FreeRTOS/Source/queue.o
 .debug_macro   0x0000000000015ebc      0x26c Middlewares/Third_Party/FreeRTOS/Source/tasks.o
 .debug_macro   0x0000000000016128       0x10 Middlewares/Third_Party/FreeRTOS/Source/tasks.o
 .debug_macro   0x0000000000016138      0x1cf Middlewares/Third_Party/FreeRTOS/Source/timers.o
 .debug_macro   0x0000000000016307       0x97 Middlewares/Third_Party/FreeRTOS/Source/timers.o
 .debug_macro   0x000000000001639e      0x196 Middlewares/Third_Party/FreeRTOS/Source/portable/GCC/ARM_CM4F/port.o
 .debug_macro   0x0000000000016534      0x1a1 Middlewares/Third_Party/FreeRTOS/Source/portable/MemMang/heap_4.o

.debug_line     0x0000000000000000     0xa7e0
 .debug_line    0x0000000000000000      0x7b7 Core/Src/freertos.o
 .debug_line    0x00000000000007b7      0x8ff Core/Src/main.o
 .debug_line    0x00000000000010b6      0x6d8 Core/Src/stm32f4xx_hal_msp.o
 .debug_line    0x000000000000178e      0x833 Core/Src/stm32f4xx_it.o
 .debug_line    0x0000000000001fc1      0x6c3 Core/Src/system_stm32f4xx.o
 .debug_line    0x0000000000002684       0x85 Core/Startup/startup_stm32f411retx.o
 .debug_line    0x0000000000002709      0x8ad Drivers/STM32F4xx_HAL_Driver/Src/stm32f4xx_hal.o
 .debug_line    0x0000000000002fb6      0x9d1 Drivers/STM32F4xx_HAL_Driver/Src/stm32f4xx_hal_cortex.o
 .debug_line    0x0000000000003987      0x850 Drivers/STM32F4xx_HAL_Driver/Src/stm32f4xx_hal_gpio.o
 .debug_line    0x00000000000041d7      0x905 Drivers/STM32F4xx_HAL_Driver/Src/stm32f4xx_hal_rcc.o
 .debug_line    0x0000000000004adc      0xfbb Drivers/STM32F4xx_HAL_Driver/Src/stm32f4xx_hal_uart.o
 .debug_line    0x0000000000005a97      0xd2f Middlewares/Third_Party/FreeRTOS/Source/CMSIS_RTOS/cmsis_os.o
 .debug_line    0x00000000000067c6      0x68a Middlewares/Third_Party/FreeRTOS/Source/list.o
 .debug_line    0x0000000000006e50      0xfc6 Middlewares/Third_Party/FreeRTOS/Source/queue.o
 .debug_line    0x0000000000007e16     0x1181 Middlewares/Third_Party/FreeRTOS/Source/tasks.o
 .debug_line    0x0000000000008f97      0xa1e Middlewares/Third_Party/FreeRTOS/Source/timers.o
 .debug_line    0x00000000000099b5      0x6bb Middlewares/Third_Party/FreeRTOS/Source/portable/GCC/ARM_CM4F/port.o
 .debug_line    0x000000000000a070      0x770 Middlewares/Third_Party/FreeRTOS/Source/portable/MemMang/heap_4.o

.debug_str      0x0000000000000000    0x8d37c
 .debug_str     0x0000000000000000    0x82de5 Core/Src/freertos.o
                                      0x830af (size before relaxing)
 .debug_str     0x0000000000082de5     0x2b53 Core/Src/main.o
                                      0x85b63 (size before relaxing)
 .debug_str     0x0000000000085938      0x3e2 Core/Src/stm32f4xx_hal_msp.o
                                      0x7facb (size before relaxing)
 .debug_str     0x0000000000085d1a       0xa2 Core/Src/stm32f4xx_it.o
                                      0x82f7c (size before relaxing)
 .debug_str     0x0000000000085dbc       0xc4 Core/Src/system_stm32f4xx.o
                                      0x7f1f4 (size before relaxing)
 .debug_str     0x0000000000085e80       0x36 Core/Startup/startup_stm32f411retx.o
                                         0x53 (size before relaxing)
 .debug_str     0x0000000000085eb6      0x58d Drivers/STM32F4xx_HAL_Driver/Src/stm32f4xx_hal.o
                                      0x7fb69 (size before relaxing)
 .debug_str     0x0000000000086443      0x389 Drivers/STM32F4xx_HAL_Driver/Src/stm32f4xx_hal_cortex.o
                                      0x7f946 (size before relaxing)
 .debug_str     0x00000000000867cc      0x20c Drivers/STM32F4xx_HAL_Driver/Src/stm32f4xx_hal_gpio.o
                                      0x7f433 (size before relaxing)
 .debug_str     0x00000000000869d8      0x259 Drivers/STM32F4xx_HAL_Driver/Src/stm32f4xx_hal_rcc.o
                                      0x7f5e1 (size before relaxing)
 .debug_str     0x0000000000086c31      0x527 Drivers/STM32F4xx_HAL_Driver/Src/stm32f4xx_hal_uart.o
                                      0x7fa2e (size before relaxing)
 .debug_str     0x0000000000087158     0x3724 Middlewares/Third_Party/FreeRTOS/Source/CMSIS_RTOS/cmsis_os.o
                                       0xe16c (size before relaxing)
 .debug_str     0x000000000008a87c      0x219 Middlewares/Third_Party/FreeRTOS/Source/list.o
                                       0xa786 (size before relaxing)
 .debug_str     0x000000000008aa95      0x82d Middlewares/Third_Party/FreeRTOS/Source/queue.o
                                       0xbfa3 (size before relaxing)
 .debug_str     0x000000000008b2c2     0x113a Middlewares/Third_Party/FreeRTOS/Source/tasks.o
                                       0xc9d9 (size before relaxing)
 .debug_str     0x000000000008c3fc      0x518 Middlewares/Third_Party/FreeRTOS/Source/timers.o
                                       0xc54a (size before relaxing)
 .debug_str     0x000000000008c914      0x817 Middlewares/Third_Party/FreeRTOS/Source/portable/GCC/ARM_CM4F/port.o
                                       0x8553 (size before relaxing)
 .debug_str     0x000000000008d12b      0x251 Middlewares/Third_Party/FreeRTOS/Source/portable/MemMang/heap_4.o
                                       0xaf79 (size before relaxing)

.comment        0x0000000000000000       0x7b
 .comment       0x0000000000000000       0x7b Core/Src/freertos.o
                                         0x7c (size before relaxing)
 .comment       0x000000000000007b       0x7c Core/Src/main.o
 .comment       0x000000000000007b       0x7c Core/Src/stm32f4xx_hal_msp.o
 .comment       0x000000000000007b       0x7c Core/Src/stm32f4xx_it.o
 .comment       0x000000000000007b       0x7c Core/Src/system_stm32f4xx.o
 .comment       0x000000000000007b       0x7c Drivers/STM32F4xx_HAL_Driver/Src/stm32f4xx_hal.o
 .comment       0x000000000000007b       0x7c Drivers/STM32F4xx_HAL_Driver/Src/stm32f4xx_hal_cortex.o
 .comment       0x000000000000007b       0x7c Drivers/STM32F4xx_HAL_Driver/Src/stm32f4xx_hal_gpio.o
 .comment       0x000000000000007b       0x7c Drivers/STM32F4xx_HAL_Driver/Src/stm32f4xx_hal_rcc.o
 .comment       0x000000000000007b       0x7c Drivers/STM32F4xx_HAL_Driver/Src/stm32f4xx_hal_uart.o
 .comment       0x000000000000007b       0x7c Middlewares/Third_Party/FreeRTOS/Source/CMSIS_RTOS/cmsis_os.o
 .comment       0x000000000000007b       0x7c Middlewares/Third_Party/FreeRTOS/Source/list.o
 .comment       0x000000000000007b       0x7c Middlewares/Third_Party/FreeRTOS/Source/queue.o
 .comment       0x000000000000007b       0x7c Middlewares/Third_Party/FreeRTOS/Source/tasks.o
 .comment       0x000000000000007b       0x7c Middlewares/Third_Party/FreeRTOS/Source/timers.o
 .comment       0x000000000000007b       0x7c Middlewares/Third_Party/FreeRTOS/Source/portable/GCC/ARM_CM4F/port.o
 .comment       0x000000000000007b       0x7c Middlewares/Third_Party/FreeRTOS/Source/portable/MemMang/heap_4.o

.debug_frame    0x0000000000000000     0x3244
 .debug_frame   0x0000000000000000       0x60 Core/Src/freertos.o
 .debug_frame   0x0000000000000060      0x13c Core/Src/main.o
 .debug_frame   0x000000000000019c       0x7c Core/Src/stm32f4xx_hal_msp.o
 .debug_frame   0x0000000000000218       0xc4 Core/Src/stm32f4xx_it.o
 .debug_frame   0x00000000000002dc       0x58 Core/Src/system_stm32f4xx.o
 .debug_frame   0x0000000000000334      0x374 Drivers/STM32F4xx_HAL_Driver/Src/stm32f4xx_hal.o
 .debug_frame   0x00000000000006a8      0x498 Drivers/STM32F4xx_HAL_Driver/Src/stm32f4xx_hal_cortex.o
 .debug_frame   0x0000000000000b40      0x14c Drivers/STM32F4xx_HAL_Driver/Src/stm32f4xx_hal_gpio.o
 .debug_frame   0x0000000000000c8c      0x1f0 Drivers/STM32F4xx_HAL_Driver/Src/stm32f4xx_hal_rcc.o
 .debug_frame   0x0000000000000e7c      0x844 Drivers/STM32F4xx_HAL_Driver/Src/stm32f4xx_hal_uart.o
 .debug_frame   0x00000000000016c0      0x7fc Middlewares/Third_Party/FreeRTOS/Source/CMSIS_RTOS/cmsis_os.o
 .debug_frame   0x0000000000001ebc       0xd8 Middlewares/Third_Party/FreeRTOS/Source/list.o
 .debug_frame   0x0000000000001f94      0x490 Middlewares/Third_Party/FreeRTOS/Source/queue.o
 .debug_frame   0x0000000000002424      0x758 Middlewares/Third_Party/FreeRTOS/Source/tasks.o
 .debug_frame   0x0000000000002b7c      0x344 Middlewares/Third_Party/FreeRTOS/Source/timers.o
 .debug_frame   0x0000000000002ec0      0x1a8 Middlewares/Third_Party/FreeRTOS/Source/portable/GCC/ARM_CM4F/port.o
 .debug_frame   0x0000000000003068      0x108 Middlewares/Third_Party/FreeRTOS/Source/portable/MemMang/heap_4.o
 .debug_frame   0x0000000000003170       0x2c d:/embedded/stm32cubeide_1.5.1/stm32cubeide/plugins/com.st.stm32cube.ide.mcu.externaltools.gnu-tools-for-stm32.7-2018-q2-update.win32_1.5.0.202011040924/tools/bin/../lib/gcc/arm-none-eabi/7.3.1/../../../../arm-none-eabi/lib/thumb/v7e-m/fpv4-sp/hard\libc_nano.a(lib_a-init.o)
 .debug_frame   0x000000000000319c       0x28 d:/embedded/stm32cubeide_1.5.1/stm32cubeide/plugins/com.st.stm32cube.ide.mcu.externaltools.gnu-tools-for-stm32.7-2018-q2-update.win32_1.5.0.202011040924/tools/bin/../lib/gcc/arm-none-eabi/7.3.1/../../../../arm-none-eabi/lib/thumb/v7e-m/fpv4-sp/hard\libc_nano.a(lib_a-memcpy-stub.o)
 .debug_frame   0x00000000000031c4       0x20 d:/embedded/stm32cubeide_1.5.1/stm32cubeide/plugins/com.st.stm32cube.ide.mcu.externaltools.gnu-tools-for-stm32.7-2018-q2-update.win32_1.5.0.202011040924/tools/bin/../lib/gcc/arm-none-eabi/7.3.1/../../../../arm-none-eabi/lib/thumb/v7e-m/fpv4-sp/hard\libc_nano.a(lib_a-memset.o)
 .debug_frame   0x00000000000031e4       0x2c d:/embedded/stm32cubeide_1.5.1/stm32cubeide/plugins/com.st.stm32cube.ide.mcu.externaltools.gnu-tools-for-stm32.7-2018-q2-update.win32_1.5.0.202011040924/tools/bin/../lib/gcc/arm-none-eabi/7.3.1/thumb/v7e-m/fpv4-sp/hard\libgcc.a(_aeabi_uldivmod.o)
 .debug_frame   0x0000000000003210       0x34 d:/embedded/stm32cubeide_1.5.1/stm32cubeide/plugins/com.st.stm32cube.ide.mcu.externaltools.gnu-tools-for-stm32.7-2018-q2-update.win32_1.5.0.202011040924/tools/bin/../lib/gcc/arm-none-eabi/7.3.1/thumb/v7e-m/fpv4-sp/hard\libgcc.a(_udivmoddi4.o)
