Archive member included to satisfy reference by file (symbol)

d:/embedded/stm32cubeide_1.5.1/stm32cubeide/plugins/com.st.stm32cube.ide.mcu.externaltools.gnu-tools-for-stm32.7-2018-q2-update.win32_1.5.0.202011040924/tools/bin/../lib/gcc/arm-none-eabi/7.3.1/../../../../arm-none-eabi/lib/thumb/v7e-m/fpv4-sp/hard\libc_nano.a(lib_a-errno.o)
                              Core/Src/syscalls.o (__errno)
d:/embedded/stm32cubeide_1.5.1/stm32cubeide/plugins/com.st.stm32cube.ide.mcu.externaltools.gnu-tools-for-stm32.7-2018-q2-update.win32_1.5.0.202011040924/tools/bin/../lib/gcc/arm-none-eabi/7.3.1/../../../../arm-none-eabi/lib/thumb/v7e-m/fpv4-sp/hard\libc_nano.a(lib_a-exit.o)
                              d:/embedded/stm32cubeide_1.5.1/stm32cubeide/plugins/com.st.stm32cube.ide.mcu.externaltools.gnu-tools-for-stm32.7-2018-q2-update.win32_1.5.0.202011040924/tools/bin/../lib/gcc/arm-none-eabi/7.3.1/../../../../arm-none-eabi/lib/thumb/v7e-m/fpv4-sp/hard/crt0.o (exit)
d:/embedded/stm32cubeide_1.5.1/stm32cubeide/plugins/com.st.stm32cube.ide.mcu.externaltools.gnu-tools-for-stm32.7-2018-q2-update.win32_1.5.0.202011040924/tools/bin/../lib/gcc/arm-none-eabi/7.3.1/../../../../arm-none-eabi/lib/thumb/v7e-m/fpv4-sp/hard\libc_nano.a(lib_a-impure.o)
                              d:/embedded/stm32cubeide_1.5.1/stm32cubeide/plugins/com.st.stm32cube.ide.mcu.externaltools.gnu-tools-for-stm32.7-2018-q2-update.win32_1.5.0.202011040924/tools/bin/../lib/gcc/arm-none-eabi/7.3.1/../../../../arm-none-eabi/lib/thumb/v7e-m/fpv4-sp/hard\libc_nano.a(lib_a-exit.o) (_global_impure_ptr)
d:/embedded/stm32cubeide_1.5.1/stm32cubeide/plugins/com.st.stm32cube.ide.mcu.externaltools.gnu-tools-for-stm32.7-2018-q2-update.win32_1.5.0.202011040924/tools/bin/../lib/gcc/arm-none-eabi/7.3.1/../../../../arm-none-eabi/lib/thumb/v7e-m/fpv4-sp/hard\libc_nano.a(lib_a-init.o)
                              d:/embedded/stm32cubeide_1.5.1/stm32cubeide/plugins/com.st.stm32cube.ide.mcu.externaltools.gnu-tools-for-stm32.7-2018-q2-update.win32_1.5.0.202011040924/tools/bin/../lib/gcc/arm-none-eabi/7.3.1/../../../../arm-none-eabi/lib/thumb/v7e-m/fpv4-sp/hard/crt0.o (__libc_init_array)
d:/embedded/stm32cubeide_1.5.1/stm32cubeide/plugins/com.st.stm32cube.ide.mcu.externaltools.gnu-tools-for-stm32.7-2018-q2-update.win32_1.5.0.202011040924/tools/bin/../lib/gcc/arm-none-eabi/7.3.1/../../../../arm-none-eabi/lib/thumb/v7e-m/fpv4-sp/hard\libc_nano.a(lib_a-memcpy-stub.o)
                              Middlewares/Third_Party/FreeRTOS/Source/queue.o (memcpy)
d:/embedded/stm32cubeide_1.5.1/stm32cubeide/plugins/com.st.stm32cube.ide.mcu.externaltools.gnu-tools-for-stm32.7-2018-q2-update.win32_1.5.0.202011040924/tools/bin/../lib/gcc/arm-none-eabi/7.3.1/../../../../arm-none-eabi/lib/thumb/v7e-m/fpv4-sp/hard\libc_nano.a(lib_a-memset.o)
                              d:/embedded/stm32cubeide_1.5.1/stm32cubeide/plugins/com.st.stm32cube.ide.mcu.externaltools.gnu-tools-for-stm32.7-2018-q2-update.win32_1.5.0.202011040924/tools/bin/../lib/gcc/arm-none-eabi/7.3.1/../../../../arm-none-eabi/lib/thumb/v7e-m/fpv4-sp/hard/crt0.o (memset)
d:/embedded/stm32cubeide_1.5.1/stm32cubeide/plugins/com.st.stm32cube.ide.mcu.externaltools.gnu-tools-for-stm32.7-2018-q2-update.win32_1.5.0.202011040924/tools/bin/../lib/gcc/arm-none-eabi/7.3.1/../../../../arm-none-eabi/lib/thumb/v7e-m/fpv4-sp/hard\libc_nano.a(lib_a-sprintf.o)
                              Core/Src/main.o (sprintf)
d:/embedded/stm32cubeide_1.5.1/stm32cubeide/plugins/com.st.stm32cube.ide.mcu.externaltools.gnu-tools-for-stm32.7-2018-q2-update.win32_1.5.0.202011040924/tools/bin/../lib/gcc/arm-none-eabi/7.3.1/../../../../arm-none-eabi/lib/thumb/v7e-m/fpv4-sp/hard\libc_nano.a(lib_a-strlen.o)
                              Core/Src/main.o (strlen)
d:/embedded/stm32cubeide_1.5.1/stm32cubeide/plugins/com.st.stm32cube.ide.mcu.externaltools.gnu-tools-for-stm32.7-2018-q2-update.win32_1.5.0.202011040924/tools/bin/../lib/gcc/arm-none-eabi/7.3.1/../../../../arm-none-eabi/lib/thumb/v7e-m/fpv4-sp/hard\libc_nano.a(lib_a-nano-svfprintf.o)
                              d:/embedded/stm32cubeide_1.5.1/stm32cubeide/plugins/com.st.stm32cube.ide.mcu.externaltools.gnu-tools-for-stm32.7-2018-q2-update.win32_1.5.0.202011040924/tools/bin/../lib/gcc/arm-none-eabi/7.3.1/../../../../arm-none-eabi/lib/thumb/v7e-m/fpv4-sp/hard\libc_nano.a(lib_a-sprintf.o) (_svfprintf_r)
d:/embedded/stm32cubeide_1.5.1/stm32cubeide/plugins/com.st.stm32cube.ide.mcu.externaltools.gnu-tools-for-stm32.7-2018-q2-update.win32_1.5.0.202011040924/tools/bin/../lib/gcc/arm-none-eabi/7.3.1/../../../../arm-none-eabi/lib/thumb/v7e-m/fpv4-sp/hard\libc_nano.a(lib_a-nano-vfprintf_i.o)
                              d:/embedded/stm32cubeide_1.5.1/stm32cubeide/plugins/com.st.stm32cube.ide.mcu.externaltools.gnu-tools-for-stm32.7-2018-q2-update.win32_1.5.0.202011040924/tools/bin/../lib/gcc/arm-none-eabi/7.3.1/../../../../arm-none-eabi/lib/thumb/v7e-m/fpv4-sp/hard\libc_nano.a(lib_a-nano-svfprintf.o) (_printf_i)
[...]
Memory Configuration

Name             Origin             Length             Attributes
RAM              0x0000000020000000 0x0000000000020000 xrw
FLASH            0x0000000008000000 0x0000000000080000 xr
*default*        0x0000000000000000 0xffffffffffffffff

Linker script and memory map

LOAD d:/embedded/stm32cubeide_1.5.1/stm32cubeide/plugins/com.st.stm32cube.ide.mcu.externaltools.gnu-tools-for-stm32.7-2018-q2-update.win32_1.5.0.202011040924/tools/bin/../lib/gcc/arm-none-eabi/7.3.1/thumb/v7e-m/fpv4-sp/hard/crti.o
LOAD d:/embedded/stm32cubeide_1.5.1/stm32cubeide/plugins/com.st.stm32cube.ide.mcu.externaltools.gnu-tools-for-stm32.7-2018-q2-update.win32_1.5.0.202011040924/tools/bin/../lib/gcc/arm-none-eabi/7.3.1/thumb/v7e-m/fpv4-sp/hard/crtbegin.o
LOAD d:/embedded/stm32cubeide_1.5.1/stm32cubeide/plugins/com.st.stm32cube.ide.mcu.externaltools.gnu-tools-for-stm32.7-2018-q2-update.win32_1.5.0.202011040924/tools/bin/../lib/gcc/arm-none-eabi/7.3.1/../../../../arm-none-eabi/lib/thumb/v7e-m/fpv4-sp/hard/crt0.o
LOAD Core/Src/freertos.o
LOAD Core/Src/main.o
LOAD Core/Src/stm32f4xx_hal_msp.o
LOAD Core/Src/stm32f4xx_it.o
LOAD Core/Src/syscalls.o
LOAD Core/Src/sysmem.o
LOAD Core/Src/system_stm32f4xx.o
LOAD Core/Startup/startup_stm32f411retx.o
LOAD Drivers/STM32F4xx_HAL_Driver/Src/stm32f4xx_hal.o
LOAD Drivers/STM32F4xx_HAL_Driver/Src/stm32f4xx_hal_cortex.o
LOAD Drivers/STM32F4xx_HAL_Driver/Src/stm32f4xx_hal_dma.o
LOAD Drivers/STM32F4xx_HAL_Driver/Src/stm32f4xx_hal_dma_ex.o
LOAD Drivers/STM32F4xx_HAL_Driver/Src/stm32f4xx_hal_exti.o
LOAD Drivers/STM32F4xx_HAL_Driver/Src/stm32f4xx_hal_flash.o
LOAD Drivers/STM32F4xx_HAL_Driver/Src/stm32f4xx_hal_flash_ex.o
LOAD Drivers/STM32F4xx_HAL_Driver/Src/stm32f4xx_hal_flash_ramfunc.o
LOAD Drivers/STM32F4xx_HAL_Driver/Src/stm32f4xx_hal_gpio.o
LOAD Drivers/STM32F4xx_HAL_Driver/Src/stm32f4xx_hal_pwr.o
LOAD Drivers/STM32F4xx_HAL_Driver/Src/stm32f4xx_hal_pwr_ex.o
LOAD Drivers/STM32F4xx_HAL_Driver/Src/stm32f4xx_hal_rcc.o
LOAD Drivers/STM32F4xx_HAL_Driver/Src/stm32f4xx_hal_rcc_ex.o
LOAD Drivers/STM32F4xx_HAL_Driver/Src/stm32f4xx_hal_tim.o
LOAD Drivers/STM32F4xx_HAL_Driver/Src/stm32f4xx_hal_tim_ex.o
LOAD Drivers/STM32F4xx_HAL_Driver/Src/stm32f4xx_hal_uart.o
LOAD Middlewares/Third_Party/FreeRTOS/Source/CMSIS_RTOS/cmsis_os.o
LOAD Middlewares/Third_Party/FreeRTOS/Source/croutine.o
LOAD Middlewares/Third_Party/FreeRTOS/Source/event_groups.o
LOAD Middlewares/Third_Party/FreeRTOS/Source/list.o
LOAD Middlewares/Third_Party/FreeRTOS/Source/queue.o
LOAD Middlewares/Third_Party/FreeRTOS/Source/stream_buffer.o
LOAD Middlewares/Third_Party/FreeRTOS/Source/tasks.o
LOAD Middlewares/Third_Party/FreeRTOS/Source/timers.o
LOAD Middlewares/Third_Party/FreeRTOS/Source/portable/GCC/ARM_CM4F/port.o
LOAD Middlewares/Third_Party/FreeRTOS/Source/portable/MemMang/heap_4.o
START GROUP
LOAD d:/embedded/stm32cubeide_1.5.1/stm32cubeide/plugins/com.st.stm32cube.ide.mcu.externaltools.gnu-tools-for-stm32.7-2018-q2-update.win32_1.5.0.202011040924/tools/bin/../lib/gcc/arm-none-eabi/7.3.1/../../../../arm-none-eabi/lib/thumb/v7e-m/fpv4-sp/hard\libc_nano.a
LOAD d:/embedded/stm32cubeide_1.5.1/stm32cubeide/plugins/com.st.stm32cube.ide.mcu.externaltools.gnu-tools-for-stm32.7-2018-q2-update.win32_1.5.0.202011040924/tools/bin/../lib/gcc/arm-none-eabi/7.3.1/../../../../arm-none-eabi/lib/thumb/v7e-m/fpv4-sp/hard\libm.a
END GROUP
START GROUP
LOAD d:/embedded/stm32cubeide_1.5.1/stm32cubeide/plugins/com.st.stm32cube.ide.mcu.externaltools.gnu-tools-for-stm32.7-2018-q2-update.win32_1.5.0.202011040924/tools/bin/../lib/gcc/arm-none-eabi/7.3.1/thumb/v7e-m/fpv4-sp/hard\libgcc.a
LOAD d:/embedded/stm32cubeide_1.5.1/stm32cubeide/plugins/com.st.stm32cube.ide.mcu.externaltools.gnu-tools-for-stm32.7-2018-q2-update.win32_1.5.0.202011040924/tools/bin/../lib/gcc/arm-none-eabi/7.3.1/../../../../arm-none-eabi/lib/thumb/v7e-m/fpv4-sp/hard\libc_nano.a
END GROUP
START GROUP
LOAD d:/embedded/stm32cubeide_1.5.1/stm32cubeide/plugins/com.st.stm32cube.ide.mcu.externaltools.gnu-tools-for-stm32.7-2018-q2-update.win32_1.5.0.202011040924/tools/bin/../lib/gcc/arm-none-eabi/7.3.1/thumb/v7e-m/fpv4-sp/hard\libgcc.a
LOAD d:/embedded/stm32cubeide_1.5.1/stm32cubeide/plugins/com.st.stm32cube.ide.mcu.externaltools.gnu-tools-for-stm32.7-2018-q2-update.win32_1.5.0.202011040924/tools/bin/../lib/gcc/arm-none-eabi/7.3.1/../../../../arm-none-eabi/lib/thumb/v7e-m/fpv4-sp/hard\libc_nano.a
LOAD d:/embedded/stm32cubeide_1.5.1/stm32cubeide/plugins/com.st.stm32cube.ide.mcu.externaltools.gnu-tools-for-stm32.7-2018-q2-update.win32_1.5.0.202011040924/tools/bin/../lib/gcc/arm-none-eabi/7.3.1/../../../../arm-none-eabi/lib/thumb/v7e-m/fpv4-sp/hard\libnosys.a
END GROUP
START GROUP
LOAD d:/embedded/stm32cubeide_1.5.1/stm32cubeide/plugins/com.st.stm32cube.ide.mcu.externaltools.gnu-tools-for-stm32.7-2018-q2-update.win32_1.5.0.202011040924/tools/bin/../lib/gcc/arm-none-eabi/7.3.1/thumb/v7e-m/fpv4-sp/hard\libgcc.a
LOAD d:/embedded/stm32cubeide_1.5.1/stm32cubeide/plugins/com.st.stm32cube.ide.mcu.externaltools.gnu-tools-for-stm32.7-2018-q2-update.win32_1.5.0.202011040924/tools/bin/../lib/gcc/arm-none-eabi/7.3.1/../../../../arm-none-eabi/lib/thumb/v7e-m/fpv4-sp/hard\libc_nano.a
LOAD d:/embedded/stm32cubeide_1.5.1/stm32cubeide/plugins/com.st.stm32cube.ide.mcu.externaltools.gnu-tools-for-stm32.7-2018-q2-update.win32_1.5.0.202011040924/tools/bin/../lib/gcc/arm-none-eabi/7.3.1/../../../../arm-none-eabi/lib/thumb/v7e-m/fpv4-sp/hard\libnosys.a
END GROUP
LOAD d:/embedded/stm32cubeide_1.5.1/stm32cubeide/plugins/com.st.stm32cube.ide.mcu.externaltools.gnu-tools-for-stm32.7-2018-q2-update.win32_1.5.0.202011040924/tools/bin/../lib/gcc/arm-none-eabi/7.3.1/thumb/v7e-m/fpv4-sp/hard/crtend.o
LOAD d:/embedded/stm32cubeide_1.5.1/stm32cubeide/plugins/com.st.stm32cube.ide.mcu.externaltools.gnu-tools-for-stm32.7-2018-q2-update.win32_1.5.0.202011040924/tools/bin/../lib/gcc/arm-none-eabi/7.3.1/thumb/v7e-m/fpv4-sp/hard/crtn.o
                0x0000000020020000                _estack = (ORIGIN (RAM) + LENGTH (RAM))
                0x0000000000000200                _Min_Heap_Size = 0x200
                0x0000000000000400                _Min_Stack_Size = 0x400

.isr_vector     0x0000000008000000      0x198
                0x0000000008000000                . = ALIGN (0x4)
 *(.isr_vector)
 .isr_vector    0x0000000008000000      0x198 Core/Startup/startup_stm32f411retx.o
                0x0000000008000000                g_pfnVectors
                0x0000000008000198                . = ALIGN (0x4)

.text           0x00000000080001a0     0x5d48
                0x00000000080001a0                . = ALIGN (0x4)
 *(.text)
 .text          0x00000000080001a0       0x40 d:/embedded/stm32cubeide_1.5.1/stm32cubeide/plugins/com.st.stm32cube.ide.mcu.externaltools.gnu-tools-for-stm32.7-2018-q2-update.win32_1.5.0.202011040924/tools/bin/../lib/gcc/arm-none-eabi/7.3.1/thumb/v7e-m/fpv4-sp/hard/crtbegin.o
 .text          0x00000000080001e0       0x10 d:/embedded/stm32cubeide_1.5.1/stm32cubeide/plugins/com.st.stm32cube.ide.mcu.externaltools.gnu-tools-for-stm32.7-2018-q2-update.win32_1.5.0.202011040924/tools/bin/../lib/gcc/arm-none-eabi/7.3.1/../../../../arm-none-eabi/lib/thumb/v7e-m/fpv4-sp/hard\libc_nano.a(lib_a-strlen.o)
                0x00000000080001e0                strlen
 .text          0x00000000080001f0       0xa0 d:/embedded/stm32cubeide_1.5.1/stm32cubeide/plugins/com.st.stm32cube.ide.mcu.externaltools.gnu-tools-for-stm32.7-2018-q2-update.win32_1.5.0.202011040924/tools/bin/../lib/gcc/arm-none-eabi/7.3.1/../../../../arm-none-eabi/lib/thumb/v7e-m/fpv4-sp/hard\libc_nano.a(lib_a-memchr.o)
                0x00000000080001f0                memchr
 .text          0x0000000008000290       0x30 d:/embedded/stm32cubeide_1.5.1/stm32cubeide/plugins/com.st.stm32cube.ide.mcu.externaltools.gnu-tools-for-stm32.7-2018-q2-update.win32_1.5.0.202011040924/tools/bin/../lib/gcc/arm-none-eabi/7.3.1/thumb/v7e-m/fpv4-sp/hard\libgcc.a(_aeabi_uldivmod.o)
                0x0000000008000290                __aeabi_uldivmod
 .text          0x00000000080002c0      0x2cc d:/embedded/stm32cubeide_1.5.1/stm32cubeide/plugins/com.st.stm32cube.ide.mcu.externaltools.gnu-tools-for-stm32.7-2018-q2-update.win32_1.5.0.202011040924/tools/bin/../lib/gcc/arm-none-eabi/7.3.1/thumb/v7e-m/fpv4-sp/hard\libgcc.a(_udivmoddi4.o)
                0x00000000080002c0                __udivmoddi4
 .text          0x000000000800058c        0x4 d:/embedded/stm32cubeide_1.5.1/stm32cubeide/plugins/com.st.stm32cube.ide.mcu.externaltools.gnu-tools-for-stm32.7-2018-q2-update.win32_1.5.0.202011040924/tools/bin/../lib/gcc/arm-none-eabi/7.3.1/thumb/v7e-m/fpv4-sp/hard\libgcc.a(_dvmd_tls.o)
                0x000000000800058c                __aeabi_idiv0
                0x000000000800058c                __aeabi_ldiv0
 *(.text*)
 .text.vApplicationGetIdleTaskMemory
                0x0000000008000590       0x34 Core/Src/freertos.o
                0x0000000008000590                vApplicationGetIdleTaskMemory
 .text.vApplicationGetTimerTaskMemory
                0x00000000080005c4       0x34 Core/Src/freertos.o
                0x00000000080005c4                vApplicationGetTimerTaskMemory
 .text.main     0x00000000080005f8      0x120 Core/Src/main.o
                0x00000000080005f8                main
 .text.SystemClock_Config
                0x0000000008000718       0xd4 Core/Src/main.o
                0x0000000008000718                SystemClock_Config
 .text.MX_USART2_UART_Init
                0x00000000080007ec       0x54 Core/Src/main.o
 .text.MX_GPIO_Init
                0x0000000008000840       0xe0 Core/Src/main.o
 .text.StartTask01
                0x0000000008000920       0x44 Core/Src/main.o
                0x0000000008000920                StartTask01
 .text.StartTask02
                0x0000000008000964       0x1c Core/Src/main.o
                0x0000000008000964                StartTask02
 .text.StartTask03
                0x0000000008000980       0x44 Core/Src/main.o
                0x0000000008000980                StartTask03
 .text.StartTask04
                0x00000000080009c4       0x68 Core/Src/main.o
                0x00000000080009c4                StartTask04
 .text.StartTask05
                0x0000000008000a2c       0x68 Core/Src/main.o
                0x0000000008000a2c                StartTask05
 .text.Error_Handler
                0x0000000008000a94        0x8 Core/Src/main.o
                0x0000000008000a94                Error_Handler
 .text.HAL_MspInit
                0x0000000008000a9c       0x58 Core/Src/stm32f4xx_hal_msp.o
                0x0000000008000a9c                HAL_MspInit
 .text.HAL_UART_MspInit
                0x0000000008000af4       0x90 Core/Src/stm32f4xx_hal_msp.o
                0x0000000008000af4                HAL_UART_MspInit
 .text.NMI_Handler
                0x0000000008000b84        0x6 Core/Src/stm32f4xx_it.o
                0x0000000008000b84                NMI_Handler
 .text.HardFault_Handler
                0x0000000008000b8a        0x6 Core/Src/stm32f4xx_it.o
                0x0000000008000b8a                HardFault_Handler
 .text.MemManage_Handler
                0x0000000008000b90        0x6 Core/Src/stm32f4xx_it.o
                0x0000000008000b90                MemManage_Handler
 .text.BusFault_Handler
                0x0000000008000b96        0x6 Core/Src/stm32f4xx_it.o
                0x0000000008000b96                BusFault_Handler
 .text.UsageFault_Handler
                0x0000000008000b9c        0x6 Core/Src/stm32f4xx_it.o
                0x0000000008000b9c                UsageFault_Handler
 .text.DebugMon_Handler
                0x0000000008000ba2        0xe Core/Src/stm32f4xx_it.o
                0x0000000008000ba2                DebugMon_Handler
 .text.SysTick_Handler
                0x0000000008000bb0       0x1a Core/Src/stm32f4xx_it.o
                0x0000000008000bb0                SysTick_Handler
 *fill*         0x0000000008000bca        0x2 
 .text._sbrk    0x0000000008000bcc       0x6c Core/Src/sysmem.o
                0x0000000008000bcc                _sbrk
 .text.SystemInit
                0x0000000008000c38       0x2c Core/Src/system_stm32f4xx.o
                0x0000000008000c38                SystemInit
 .text.Reset_Handler
                0x0000000008000c64       0x50 Core/Startup/startup_stm32f411retx.o
                0x0000000008000c64                Reset_Handler
 .text.Default_Handler
                0x0000000008000cb4        0x2 Core/Startup/startup_stm32f411retx.o
                0x0000000008000cb4                RTC_Alarm_IRQHandler
                0x0000000008000cb4                EXTI2_IRQHandler
                0x0000000008000cb4                SPI4_IRQHandler
                0x0000000008000cb4                TIM1_CC_IRQHandler
                0x0000000008000cb4                DMA2_Stream5_IRQHandler
                0x0000000008000cb4                DMA1_Stream5_IRQHandler
                0x0000000008000cb4                PVD_IRQHandler
                0x0000000008000cb4                SDIO_IRQHandler
                0x0000000008000cb4                TAMP_STAMP_IRQHandler
                0x0000000008000cb4                EXTI3_IRQHandler
                0x0000000008000cb4                TIM1_UP_TIM10_IRQHandler
                0x0000000008000cb4                I2C3_ER_IRQHandler
                0x0000000008000cb4                EXTI0_IRQHandler
                0x0000000008000cb4                I2C2_EV_IRQHandler
                0x0000000008000cb4                DMA1_Stream2_IRQHandler
                0x0000000008000cb4                FPU_IRQHandler
                0x0000000008000cb4                DMA2_Stream2_IRQHandler
                0x0000000008000cb4                SPI1_IRQHandler
                0x0000000008000cb4                TIM1_BRK_TIM9_IRQHandler
                0x0000000008000cb4                DMA2_Stream3_IRQHandler
                0x0000000008000cb4                USART6_IRQHandler
                0x0000000008000cb4                DMA2_Stream0_IRQHandler
                0x0000000008000cb4                TIM4_IRQHandler
                0x0000000008000cb4                I2C1_EV_IRQHandler
                0x0000000008000cb4                DMA1_Stream6_IRQHandler
                0x0000000008000cb4                DMA1_Stream1_IRQHandler
                0x0000000008000cb4                TIM3_IRQHandler
                0x0000000008000cb4                RCC_IRQHandler
                0x0000000008000cb4                Default_Handler
                0x0000000008000cb4                EXTI15_10_IRQHandler
                0x0000000008000cb4                ADC_IRQHandler
                0x0000000008000cb4                DMA1_Stream7_IRQHandler
                0x0000000008000cb4                SPI5_IRQHandler
                0x0000000008000cb4                TIM5_IRQHandler
                0x0000000008000cb4                DMA2_Stream7_IRQHandler
                0x0000000008000cb4                I2C3_EV_IRQHandler
                0x0000000008000cb4                EXTI9_5_IRQHandler
                0x0000000008000cb4                RTC_WKUP_IRQHandler
                0x0000000008000cb4                SPI2_IRQHandler
                0x0000000008000cb4                DMA1_Stream0_IRQHandler
                0x0000000008000cb4                EXTI4_IRQHandler
                0x0000000008000cb4                WWDG_IRQHandler
                0x0000000008000cb4                TIM2_IRQHandler
                0x0000000008000cb4                OTG_FS_WKUP_IRQHandler
                0x0000000008000cb4                TIM1_TRG_COM_TIM11_IRQHandler
                0x0000000008000cb4                EXTI1_IRQHandler
                0x0000000008000cb4                USART2_IRQHandler
                0x0000000008000cb4                I2C2_ER_IRQHandler
                0x0000000008000cb4                DMA2_Stream1_IRQHandler
                0x0000000008000cb4                FLASH_IRQHandler
                0x0000000008000cb4                DMA2_Stream4_IRQHandler
                0x0000000008000cb4                USART1_IRQHandler
                0x0000000008000cb4                OTG_FS_IRQHandler
                0x0000000008000cb4                SPI3_IRQHandler
                0x0000000008000cb4                DMA1_Stream4_IRQHandler
                0x0000000008000cb4                I2C1_ER_IRQHandler
                0x0000000008000cb4                DMA2_Stream6_IRQHandler
                0x0000000008000cb4                DMA1_Stream3_IRQHandler
 *fill*         0x0000000008000cb6        0x2 
 .text.HAL_Init
                0x0000000008000cb8       0x44 Drivers/STM32F4xx_HAL_Driver/Src/stm32f4xx_hal.o
                0x0000000008000cb8                HAL_Init
 .text.HAL_InitTick
                0x0000000008000cfc       0x60 Drivers/STM32F4xx_HAL_Driver/Src/stm32f4xx_hal.o
                0x0000000008000cfc                HAL_InitTick
 .text.HAL_IncTick
                0x0000000008000d5c       0x28 Drivers/STM32F4xx_HAL_Driver/Src/stm32f4xx_hal.o
                0x0000000008000d5c                HAL_IncTick
 .text.HAL_GetTick
                0x0000000008000d84       0x18 Drivers/STM32F4xx_HAL_Driver/Src/stm32f4xx_hal.o
                0x0000000008000d84                HAL_GetTick
 .text.__NVIC_SetPriorityGrouping
                0x0000000008000d9c       0x48 Drivers/STM32F4xx_HAL_Driver/Src/stm32f4xx_hal_cortex.o
 .text.__NVIC_GetPriorityGrouping
                0x0000000008000de4       0x1c Drivers/STM32F4xx_HAL_Driver/Src/stm32f4xx_hal_cortex.o
 .text.__NVIC_SetPriority
                0x0000000008000e00       0x54 Drivers/STM32F4xx_HAL_Driver/Src/stm32f4xx_hal_cortex.o
 .text.NVIC_EncodePriority
                0x0000000008000e54       0x66 Drivers/STM32F4xx_HAL_Driver/Src/stm32f4xx_hal_cortex.o
 *fill*         0x0000000008000eba        0x2 
 .text.SysTick_Config
                0x0000000008000ebc       0x44 Drivers/STM32F4xx_HAL_Driver/Src/stm32f4xx_hal_cortex.o
 .text.HAL_NVIC_SetPriorityGrouping
                0x0000000008000f00       0x16 Drivers/STM32F4xx_HAL_Driver/Src/stm32f4xx_hal_cortex.o
                0x0000000008000f00                HAL_NVIC_SetPriorityGrouping
 .text.HAL_NVIC_SetPriority
                0x0000000008000f16       0x38 Drivers/STM32F4xx_HAL_Driver/Src/stm32f4xx_hal_cortex.o
                0x0000000008000f16                HAL_NVIC_SetPriority
 .text.HAL_SYSTICK_Config
                0x0000000008000f4e       0x18 Drivers/STM32F4xx_HAL_Driver/Src/stm32f4xx_hal_cortex.o
                0x0000000008000f4e                HAL_SYSTICK_Config
 *fill*         0x0000000008000f66        0x2 
 .text.HAL_GPIO_Init
                0x0000000008000f68      0x304 Drivers/STM32F4xx_HAL_Driver/Src/stm32f4xx_hal_gpio.o
                0x0000000008000f68                HAL_GPIO_Init
 .text.HAL_GPIO_WritePin
                0x000000000800126c       0x32 Drivers/STM32F4xx_HAL_Driver/Src/stm32f4xx_hal_gpio.o
                0x000000000800126c                HAL_GPIO_WritePin
 .text.HAL_GPIO_TogglePin
                0x000000000800129e       0x36 Drivers/STM32F4xx_HAL_Driver/Src/stm32f4xx_hal_gpio.o
                0x000000000800129e                HAL_GPIO_TogglePin
 .text.HAL_RCC_OscConfig
                0x00000000080012d4      0x4e0 Drivers/STM32F4xx_HAL_Driver/Src/stm32f4xx_hal_rcc.o
                0x00000000080012d4                HAL_RCC_OscConfig
 .text.HAL_RCC_ClockConfig
                0x00000000080017b4      0x1cc Drivers/STM32F4xx_HAL_Driver/Src/stm32f4xx_hal_rcc.o
                0x00000000080017b4                HAL_RCC_ClockConfig
 .text.HAL_RCC_GetSysClockFreq
                0x0000000008001980      0x1b0 Drivers/STM32F4xx_HAL_Driver/Src/stm32f4xx_hal_rcc.o
                0x0000000008001980                HAL_RCC_GetSysClockFreq
 .text.HAL_RCC_GetHCLKFreq
                0x0000000008001b30       0x18 Drivers/STM32F4xx_HAL_Driver/Src/stm32f4xx_hal_rcc.o
                0x0000000008001b30                HAL_RCC_GetHCLKFreq
 .text.HAL_RCC_GetPCLK1Freq
                0x0000000008001b48       0x28 Drivers/STM32F4xx_HAL_Driver/Src/stm32f4xx_hal_rcc.o
                0x0000000008001b48                HAL_RCC_GetPCLK1Freq
 .text.HAL_RCC_GetPCLK2Freq
                0x0000000008001b70       0x28 Drivers/STM32F4xx_HAL_Driver/Src/stm32f4xx_hal_rcc.o
                0x0000000008001b70                HAL_RCC_GetPCLK2Freq
 .text.HAL_UART_Init
                0x0000000008001b98       0x9a Drivers/STM32F4xx_HAL_Driver/Src/stm32f4xx_hal_uart.o
                0x0000000008001b98                HAL_UART_Init
 .text.HAL_UART_Transmit
                0x0000000008001c32      0x132 Drivers/STM32F4xx_HAL_Driver/Src/stm32f4xx_hal_uart.o
                0x0000000008001c32                HAL_UART_Transmit
 .text.UART_WaitOnFlagUntilTimeout
                0x0000000008001d64       0x94 Drivers/STM32F4xx_HAL_Driver/Src/stm32f4xx_hal_uart.o
 .text.UART_SetConfig
                0x0000000008001df8      0x6f8 Drivers/STM32F4xx_HAL_Driver/Src/stm32f4xx_hal_uart.o
 .text.makeFreeRtosPriority
                0x00000000080024f0       0x30 Middlewares/Third_Party/FreeRTOS/Source/CMSIS_RTOS/cmsis_os.o
 .text.inHandlerMode
                0x0000000008002520       0x24 Middlewares/Third_Party/FreeRTOS/Source/CMSIS_RTOS/cmsis_os.o
 .text.osKernelStart
                0x0000000008002544        0xe Middlewares/Third_Party/FreeRTOS/Source/CMSIS_RTOS/cmsis_os.o
                0x0000000008002544                osKernelStart
 .text.osThreadCreate
                0x0000000008002552       0x98 Middlewares/Third_Party/FreeRTOS/Source/CMSIS_RTOS/cmsis_os.o
                0x0000000008002552                osThreadCreate
 *fill*         0x00000000080025ea        0x2 
 .text.osThreadYield
                0x00000000080025ec       0x24 Middlewares/Third_Party/FreeRTOS/Source/CMSIS_RTOS/cmsis_os.o
                0x00000000080025ec                osThreadYield
 .text.osDelay  0x0000000008002610       0x28 Middlewares/Third_Party/FreeRTOS/Source/CMSIS_RTOS/cmsis_os.o
                0x0000000008002610                osDelay
 .text.osSemaphoreCreate
                0x0000000008002638       0x66 Middlewares/Third_Party/FreeRTOS/Source/CMSIS_RTOS/cmsis_os.o
                0x0000000008002638                osSemaphoreCreate
 *fill*         0x000000000800269e        0x2 
 .text.osSemaphoreWait
                0x00000000080026a0       0x9c Middlewares/Third_Party/FreeRTOS/Source/CMSIS_RTOS/cmsis_os.o
                0x00000000080026a0                osSemaphoreWait
 .text.osSemaphoreRelease
                0x000000000800273c       0x6c Middlewares/Third_Party/FreeRTOS/Source/CMSIS_RTOS/cmsis_os.o
                0x000000000800273c                osSemaphoreRelease
 .text.vListInitialise
                0x00000000080027a8       0x40 Middlewares/Third_Party/FreeRTOS/Source/list.o
                0x00000000080027a8                vListInitialise
 .text.vListInitialiseItem
                0x00000000080027e8       0x1a Middlewares/Third_Party/FreeRTOS/Source/list.o
                0x00000000080027e8                vListInitialiseItem
 .text.vListInsertEnd
                0x0000000008002802       0x48 Middlewares/Third_Party/FreeRTOS/Source/list.o
                0x0000000008002802                vListInsertEnd
 .text.vListInsert
                0x000000000800284a       0x72 Middlewares/Third_Party/FreeRTOS/Source/list.o
                0x000000000800284a                vListInsert
 .text.uxListRemove
                0x00000000080028bc       0x54 Middlewares/Third_Party/FreeRTOS/Source/list.o
                0x00000000080028bc                uxListRemove
 .text.xQueueGenericReset
                0x0000000008002910       0xd0 Middlewares/Third_Party/FreeRTOS/Source/queue.o
                0x0000000008002910                xQueueGenericReset
 .text.xQueueGenericCreateStatic
                0x00000000080029e0       0xe6 Middlewares/Third_Party/FreeRTOS/Source/queue.o
                0x00000000080029e0                xQueueGenericCreateStatic
 .text.xQueueGenericCreate
                0x0000000008002ac6       0x7e Middlewares/Third_Party/FreeRTOS/Source/queue.o
                0x0000000008002ac6                xQueueGenericCreate
 .text.prvInitialiseNewQueue
                0x0000000008002b44       0x3e Middlewares/Third_Party/FreeRTOS/Source/queue.o
 *fill*         0x0000000008002b82        0x2 
 .text.xQueueGenericSend
                0x0000000008002b84      0x1f4 Middlewares/Third_Party/FreeRTOS/Source/queue.o
                0x0000000008002b84                xQueueGenericSend
 .text.xQueueGenericSendFromISR
                0x0000000008002d78      0x128 Middlewares/Third_Party/FreeRTOS/Source/queue.o
                0x0000000008002d78                xQueueGenericSendFromISR
 .text.xQueueGiveFromISR
                0x0000000008002ea0      0x112 Middlewares/Third_Party/FreeRTOS/Source/queue.o
                0x0000000008002ea0                xQueueGiveFromISR
 *fill*         0x0000000008002fb2        0x2 
 .text.xQueueReceive
                0x0000000008002fb4      0x1b8 Middlewares/Third_Party/FreeRTOS/Source/queue.o
                0x0000000008002fb4                xQueueReceive
 .text.xQueueSemaphoreTake
                0x000000000800316c      0x210 Middlewares/Third_Party/FreeRTOS/Source/queue.o
                0x000000000800316c                xQueueSemaphoreTake
 .text.xQueueReceiveFromISR
                0x000000000800337c       0xfa Middlewares/Third_Party/FreeRTOS/Source/queue.o
                0x000000000800337c                xQueueReceiveFromISR
 .text.prvGetDisinheritPriorityAfterTimeout
                0x0000000008003476       0x30 Middlewares/Third_Party/FreeRTOS/Source/queue.o
 .text.prvCopyDataToQueue
                0x00000000080034a6       0xd4 Middlewares/Third_Party/FreeRTOS/Source/queue.o
 .text.prvCopyDataFromQueue
                0x000000000800357a       0x4c Middlewares/Third_Party/FreeRTOS/Source/queue.o
 .text.prvUnlockQueue
                0x00000000080035c6       0xa4 Middlewares/Third_Party/FreeRTOS/Source/queue.o
 .text.prvIsQueueEmpty
                0x000000000800366a       0x2c Middlewares/Third_Party/FreeRTOS/Source/queue.o
 .text.prvIsQueueFull
                0x0000000008003696       0x30 Middlewares/Third_Party/FreeRTOS/Source/queue.o
 *fill*         0x00000000080036c6        0x2 
 .text.vQueueAddToRegistry
                0x00000000080036c8       0x50 Middlewares/Third_Party/FreeRTOS/Source/queue.o
                0x00000000080036c8                vQueueAddToRegistry
 .text.vQueueWaitForMessageRestricted
                0x0000000008003718       0x68 Middlewares/Third_Party/FreeRTOS/Source/queue.o
                0x0000000008003718                vQueueWaitForMessageRestricted
 .text.xTaskCreateStatic
                0x0000000008003780       0xb4 Middlewares/Third_Party/FreeRTOS/Source/tasks.o
                0x0000000008003780                xTaskCreateStatic
 .text.xTaskCreate
                0x0000000008003834       0x8a Middlewares/Third_Party/FreeRTOS/Source/tasks.o
                0x0000000008003834                xTaskCreate
 .text.prvInitialiseNewTask
                0x00000000080038be      0x10c Middlewares/Third_Party/FreeRTOS/Source/tasks.o
 *fill*         0x00000000080039ca        0x2 
 .text.prvAddNewTaskToReadyList
                0x00000000080039cc       0xd4 Middlewares/Third_Party/FreeRTOS/Source/tasks.o
 .text.vTaskDelay
                0x0000000008003aa0       0x68 Middlewares/Third_Party/FreeRTOS/Source/tasks.o
                0x0000000008003aa0                vTaskDelay
 .text.vTaskStartScheduler
                0x0000000008003b08       0xc8 Middlewares/Third_Party/FreeRTOS/Source/tasks.o
                0x0000000008003b08                vTaskStartScheduler
 .text.vTaskSuspendAll
                0x0000000008003bd0       0x1c Middlewares/Third_Party/FreeRTOS/Source/tasks.o
                0x0000000008003bd0                vTaskSuspendAll
 .text.xTaskResumeAll
                0x0000000008003bec      0x138 Middlewares/Third_Party/FreeRTOS/Source/tasks.o
                0x0000000008003bec                xTaskResumeAll
 .text.xTaskGetTickCount
                0x0000000008003d24       0x20 Middlewares/Third_Party/FreeRTOS/Source/tasks.o
                0x0000000008003d24                xTaskGetTickCount
 .text.xTaskIncrementTick
                0x0000000008003d44      0x170 Middlewares/Third_Party/FreeRTOS/Source/tasks.o
                0x0000000008003d44                xTaskIncrementTick
 .text.vTaskSwitchContext
                0x0000000008003eb4       0xb4 Middlewares/Third_Party/FreeRTOS/Source/tasks.o
                0x0000000008003eb4                vTaskSwitchContext
 .text.vTaskPlaceOnEventList
                0x0000000008003f68       0x48 Middlewares/Third_Party/FreeRTOS/Source/tasks.o
                0x0000000008003f68                vTaskPlaceOnEventList
 .text.vTaskPlaceOnEventListRestricted
                0x0000000008003fb0       0x54 Middlewares/Third_Party/FreeRTOS/Source/tasks.o
                0x0000000008003fb0                vTaskPlaceOnEventListRestricted
 .text.xTaskRemoveFromEventList
                0x0000000008004004       0xc4 Middlewares/Third_Party/FreeRTOS/Source/tasks.o
                0x0000000008004004                xTaskRemoveFromEventList
 .text.vTaskInternalSetTimeOutState
                0x00000000080040c8       0x2c Middlewares/Third_Party/FreeRTOS/Source/tasks.o
                0x00000000080040c8                vTaskInternalSetTimeOutState
 .text.xTaskCheckForTimeOut
                0x00000000080040f4       0xc0 Middlewares/Third_Party/FreeRTOS/Source/tasks.o
                0x00000000080040f4                xTaskCheckForTimeOut
 .text.vTaskMissedYield
                0x00000000080041b4       0x18 Middlewares/Third_Party/FreeRTOS/Source/tasks.o
                0x00000000080041b4                vTaskMissedYield
 .text.prvIdleTask
                0x00000000080041cc       0x30 Middlewares/Third_Party/FreeRTOS/Source/tasks.o
 .text.prvInitialiseTaskLists
                0x00000000080041fc       0x80 Middlewares/Third_Party/FreeRTOS/Source/tasks.o
 .text.prvCheckTasksWaitingTermination
                0x000000000800427c       0x58 Middlewares/Third_Party/FreeRTOS/Source/tasks.o
 .text.prvDeleteTCB
                0x00000000080042d4       0x5c Middlewares/Third_Party/FreeRTOS/Source/tasks.o
 .text.prvResetNextTaskUnblockTime
                0x0000000008004330       0x40 Middlewares/Third_Party/FreeRTOS/Source/tasks.o
 .text.xTaskGetSchedulerState
                0x0000000008004370       0x3c Middlewares/Third_Party/FreeRTOS/Source/tasks.o
                0x0000000008004370                xTaskGetSchedulerState
 .text.xTaskPriorityInherit
                0x00000000080043ac      0x100 Middlewares/Third_Party/FreeRTOS/Source/tasks.o
                0x00000000080043ac                xTaskPriorityInherit
 .text.xTaskPriorityDisinherit
                0x00000000080044ac      0x108 Middlewares/Third_Party/FreeRTOS/Source/tasks.o
                0x00000000080044ac                xTaskPriorityDisinherit
 .text.vTaskPriorityDisinheritAfterTimeout
                0x00000000080045b4      0x130 Middlewares/Third_Party/FreeRTOS/Source/tasks.o
                0x00000000080045b4                vTaskPriorityDisinheritAfterTimeout
 .text.pvTaskIncrementMutexHeldCount
                0x00000000080046e4       0x28 Middlewares/Third_Party/FreeRTOS/Source/tasks.o
                0x00000000080046e4                pvTaskIncrementMutexHeldCount
 .text.prvAddCurrentTaskToDelayedList
                0x000000000800470c       0xcc Middlewares/Third_Party/FreeRTOS/Source/tasks.o
 .text.xTimerCreateTimerTask
                0x00000000080047d8       0x90 Middlewares/Third_Party/FreeRTOS/Source/timers.o
                0x00000000080047d8                xTimerCreateTimerTask
 .text.xTimerGenericCommand
                0x0000000008004868       0x98 Middlewares/Third_Party/FreeRTOS/Source/timers.o
                0x0000000008004868                xTimerGenericCommand
 .text.prvProcessExpiredTimer
                0x0000000008004900       0x98 Middlewares/Third_Party/FreeRTOS/Source/timers.o
 .text.prvTimerTask
                0x0000000008004998       0x24 Middlewares/Third_Party/FreeRTOS/Source/timers.o
 .text.prvProcessTimerOrBlockTask
                0x00000000080049bc       0x9c Middlewares/Third_Party/FreeRTOS/Source/timers.o
 .text.prvGetNextExpireTime
                0x0000000008004a58       0x48 Middlewares/Third_Party/FreeRTOS/Source/timers.o
 .text.prvSampleTimeNow
                0x0000000008004aa0       0x40 Middlewares/Third_Party/FreeRTOS/Source/timers.o
 .text.prvInsertTimerInActiveList
                0x0000000008004ae0       0x84 Middlewares/Third_Party/FreeRTOS/Source/timers.o
 .text.prvProcessReceivedCommands
                0x0000000008004b64      0x188 Middlewares/Third_Party/FreeRTOS/Source/timers.o
 .text.prvSwitchTimerLists
                0x0000000008004cec       0xc8 Middlewares/Third_Party/FreeRTOS/Source/timers.o
 .text.prvCheckForValidListAndQueue
                0x0000000008004db4       0x80 Middlewares/Third_Party/FreeRTOS/Source/timers.o
 .text.pxPortInitialiseStack
                0x0000000008004e34       0x68 Middlewares/Third_Party/FreeRTOS/Source/portable/GCC/ARM_CM4F/port.o
                0x0000000008004e34                pxPortInitialiseStack
 .text.prvTaskExitError
                0x0000000008004e9c       0x54 Middlewares/Third_Party/FreeRTOS/Source/portable/GCC/ARM_CM4F/port.o
 .text.SVC_Handler
                0x0000000008004ef0       0x28 Middlewares/Third_Party/FreeRTOS/Source/portable/GCC/ARM_CM4F/port.o
                0x0000000008004ef0                SVC_Handler
 .text.prvPortStartFirstTask
                0x0000000008004f18       0x28 Middlewares/Third_Party/FreeRTOS/Source/portable/GCC/ARM_CM4F/port.o
 .text.xPortStartScheduler
                0x0000000008004f40      0x13c Middlewares/Third_Party/FreeRTOS/Source/portable/GCC/ARM_CM4F/port.o
                0x0000000008004f40                xPortStartScheduler
 .text.vPortEnterCritical
                0x000000000800507c       0x5c Middlewares/Third_Party/FreeRTOS/Source/portable/GCC/ARM_CM4F/port.o
                0x000000000800507c                vPortEnterCritical
 .text.vPortExitCritical
                0x00000000080050d8       0x50 Middlewares/Third_Party/FreeRTOS/Source/portable/GCC/ARM_CM4F/port.o
                0x00000000080050d8                vPortExitCritical
 *fill*         0x0000000008005128        0x8 
 .text.PendSV_Handler
                0x0000000008005130       0x68 Middlewares/Third_Party/FreeRTOS/Source/portable/GCC/ARM_CM4F/port.o
                0x0000000008005130                PendSV_Handler
 .text.xPortSysTickHandler
                0x0000000008005198       0x40 Middlewares/Third_Party/FreeRTOS/Source/portable/GCC/ARM_CM4F/port.o
                0x0000000008005198                xPortSysTickHandler
 .text.vPortSetupTimerInterrupt
                0x00000000080051d8       0x48 Middlewares/Third_Party/FreeRTOS/Source/portable/GCC/ARM_CM4F/port.o
                0x00000000080051d8                vPortSetupTimerInterrupt
 .text.vPortEnableVFP
                0x0000000008005220       0x14 Middlewares/Third_Party/FreeRTOS/Source/portable/GCC/ARM_CM4F/port.o
 .text.vPortValidateInterruptPriority
                0x0000000008005234       0x7c Middlewares/Third_Party/FreeRTOS/Source/portable/GCC/ARM_CM4F/port.o
                0x0000000008005234                vPortValidateInterruptPriority
 .text.pvPortMalloc
                0x00000000080052b0      0x184 Middlewares/Third_Party/FreeRTOS/Source/portable/MemMang/heap_4.o
                0x00000000080052b0                pvPortMalloc
 .text.vPortFree
                0x0000000008005434       0xb0 Middlewares/Third_Party/FreeRTOS/Source/portable/MemMang/heap_4.o
                0x0000000008005434                vPortFree
 .text.prvHeapInit
                0x00000000080054e4       0xc4 Middlewares/Third_Party/FreeRTOS/Source/portable/MemMang/heap_4.o
 .text.prvInsertBlockIntoFreeList
                0x00000000080055a8       0xb4 Middlewares/Third_Party/FreeRTOS/Source/portable/MemMang/heap_4.o
 .text.__errno  0x000000000800565c        0xc d:/embedded/stm32cubeide_1.5.1/stm32cubeide/plugins/com.st.stm32cube.ide.mcu.externaltools.gnu-tools-for-stm32.7-2018-q2-update.win32_1.5.0.202011040924/tools/bin/../lib/gcc/arm-none-eabi/7.3.1/../../../../arm-none-eabi/lib/thumb/v7e-m/fpv4-sp/hard\libc_nano.a(lib_a-errno.o)
                0x000000000800565c                __errno
 .text.__libc_init_array
                0x0000000008005668       0x48 d:/embedded/stm32cubeide_1.5.1/stm32cubeide/plugins/com.st.stm32cube.ide.mcu.externaltools.gnu-tools-for-stm32.7-2018-q2-update.win32_1.5.0.202011040924/tools/bin/../lib/gcc/arm-none-eabi/7.3.1/../../../../arm-none-eabi/lib/thumb/v7e-m/fpv4-sp/hard\libc_nano.a(lib_a-init.o)
                0x0000000008005668                __libc_init_array
 .text.memcpy   0x00000000080056b0       0x16 d:/embedded/stm32cubeide_1.5.1/stm32cubeide/plugins/com.st.stm32cube.ide.mcu.externaltools.gnu-tools-for-stm32.7-2018-q2-update.win32_1.5.0.202011040924/tools/bin/../lib/gcc/arm-none-eabi/7.3.1/../../../../arm-none-eabi/lib/thumb/v7e-m/fpv4-sp/hard\libc_nano.a(lib_a-memcpy-stub.o)
                0x00000000080056b0                memcpy
 .text.memset   0x00000000080056c6       0x10 d:/embedded/stm32cubeide_1.5.1/stm32cubeide/plugins/com.st.stm32cube.ide.mcu.externaltools.gnu-tools-for-stm32.7-2018-q2-update.win32_1.5.0.202011040924/tools/bin/../lib/gcc/arm-none-eabi/7.3.1/../../../../arm-none-eabi/lib/thumb/v7e-m/fpv4-sp/hard\libc_nano.a(lib_a-memset.o)
                0x00000000080056c6                memset
 *fill*         0x00000000080056d6        0x2 
 .text.sprintf  0x00000000080056d8       0x40 d:/embedded/stm32cubeide_1.5.1/stm32cubeide/plugins/com.st.stm32cube.ide.mcu.externaltools.gnu-tools-for-stm32.7-2018-q2-update.win32_1.5.0.202011040924/tools/bin/../lib/gcc/arm-none-eabi/7.3.1/../../../../arm-none-eabi/lib/thumb/v7e-m/fpv4-sp/hard\libc_nano.a(lib_a-sprintf.o)
                0x00000000080056d8                siprintf
                0x00000000080056d8                sprintf
 .text.__ssputs_r
                0x0000000008005718       0xb4 d:/embedded/stm32cubeide_1.5.1/stm32cubeide/plugins/com.st.stm32cube.ide.mcu.externaltools.gnu-tools-for-stm32.7-2018-q2-update.win32_1.5.0.202011040924/tools/bin/../lib/gcc/arm-none-eabi/7.3.1/../../../../arm-none-eabi/lib/thumb/v7e-m/fpv4-sp/hard\libc_nano.a(lib_a-nano-svfprintf.o)
                0x0000000008005718                __ssputs_r
 .text._svfprintf_r
                0x00000000080057cc      0x1f0 d:/embedded/stm32cubeide_1.5.1/stm32cubeide/plugins/com.st.stm32cube.ide.mcu.externaltools.gnu-tools-for-stm32.7-2018-q2-update.win32_1.5.0.202011040924/tools/bin/../lib/gcc/arm-none-eabi/7.3.1/../../../../arm-none-eabi/lib/thumb/v7e-m/fpv4-sp/hard\libc_nano.a(lib_a-nano-svfprintf.o)
                0x00000000080057cc                _svfiprintf_r
                0x00000000080057cc                _svfprintf_r
 .text._printf_common
                0x00000000080059bc       0xea d:/embedded/stm32cubeide_1.5.1/stm32cubeide/plugins/com.st.stm32cube.ide.mcu.externaltools.gnu-tools-for-stm32.7-2018-q2-update.win32_1.5.0.202011040924/tools/bin/../lib/gcc/arm-none-eabi/7.3.1/../../../../arm-none-eabi/lib/thumb/v7e-m/fpv4-sp/hard\libc_nano.a(lib_a-nano-vfprintf_i.o)
                0x00000000080059bc                _printf_common
 *fill*         0x0000000008005aa6        0x2 
 .text._printf_i
                0x0000000008005aa8      0x224 d:/embedded/stm32cubeide_1.5.1/stm32cubeide/plugins/com.st.stm32cube.ide.mcu.externaltools.gnu-tools-for-stm32.7-2018-q2-update.win32_1.5.0.202011040924/tools/bin/../lib/gcc/arm-none-eabi/7.3.1/../../../../arm-none-eabi/lib/thumb/v7e-m/fpv4-sp/hard\libc_nano.a(lib_a-nano-vfprintf_i.o)
                0x0000000008005aa8                _printf_i
 .text.memmove  0x0000000008005ccc       0x32 d:/embedded/stm32cubeide_1.5.1/stm32cubeide/plugins/com.st.stm32cube.ide.mcu.externaltools.gnu-tools-for-stm32.7-2018-q2-update.win32_1.5.0.202011040924/tools/bin/../lib/gcc/arm-none-eabi/7.3.1/../../../../arm-none-eabi/lib/thumb/v7e-m/fpv4-sp/hard\libc_nano.a(lib_a-memmove.o)
                0x0000000008005ccc                memmove
 *fill*         0x0000000008005cfe        0x2 
 .text._free_r  0x0000000008005d00       0x9c d:/embedded/stm32cubeide_1.5.1/stm32cubeide/plugins/com.st.stm32cube.ide.mcu.externaltools.gnu-tools-for-stm32.7-2018-q2-update.win32_1.5.0.202011040924/tools/bin/../lib/gcc/arm-none-eabi/7.3.1/../../../../arm-none-eabi/lib/thumb/v7e-m/fpv4-sp/hard\libc_nano.a(lib_a-nano-freer.o)
                0x0000000008005d00                _free_r
 .text._malloc_r
                0x0000000008005d9c       0xb4 d:/embedded/stm32cubeide_1.5.1/stm32cubeide/plugins/com.st.stm32cube.ide.mcu.externaltools.gnu-tools-for-stm32.7-2018-q2-update.win32_1.5.0.202011040924/tools/bin/../lib/gcc/arm-none-eabi/7.3.1/../../../../arm-none-eabi/lib/thumb/v7e-m/fpv4-sp/hard\libc_nano.a(lib_a-nano-mallocr.o)
                0x0000000008005d9c                _malloc_r
 .text._realloc_r
                0x0000000008005e50       0x4c d:/embedded/stm32cubeide_1.5.1/stm32cubeide/plugins/com.st.stm32cube.ide.mcu.externaltools.gnu-tools-for-stm32.7-2018-q2-update.win32_1.5.0.202011040924/tools/bin/../lib/gcc/arm-none-eabi/7.3.1/../../../../arm-none-eabi/lib/thumb/v7e-m/fpv4-sp/hard\libc_nano.a(lib_a-nano-reallocr.o)
                0x0000000008005e50                _realloc_r
 .text._sbrk_r  0x0000000008005e9c       0x20 d:/embedded/stm32cubeide_1.5.1/stm32cubeide/plugins/com.st.stm32cube.ide.mcu.externaltools.gnu-tools-for-stm32.7-2018-q2-update.win32_1.5.0.202011040924/tools/bin/../lib/gcc/arm-none-eabi/7.3.1/../../../../arm-none-eabi/lib/thumb/v7e-m/fpv4-sp/hard\libc_nano.a(lib_a-sbrkr.o)
                0x0000000008005e9c                _sbrk_r
 .text.__malloc_lock
                0x0000000008005ebc        0x2 d:/embedded/stm32cubeide_1.5.1/stm32cubeide/plugins/com.st.stm32cube.ide.mcu.externaltools.gnu-tools-for-stm32.7-2018-q2-update.win32_1.5.0.202011040924/tools/bin/../lib/gcc/arm-none-eabi/7.3.1/../../../../arm-none-eabi/lib/thumb/v7e-m/fpv4-sp/hard\libc_nano.a(lib_a-mlock.o)
                0x0000000008005ebc                __malloc_lock
 .text.__malloc_unlock
                0x0000000008005ebe        0x2 d:/embedded/stm32cubeide_1.5.1/stm32cubeide/plugins/com.st.stm32cube.ide.mcu.externaltools.gnu-tools-for-stm32.7-2018-q2-update.win32_1.5.0.202011040924/tools/bin/../lib/gcc/arm-none-eabi/7.3.1/../../../../arm-none-eabi/lib/thumb/v7e-m/fpv4-sp/hard\libc_nano.a(lib_a-mlock.o)
                0x0000000008005ebe                __malloc_unlock
 .text._malloc_usable_size_r
                0x0000000008005ec0       0x10 d:/embedded/stm32cubeide_1.5.1/stm32cubeide/plugins/com.st.stm32cube.ide.mcu.externaltools.gnu-tools-for-stm32.7-2018-q2-update.win32_1.5.0.202011040924/tools/bin/../lib/gcc/arm-none-eabi/7.3.1/../../../../arm-none-eabi/lib/thumb/v7e-m/fpv4-sp/hard\libc_nano.a(lib_a-nano-msizer.o)
                0x0000000008005ec0                _malloc_usable_size_r
 *(.glue_7)
 .glue_7        0x0000000008005ed0        0x0 linker stubs
 *(.glue_7t)
 .glue_7t       0x0000000008005ed0        0x0 linker stubs
 *(.eh_frame)
 .eh_frame      0x0000000008005ed0        0x0 d:/embedded/stm32cubeide_1.5.1/stm32cubeide/plugins/com.st.stm32cube.ide.mcu.externaltools.gnu-tools-for-stm32.7-2018-q2-update.win32_1.5.0.202011040924/tools/bin/../lib/gcc/arm-none-eabi/7.3.1/thumb/v7e-m/fpv4-sp/hard/crtbegin.o
 *(.init)
 .init          0x0000000008005ed0        0x4 d:/embedded/stm32cubeide_1.5.1/stm32cubeide/plugins/com.st.stm32cube.ide.mcu.externaltools.gnu-tools-for-stm32.7-2018-q2-update.win32_1.5.0.202011040924/tools/bin/../lib/gcc/arm-none-eabi/7.3.1/thumb/v7e-m/fpv4-sp/hard/crti.o
                0x0000000008005ed0                _init
 .init          0x0000000008005ed4        0x8 d:/embedded/stm32cubeide_1.5.1/stm32cubeide/plugins/com.st.stm32cube.ide.mcu.externaltools.gnu-tools-for-stm32.7-2018-q2-update.win32_1.5.0.202011040924/tools/bin/../lib/gcc/arm-none-eabi/7.3.1/thumb/v7e-m/fpv4-sp/hard/crtn.o
 *(.fini)
 .fini          0x0000000008005edc        0x4 d:/embedded/stm32cubeide_1.5.1/stm32cubeide/plugins/com.st.stm32cube.ide.mcu.externaltools.gnu-tools-for-stm32.7-2018-q2-update.win32_1.5.0.202011040924/tools/bin/../lib/gcc/arm-none-eabi/7.3.1/thumb/v7e-m/fpv4-sp/hard/crti.o
                0x0000000008005edc                _fini
 .fini          0x0000000008005ee0        0x8 d:/embedded/stm32cubeide_1.5.1/stm32cubeide/plugins/com.st.stm32cube.ide.mcu.externaltools.gnu-tools-for-stm32.7-2018-q2-update.win32_1.5.0.202011040924/tools/bin/../lib/gcc/arm-none-eabi/7.3.1/thumb/v7e-m/fpv4-sp/hard/crtn.o
                0x0000000008005ee8                . = ALIGN (0x4)
                0x0000000008005ee8                _etext = .

.vfp11_veneer   0x0000000008005ee8        0x0
 .vfp11_veneer  0x0000000008005ee8        0x0 linker stubs

.v4_bx          0x0000000008005ee8        0x0
 .v4_bx         0x0000000008005ee8        0x0 linker stubs

.iplt           0x0000000008005ee8        0x0
 .iplt          0x0000000008005ee8        0x0 d:/embedded/stm32cubeide_1.5.1/stm32cubeide/plugins/com.st.stm32cube.ide.mcu.externaltools.gnu-tools-for-stm32.7-2018-q2-update.win32_1.5.0.202011040924/tools/bin/../lib/gcc/arm-none-eabi/7.3.1/thumb/v7e-m/fpv4-sp/hard/crtbegin.o

.rodata         0x0000000008005ee8      0x128
                0x0000000008005ee8                . = ALIGN (0x4)
 *(.rodata)
 .rodata        0x0000000008005ee8       0xc1 Core/Src/main.o
 *fill*         0x0000000008005fa9        0x3 
 .rodata        0x0000000008005fac        0x5 Middlewares/Third_Party/FreeRTOS/Source/tasks.o
 *fill*         0x0000000008005fb1        0x3 
 .rodata        0x0000000008005fb4        0xd Middlewares/Third_Party/FreeRTOS/Source/timers.o
 *(.rodata*)
 *fill*         0x0000000008005fc1        0x3 
 .rodata.AHBPrescTable
                0x0000000008005fc4       0x10 Core/Src/system_stm32f4xx.o
                0x0000000008005fc4                AHBPrescTable
 .rodata.APBPrescTable
                0x0000000008005fd4        0x8 Core/Src/system_stm32f4xx.o
                0x0000000008005fd4                APBPrescTable
 .rodata._svfprintf_r.str1.1
                0x0000000008005fdc       0x11 d:/embedded/stm32cubeide_1.5.1/stm32cubeide/plugins/com.st.stm32cube.ide.mcu.externaltools.gnu-tools-for-stm32.7-2018-q2-update.win32_1.5.0.202011040924/tools/bin/../lib/gcc/arm-none-eabi/7.3.1/../../../../arm-none-eabi/lib/thumb/v7e-m/fpv4-sp/hard\libc_nano.a(lib_a-nano-svfprintf.o)
 .rodata._printf_i.str1.1
                0x0000000008005fed       0x22 d:/embedded/stm32cubeide_1.5.1/stm32cubeide/plugins/com.st.stm32cube.ide.mcu.externaltools.gnu-tools-for-stm32.7-2018-q2-update.win32_1.5.0.202011040924/tools/bin/../lib/gcc/arm-none-eabi/7.3.1/../../../../arm-none-eabi/lib/thumb/v7e-m/fpv4-sp/hard\libc_nano.a(lib_a-nano-vfprintf_i.o)
                0x0000000008006010                . = ALIGN (0x4)
 *fill*         0x000000000800600f        0x1 

.ARM.extab      0x0000000008006010        0x0
                0x0000000008006010                . = ALIGN (0x4)
 *(.ARM.extab* .gnu.linkonce.armextab.*)
                0x0000000008006010                . = ALIGN (0x4)

.ARM            0x0000000008006010        0x8
                0x0000000008006010                . = ALIGN (0x4)
                0x0000000008006010                __exidx_start = .
 *(.ARM.exidx*)
 .ARM.exidx     0x0000000008006010        0x8 d:/embedded/stm32cubeide_1.5.1/stm32cubeide/plugins/com.st.stm32cube.ide.mcu.externaltools.gnu-tools-for-stm32.7-2018-q2-update.win32_1.5.0.202011040924/tools/bin/../lib/gcc/arm-none-eabi/7.3.1/thumb/v7e-m/fpv4-sp/hard\libgcc.a(_udivmoddi4.o)
                0x0000000008006018                __exidx_end = .
                0x0000000008006018                . = ALIGN (0x4)

.rel.dyn        0x0000000008006018        0x0
 .rel.iplt      0x0000000008006018        0x0 d:/embedded/stm32cubeide_1.5.1/stm32cubeide/plugins/com.st.stm32cube.ide.mcu.externaltools.gnu-tools-for-stm32.7-2018-q2-update.win32_1.5.0.202011040924/tools/bin/../lib/gcc/arm-none-eabi/7.3.1/thumb/v7e-m/fpv4-sp/hard/crtbegin.o

.preinit_array  0x0000000008006018        0x0
                0x0000000008006018                . = ALIGN (0x4)
                0x0000000008006018                PROVIDE (__preinit_array_start = .)
 *(.preinit_array*)
                0x0000000008006018                PROVIDE (__preinit_array_end = .)
                0x0000000008006018                . = ALIGN (0x4)

.init_array     0x0000000008006018        0x4
                0x0000000008006018                . = ALIGN (0x4)
                0x0000000008006018                PROVIDE (__init_array_start = .)
 *(SORT_BY_NAME(.init_array.*))
 *(.init_array*)
 .init_array    0x0000000008006018        0x4 d:/embedded/stm32cubeide_1.5.1/stm32cubeide/plugins/com.st.stm32cube.ide.mcu.externaltools.gnu-tools-for-stm32.7-2018-q2-update.win32_1.5.0.202011040924/tools/bin/../lib/gcc/arm-none-eabi/7.3.1/thumb/v7e-m/fpv4-sp/hard/crtbegin.o
                0x000000000800601c                PROVIDE (__init_array_end = .)
                0x000000000800601c                . = ALIGN (0x4)

.fini_array     0x000000000800601c        0x4
                0x000000000800601c                . = ALIGN (0x4)
                [!provide]                        PROVIDE (__fini_array_start = .)
 *(SORT_BY_NAME(.fini_array.*))
 *(.fini_array*)
 .fini_array    0x000000000800601c        0x4 d:/embedded/stm32cubeide_1.5.1/stm32cubeide/plugins/com.st.stm32cube.ide.mcu.externaltools.gnu-tools-for-stm32.7-2018-q2-update.win32_1.5.0.202011040924/tools/bin/../lib/gcc/arm-none-eabi/7.3.1/thumb/v7e-m/fpv4-sp/hard/crtbegin.o
                [!provide]                        PROVIDE (__fini_array_end = .)
                0x0000000008006020                . = ALIGN (0x4)
                0x0000000008006020                _sidata = LOADADDR (.data)

.data           0x0000000020000000       0x74 load address 0x0000000008006020
                0x0000000020000000                . = ALIGN (0x4)
                0x0000000020000000                _sdata = .
 *(.data)
 *(.data*)
 .data.SystemCoreClock
                0x0000000020000000        0x4 Core/Src/system_stm32f4xx.o
                0x0000000020000000                SystemCoreClock
 .data.uwTickPrio
                0x0000000020000004        0x4 Drivers/STM32F4xx_HAL_Driver/Src/stm32f4xx_hal.o
                0x0000000020000004                uwTickPrio
 .data.uwTickFreq
                0x0000000020000008        0x1 Drivers/STM32F4xx_HAL_Driver/Src/stm32f4xx_hal.o
                0x0000000020000008                uwTickFreq
 *fill*         0x0000000020000009        0x3 
 .data.uxCriticalNesting
                0x000000002000000c        0x4 Middlewares/Third_Party/FreeRTOS/Source/portable/GCC/ARM_CM4F/port.o
 .data._impure_ptr
                0x0000000020000010        0x4 d:/embedded/stm32cubeide_1.5.1/stm32cubeide/plugins/com.st.stm32cube.ide.mcu.externaltools.gnu-tools-for-stm32.7-2018-q2-update.win32_1.5.0.202011040924/tools/bin/../lib/gcc/arm-none-eabi/7.3.1/../../../../arm-none-eabi/lib/thumb/v7e-m/fpv4-sp/hard\libc_nano.a(lib_a-impure.o)
                0x0000000020000010                _impure_ptr
 .data.impure_data
                0x0000000020000014       0x60 d:/embedded/stm32cubeide_1.5.1/stm32cubeide/plugins/com.st.stm32cube.ide.mcu.externaltools.gnu-tools-for-stm32.7-2018-q2-update.win32_1.5.0.202011040924/tools/bin/../lib/gcc/arm-none-eabi/7.3.1/../../../../arm-none-eabi/lib/thumb/v7e-m/fpv4-sp/hard\libc_nano.a(lib_a-impure.o)
 *(.RamFunc)
 *(.RamFunc*)
                0x0000000020000074                . = ALIGN (0x4)
                0x0000000020000074                _edata = .

.igot.plt       0x0000000020000074        0x0 load address 0x0000000008006094
 .igot.plt      0x0000000020000074        0x0 d:/embedded/stm32cubeide_1.5.1/stm32cubeide/plugins/com.st.stm32cube.ide.mcu.externaltools.gnu-tools-for-stm32.7-2018-q2-update.win32_1.5.0.202011040924/tools/bin/../lib/gcc/arm-none-eabi/7.3.1/thumb/v7e-m/fpv4-sp/hard/crtbegin.o
                0x0000000020000074                . = ALIGN (0x4)

.bss            0x0000000020000074     0x45b8 load address 0x0000000008006094
                0x0000000020000074                _sbss = .
                0x0000000020000074                __bss_start__ = _sbss
 *(.bss)
 .bss           0x0000000020000074       0x1c d:/embedded/stm32cubeide_1.5.1/stm32cubeide/plugins/com.st.stm32cube.ide.mcu.externaltools.gnu-tools-for-stm32.7-2018-q2-update.win32_1.5.0.202011040924/tools/bin/../lib/gcc/arm-none-eabi/7.3.1/thumb/v7e-m/fpv4-sp/hard/crtbegin.o
 *(.bss*)
 .bss.xIdleTaskTCBBuffer
                0x0000000020000090       0x54 Core/Src/freertos.o
 .bss.xIdleStack
                0x00000000200000e4      0x200 Core/Src/freertos.o
 .bss.xTimerTaskTCBBuffer
                0x00000000200002e4       0x54 Core/Src/freertos.o
 .bss.xTimerStack
                0x0000000020000338      0x400 Core/Src/freertos.o
 .bss.__sbrk_heap_end
                0x0000000020000738        0x4 Core/Src/sysmem.o
 .bss.pxCurrentTCB
                0x000000002000073c        0x4 Middlewares/Third_Party/FreeRTOS/Source/tasks.o
                0x000000002000073c                pxCurrentTCB
 .bss.pxReadyTasksLists
                0x0000000020000740       0x8c Middlewares/Third_Party/FreeRTOS/Source/tasks.o
 .bss.xDelayedTaskList1
                0x00000000200007cc       0x14 Middlewares/Third_Party/FreeRTOS/Source/tasks.o
 .bss.xDelayedTaskList2
                0x00000000200007e0       0x14 Middlewares/Third_Party/FreeRTOS/Source/tasks.o
 .bss.pxDelayedTaskList
                0x00000000200007f4        0x4 Middlewares/Third_Party/FreeRTOS/Source/tasks.o
 .bss.pxOverflowDelayedTaskList
                0x00000000200007f8        0x4 Middlewares/Third_Party/FreeRTOS/Source/tasks.o
 .bss.xPendingReadyList
                0x00000000200007fc       0x14 Middlewares/Third_Party/FreeRTOS/Source/tasks.o
 .bss.xTasksWaitingTermination
                0x0000000020000810       0x14 Middlewares/Third_Party/FreeRTOS/Source/tasks.o
 .bss.uxDeletedTasksWaitingCleanUp
                0x0000000020000824        0x4 Middlewares/Third_Party/FreeRTOS/Source/tasks.o
 .bss.xSuspendedTaskList
                0x0000000020000828       0x14 Middlewares/Third_Party/FreeRTOS/Source/tasks.o
 .bss.uxCurrentNumberOfTasks
                0x000000002000083c        0x4 Middlewares/Third_Party/FreeRTOS/Source/tasks.o
 .bss.xTickCount
                0x0000000020000840        0x4 Middlewares/Third_Party/FreeRTOS/Source/tasks.o
 .bss.uxTopReadyPriority
                0x0000000020000844        0x4 Middlewares/Third_Party/FreeRTOS/Source/tasks.o
 .bss.xSchedulerRunning
                0x0000000020000848        0x4 Middlewares/Third_Party/FreeRTOS/Source/tasks.o
 .bss.uxPendedTicks
                0x000000002000084c        0x4 Middlewares/Third_Party/FreeRTOS/Source/tasks.o
 .bss.xYieldPending
                0x0000000020000850        0x4 Middlewares/Third_Party/FreeRTOS/Source/tasks.o
 .bss.xNumOfOverflows
                0x0000000020000854        0x4 Middlewares/Third_Party/FreeRTOS/Source/tasks.o
 .bss.uxTaskNumber
                0x0000000020000858        0x4 Middlewares/Third_Party/FreeRTOS/Source/tasks.o
 .bss.xNextTaskUnblockTime
                0x000000002000085c        0x4 Middlewares/Third_Party/FreeRTOS/Source/tasks.o
 .bss.xIdleTaskHandle
                0x0000000020000860        0x4 Middlewares/Third_Party/FreeRTOS/Source/tasks.o
 .bss.uxSchedulerSuspended
                0x0000000020000864        0x4 Middlewares/Third_Party/FreeRTOS/Source/tasks.o
 .bss.xActiveTimerList1
                0x0000000020000868       0x14 Middlewares/Third_Party/FreeRTOS/Source/timers.o
 .bss.xActiveTimerList2
                0x000000002000087c       0x14 Middlewares/Third_Party/FreeRTOS/Source/timers.o
 .bss.pxCurrentTimerList
                0x0000000020000890        0x4 Middlewares/Third_Party/FreeRTOS/Source/timers.o
 .bss.pxOverflowTimerList
                0x0000000020000894        0x4 Middlewares/Third_Party/FreeRTOS/Source/timers.o
 .bss.xTimerQueue
                0x0000000020000898        0x4 Middlewares/Third_Party/FreeRTOS/Source/timers.o
 .bss.xTimerTaskHandle
                0x000000002000089c        0x4 Middlewares/Third_Party/FreeRTOS/Source/timers.o
 .bss.xLastTime.6734
                0x00000000200008a0        0x4 Middlewares/Third_Party/FreeRTOS/Source/timers.o
 .bss.ucStaticTimerQueueStorage.6783
                0x00000000200008a4       0x78 Middlewares/Third_Party/FreeRTOS/Source/timers.o
 .bss.xStaticTimerQueue.6782
                0x000000002000091c       0x48 Middlewares/Third_Party/FreeRTOS/Source/timers.o
 .bss.ucMaxSysCallPriority
                0x0000000020000964        0x1 Middlewares/Third_Party/FreeRTOS/Source/portable/GCC/ARM_CM4F/port.o
 *fill*         0x0000000020000965        0x3 
 .bss.ulMaxPRIGROUPValue
                0x0000000020000968        0x4 Middlewares/Third_Party/FreeRTOS/Source/portable/GCC/ARM_CM4F/port.o
 .bss.ucHeap    0x000000002000096c     0x3c00 Middlewares/Third_Party/FreeRTOS/Source/portable/MemMang/heap_4.o
 .bss.xStart    0x000000002000456c        0x8 Middlewares/Third_Party/FreeRTOS/Source/portable/MemMang/heap_4.o
 .bss.pxEnd     0x0000000020004574        0x4 Middlewares/Third_Party/FreeRTOS/Source/portable/MemMang/heap_4.o
 .bss.xFreeBytesRemaining
                0x0000000020004578        0x4 Middlewares/Third_Party/FreeRTOS/Source/portable/MemMang/heap_4.o
 .bss.xMinimumEverFreeBytesRemaining
                0x000000002000457c        0x4 Middlewares/Third_Party/FreeRTOS/Source/portable/MemMang/heap_4.o
 .bss.xBlockAllocatedBit
                0x0000000020004580        0x4 Middlewares/Third_Party/FreeRTOS/Source/portable/MemMang/heap_4.o
 .bss.__malloc_free_list
                0x0000000020004584        0x4 d:/embedded/stm32cubeide_1.5.1/stm32cubeide/plugins/com.st.stm32cube.ide.mcu.externaltools.gnu-tools-for-stm32.7-2018-q2-update.win32_1.5.0.202011040924/tools/bin/../lib/gcc/arm-none-eabi/7.3.1/../../../../arm-none-eabi/lib/thumb/v7e-m/fpv4-sp/hard\libc_nano.a(lib_a-nano-mallocr.o)
                0x0000000020004584                __malloc_free_list
 .bss.__malloc_sbrk_start
                0x0000000020004588        0x4 d:/embedded/stm32cubeide_1.5.1/stm32cubeide/plugins/com.st.stm32cube.ide.mcu.externaltools.gnu-tools-for-stm32.7-2018-q2-update.win32_1.5.0.202011040924/tools/bin/../lib/gcc/arm-none-eabi/7.3.1/../../../../arm-none-eabi/lib/thumb/v7e-m/fpv4-sp/hard\libc_nano.a(lib_a-nano-mallocr.o)
                0x0000000020004588                __malloc_sbrk_start
 *(COMMON)
 COMMON         0x000000002000458c       0x58 Core/Src/main.o
                0x000000002000458c                Task02Handle
                0x0000000020004590                Task04Handle
                0x0000000020004594                Task01Handle
                0x0000000020004598                myBinarySem01Handle
                0x000000002000459c                Task03Handle
                0x00000000200045a0                Task05Handle
                0x00000000200045a4                huart2
 COMMON         0x00000000200045e4        0x4 Drivers/STM32F4xx_HAL_Driver/Src/stm32f4xx_hal.o
                0x00000000200045e4                uwTick
 COMMON         0x00000000200045e8       0x40 Middlewares/Third_Party/FreeRTOS/Source/queue.o
                0x00000000200045e8                xQueueRegistry
 COMMON         0x0000000020004628        0x4 d:/embedded/stm32cubeide_1.5.1/stm32cubeide/plugins/com.st.stm32cube.ide.mcu.externaltools.gnu-tools-for-stm32.7-2018-q2-update.win32_1.5.0.202011040924/tools/bin/../lib/gcc/arm-none-eabi/7.3.1/../../../../arm-none-eabi/lib/thumb/v7e-m/fpv4-sp/hard\libc_nano.a(lib_a-reent.o)
                0x0000000020004628                errno
                0x000000002000462c                . = ALIGN (0x4)
                0x000000002000462c                _ebss = .
                0x000000002000462c                __bss_end__ = _ebss

._user_heap_stack
                0x000000002000462c      0x604 load address 0x0000000008006094
                0x0000000020004630                . = ALIGN (0x8)
 *fill*         0x000000002000462c        0x4 
                [!provide]                        PROVIDE (end = .)
                0x0000000020004630                PROVIDE (_end = .)
                0x0000000020004830                . = (. + _Min_Heap_Size)
 *fill*         0x0000000020004630      0x200 
                0x0000000020004c30                . = (. + _Min_Stack_Size)
 *fill*         0x0000000020004830      0x400 
                0x0000000020004c30                . = ALIGN (0x8)

/DISCARD/
 libc.a(*)
 libm.a(*)
 libgcc.a(*)

.ARM.attributes
                0x0000000000000000       0x30
 *(.ARM.attributes)
 .ARM.attributes
                0x0000000000000000       0x22 d:/embedded/stm32cubeide_1.5.1/stm32cubeide/plugins/com.st.stm32cube.ide.mcu.externaltools.gnu-tools-for-stm32.7-2018-q2-update.win32_1.5.0.202011040924/tools/bin/../lib/gcc/arm-none-eabi/7.3.1/thumb/v7e-m/fpv4-sp/hard/crti.o
 .ARM.attributes
                0x0000000000000022       0x34 d:/embedded/stm32cubeide_1.5.1/stm32cubeide/plugins/com.st.stm32cube.ide.mcu.externaltools.gnu-tools-for-stm32.7-2018-q2-update.win32_1.5.0.202011040924/tools/bin/../lib/gcc/arm-none-eabi/7.3.1/thumb/v7e-m/fpv4-sp/hard/crtbegin.o
 .ARM.attributes
                0x0000000000000056       0x39 Core/Src/freertos.o
 .ARM.attributes
                0x000000000000008f       0x39 Core/Src/main.o
 .ARM.attributes
                0x00000000000000c8       0x39 Core/Src/stm32f4xx_hal_msp.o
 .ARM.attributes
                0x0000000000000101       0x39 Core/Src/stm32f4xx_it.o
 .ARM.attributes
                0x000000000000013a       0x39 Core/Src/sysmem.o
 .ARM.attributes
                0x0000000000000173       0x39 Core/Src/system_stm32f4xx.o
 .ARM.attributes
                0x00000000000001ac       0x21 Core/Startup/startup_stm32f411retx.o
 .ARM.attributes
                0x00000000000001cd       0x39 Drivers/STM32F4xx_HAL_Driver/Src/stm32f4xx_hal.o
 .ARM.attributes
                0x0000000000000206       0x39 Drivers/STM32F4xx_HAL_Driver/Src/stm32f4xx_hal_cortex.o
 .ARM.attributes
                0x000000000000023f       0x39 Drivers/STM32F4xx_HAL_Driver/Src/stm32f4xx_hal_gpio.o
 .ARM.attributes
                0x0000000000000278       0x39 Drivers/STM32F4xx_HAL_Driver/Src/stm32f4xx_hal_rcc.o
 .ARM.attributes
                0x00000000000002b1       0x39 Drivers/STM32F4xx_HAL_Driver/Src/stm32f4xx_hal_uart.o
 .ARM.attributes
                0x00000000000002ea       0x39 Middlewares/Third_Party/FreeRTOS/Source/CMSIS_RTOS/cmsis_os.o
 .ARM.attributes
                0x0000000000000323       0x39 Middlewares/Third_Party/FreeRTOS/Source/list.o
 .ARM.attributes
                0x000000000000035c       0x39 Middlewares/Third_Party/FreeRTOS/Source/queue.o
 .ARM.attributes
                0x0000000000000395       0x39 Middlewares/Third_Party/FreeRTOS/Source/tasks.o
 .ARM.attributes
                0x00000000000003ce       0x39 Middlewares/Third_Party/FreeRTOS/Source/timers.o
 .ARM.attributes
                0x0000000000000407       0x39 Middlewares/Third_Party/FreeRTOS/Source/portable/GCC/ARM_CM4F/port.o
 .ARM.attributes
                0x0000000000000440       0x39 Middlewares/Third_Party/FreeRTOS/Source/portable/MemMang/heap_4.o
 .ARM.attributes
                0x0000000000000479       0x34 d:/embedded/stm32cubeide_1.5.1/stm32cubeide/plugins/com.st.stm32cube.ide.mcu.externaltools.gnu-tools-for-stm32.7-2018-q2-update.win32_1.5.0.202011040924/tools/bin/../lib/gcc/arm-none-eabi/7.3.1/../../../../arm-none-eabi/lib/thumb/v7e-m/fpv4-sp/hard\libc_nano.a(lib_a-errno.o)
 .ARM.attributes
                0x00000000000004ad       0x34 d:/embedded/stm32cubeide_1.5.1/stm32cubeide/plugins/com.st.stm32cube.ide.mcu.externaltools.gnu-tools-for-stm32.7-2018-q2-update.win32_1.5.0.202011040924/tools/bin/../lib/gcc/arm-none-eabi/7.3.1/../../../../arm-none-eabi/lib/thumb/v7e-m/fpv4-sp/hard\libc_nano.a(lib_a-impure.o)
 .ARM.attributes
                0x00000000000004e1       0x34 d:/embedded/stm32cubeide_1.5.1/stm32cubeide/plugins/com.st.stm32cube.ide.mcu.externaltools.gnu-tools-for-stm32.7-2018-q2-update.win32_1.5.0.202011040924/tools/bin/../lib/gcc/arm-none-eabi/7.3.1/../../../../arm-none-eabi/lib/thumb/v7e-m/fpv4-sp/hard\libc_nano.a(lib_a-init.o)
 .ARM.attributes
                0x0000000000000515       0x34 d:/embedded/stm32cubeide_1.5.1/stm32cubeide/plugins/com.st.stm32cube.ide.mcu.externaltools.gnu-tools-for-stm32.7-2018-q2-update.win32_1.5.0.202011040924/tools/bin/../lib/gcc/arm-none-eabi/7.3.1/../../../../arm-none-eabi/lib/thumb/v7e-m/fpv4-sp/hard\libc_nano.a(lib_a-memcpy-stub.o)
 .ARM.attributes
                0x0000000000000549       0x34 d:/embedded/stm32cubeide_1.5.1/stm32cubeide/plugins/com.st.stm32cube.ide.mcu.externaltools.gnu-tools-for-stm32.7-2018-q2-update.win32_1.5.0.202011040924/tools/bin/../lib/gcc/arm-none-eabi/7.3.1/../../../../arm-none-eabi/lib/thumb/v7e-m/fpv4-sp/hard\libc_nano.a(lib_a-memset.o)
 .ARM.attributes
                0x000000000000057d       0x34 d:/embedded/stm32cubeide_1.5.1/stm32cubeide/plugins/com.st.stm32cube.ide.mcu.externaltools.gnu-tools-for-stm32.7-2018-q2-update.win32_1.5.0.202011040924/tools/bin/../lib/gcc/arm-none-eabi/7.3.1/../../../../arm-none-eabi/lib/thumb/v7e-m/fpv4-sp/hard\libc_nano.a(lib_a-sprintf.o)
 .ARM.attributes
                0x00000000000005b1       0x1b d:/embedded/stm32cubeide_1.5.1/stm32cubeide/plugins/com.st.stm32cube.ide.mcu.externaltools.gnu-tools-for-stm32.7-2018-q2-update.win32_1.5.0.202011040924/tools/bin/../lib/gcc/arm-none-eabi/7.3.1/../../../../arm-none-eabi/lib/thumb/v7e-m/fpv4-sp/hard\libc_nano.a(lib_a-strlen.o)
 .ARM.attributes
                0x00000000000005cc       0x34 d:/embedded/stm32cubeide_1.5.1/stm32cubeide/plugins/com.st.stm32cube.ide.mcu.externaltools.gnu-tools-for-stm32.7-2018-q2-update.win32_1.5.0.202011040924/tools/bin/../lib/gcc/arm-none-eabi/7.3.1/../../../../arm-none-eabi/lib/thumb/v7e-m/fpv4-sp/hard\libc_nano.a(lib_a-nano-svfprintf.o)
 .ARM.attributes
                0x0000000000000600       0x34 d:/embedded/stm32cubeide_1.5.1/stm32cubeide/plugins/com.st.stm32cube.ide.mcu.externaltools.gnu-tools-for-stm32.7-2018-q2-update.win32_1.5.0.202011040924/tools/bin/../lib/gcc/arm-none-eabi/7.3.1/../../../../arm-none-eabi/lib/thumb/v7e-m/fpv4-sp/hard\libc_nano.a(lib_a-nano-vfprintf_i.o)
 .ARM.attributes
                0x0000000000000634       0x20 d:/embedded/stm32cubeide_1.5.1/stm32cubeide/plugins/com.st.stm32cube.ide.mcu.externaltools.gnu-tools-for-stm32.7-2018-q2-update.win32_1.5.0.202011040924/tools/bin/../lib/gcc/arm-none-eabi/7.3.1/../../../../arm-none-eabi/lib/thumb/v7e-m/fpv4-sp/hard\libc_nano.a(lib_a-memchr.o)
 .ARM.attributes
                0x0000000000000654       0x34 d:/embedded/stm32cubeide_1.5.1/stm32cubeide/plugins/com.st.stm32cube.ide.mcu.externaltools.gnu-tools-for-stm32.7-2018-q2-update.win32_1.5.0.202011040924/tools/bin/../lib/gcc/arm-none-eabi/7.3.1/../../../../arm-none-eabi/lib/thumb/v7e-m/fpv4-sp/hard\libc_nano.a(lib_a-memmove.o)
 .ARM.attributes
                0x0000000000000688       0x34 d:/embedded/stm32cubeide_1.5.1/stm32cubeide/plugins/com.st.stm32cube.ide.mcu.externaltools.gnu-tools-for-stm32.7-2018-q2-update.win32_1.5.0.202011040924/tools/bin/../lib/gcc/arm-none-eabi/7.3.1/../../../../arm-none-eabi/lib/thumb/v7e-m/fpv4-sp/hard\libc_nano.a(lib_a-nano-freer.o)
 .ARM.attributes
                0x00000000000006bc       0x34 d:/embedded/stm32cubeide_1.5.1/stm32cubeide/plugins/com.st.stm32cube.ide.mcu.externaltools.gnu-tools-for-stm32.7-2018-q2-update.win32_1.5.0.202011040924/tools/bin/../lib/gcc/arm-none-eabi/7.3.1/../../../../arm-none-eabi/lib/thumb/v7e-m/fpv4-sp/hard\libc_nano.a(lib_a-nano-mallocr.o)
 .ARM.attributes
                0x00000000000006f0       0x34 d:/embedded/stm32cubeide_1.5.1/stm32cubeide/plugins/com.st.stm32cube.ide.mcu.externaltools.gnu-tools-for-stm32.7-2018-q2-update.win32_1.5.0.202011040924/tools/bin/../lib/gcc/arm-none-eabi/7.3.1/../../../../arm-none-eabi/lib/thumb/v7e-m/fpv4-sp/hard\libc_nano.a(lib_a-nano-reallocr.o)
 .ARM.attributes
                0x0000000000000724       0x34 d:/embedded/stm32cubeide_1.5.1/stm32cubeide/plugins/com.st.stm32cube.ide.mcu.externaltools.gnu-tools-for-stm32.7-2018-q2-update.win32_1.5.0.202011040924/tools/bin/../lib/gcc/arm-none-eabi/7.3.1/../../../../arm-none-eabi/lib/thumb/v7e-m/fpv4-sp/hard\libc_nano.a(lib_a-sbrkr.o)
 .ARM.attributes
                0x0000000000000758       0x34 d:/embedded/stm32cubeide_1.5.1/stm32cubeide/plugins/com.st.stm32cube.ide.mcu.externaltools.gnu-tools-for-stm32.7-2018-q2-update.win32_1.5.0.202011040924/tools/bin/../lib/gcc/arm-none-eabi/7.3.1/../../../../arm-none-eabi/lib/thumb/v7e-m/fpv4-sp/hard\libc_nano.a(lib_a-mlock.o)
 .ARM.attributes
                0x000000000000078c       0x34 d:/embedded/stm32cubeide_1.5.1/stm32cubeide/plugins/com.st.stm32cube.ide.mcu.externaltools.gnu-tools-for-stm32.7-2018-q2-update.win32_1.5.0.202011040924/tools/bin/../lib/gcc/arm-none-eabi/7.3.1/../../../../arm-none-eabi/lib/thumb/v7e-m/fpv4-sp/hard\libc_nano.a(lib_a-nano-msizer.o)
 .ARM.attributes
                0x00000000000007c0       0x34 d:/embedded/stm32cubeide_1.5.1/stm32cubeide/plugins/com.st.stm32cube.ide.mcu.externaltools.gnu-tools-for-stm32.7-2018-q2-update.win32_1.5.0.202011040924/tools/bin/../lib/gcc/arm-none-eabi/7.3.1/../../../../arm-none-eabi/lib/thumb/v7e-m/fpv4-sp/hard\libc_nano.a(lib_a-reent.o)
 .ARM.attributes
                0x00000000000007f4       0x22 d:/embedded/stm32cubeide_1.5.1/stm32cubeide/plugins/com.st.stm32cube.ide.mcu.externaltools.gnu-tools-for-stm32.7-2018-q2-update.win32_1.5.0.202011040924/tools/bin/../lib/gcc/arm-none-eabi/7.3.1/thumb/v7e-m/fpv4-sp/hard\libgcc.a(_aeabi_uldivmod.o)
 .ARM.attributes
                0x0000000000000816       0x34 d:/embedded/stm32cubeide_1.5.1/stm32cubeide/plugins/com.st.stm32cube.ide.mcu.externaltools.gnu-tools-for-stm32.7-2018-q2-update.win32_1.5.0.202011040924/tools/bin/../lib/gcc/arm-none-eabi/7.3.1/thumb/v7e-m/fpv4-sp/hard\libgcc.a(_udivmoddi4.o)
 .ARM.attributes
                0x000000000000084a       0x22 d:/embedded/stm32cubeide_1.5.1/stm32cubeide/plugins/com.st.stm32cube.ide.mcu.externaltools.gnu-tools-for-stm32.7-2018-q2-update.win32_1.5.0.202011040924/tools/bin/../lib/gcc/arm-none-eabi/7.3.1/thumb/v7e-m/fpv4-sp/hard\libgcc.a(_dvmd_tls.o)
 .ARM.attributes
                0x000000000000086c       0x22 d:/embedded/stm32cubeide_1.5.1/stm32cubeide/plugins/com.st.stm32cube.ide.mcu.externaltools.gnu-tools-for-stm32.7-2018-q2-update.win32_1.5.0.202011040924/tools/bin/../lib/gcc/arm-none-eabi/7.3.1/thumb/v7e-m/fpv4-sp/hard/crtn.o
OUTPUT(Lab3-3.elf elf32-littlearm)

.debug_info     0x0000000000000000    0x1039f
 .debug_info    0x0000000000000000      0x3b2 Core/Src/freertos.o
 .debug_info    0x00000000000003b2     0x1200 Core/Src/main.o
 .debug_info    0x00000000000015b2      0xaf7 Core/Src/stm32f4xx_hal_msp.o
 .debug_info    0x00000000000020a9      0x1fa Core/Src/stm32f4xx_it.o
 .debug_info    0x00000000000022a3      0x985 Core/Src/sysmem.o
 .debug_info    0x0000000000002c28      0x57e Core/Src/system_stm32f4xx.o
 .debug_info    0x00000000000031a6       0x22 Core/Startup/startup_stm32f411retx.o
 .debug_info    0x00000000000031c8      0x8d5 Drivers/STM32F4xx_HAL_Driver/Src/stm32f4xx_hal.o
 .debug_info    0x0000000000003a9d      0xd98 Drivers/STM32F4xx_HAL_Driver/Src/stm32f4xx_hal_cortex.o
 .debug_info    0x0000000000004835      0x7d7 Drivers/STM32F4xx_HAL_Driver/Src/stm32f4xx_hal_gpio.o
 .debug_info    0x000000000000500c      0x92a Drivers/STM32F4xx_HAL_Driver/Src/stm32f4xx_hal_rcc.o
 .debug_info    0x0000000000005936     0x1244 Drivers/STM32F4xx_HAL_Driver/Src/stm32f4xx_hal_uart.o
 .debug_info    0x0000000000006b7a     0x1ec7 Middlewares/Third_Party/FreeRTOS/Source/CMSIS_RTOS/cmsis_os.o
 .debug_info    0x0000000000008a41      0xacb Middlewares/Third_Party/FreeRTOS/Source/list.o
 .debug_info    0x000000000000950c     0x2025 Middlewares/Third_Party/FreeRTOS/Source/queue.o
 .debug_info    0x000000000000b531     0x24fb Middlewares/Third_Party/FreeRTOS/Source/tasks.o
 .debug_info    0x000000000000da2c     0x1856 Middlewares/Third_Party/FreeRTOS/Source/timers.o
 .debug_info    0x000000000000f282      0x533 Middlewares/Third_Party/FreeRTOS/Source/portable/GCC/ARM_CM4F/port.o
 .debug_info    0x000000000000f7b5      0xbea Middlewares/Third_Party/FreeRTOS/Source/portable/MemMang/heap_4.o

.debug_abbrev   0x0000000000000000     0x276c
 .debug_abbrev  0x0000000000000000      0x121 Core/Src/freertos.o
 .debug_abbrev  0x0000000000000121      0x2ac Core/Src/main.o
 .debug_abbrev  0x00000000000003cd      0x195 Core/Src/stm32f4xx_hal_msp.o
 .debug_abbrev  0x0000000000000562       0xc6 Core/Src/stm32f4xx_it.o
 .debug_abbrev  0x0000000000000628      0x19b Core/Src/sysmem.o
 .debug_abbrev  0x00000000000007c3      0x12b Core/Src/system_stm32f4xx.o
 .debug_abbrev  0x00000000000008ee       0x12 Core/Startup/startup_stm32f411retx.o
 .debug_abbrev  0x0000000000000900      0x1f2 Drivers/STM32F4xx_HAL_Driver/Src/stm32f4xx_hal.o
 .debug_abbrev  0x0000000000000af2      0x2fa Drivers/STM32F4xx_HAL_Driver/Src/stm32f4xx_hal_cortex.o
 .debug_abbrev  0x0000000000000dec      0x1c9 Drivers/STM32F4xx_HAL_Driver/Src/stm32f4xx_hal_gpio.o
 .debug_abbrev  0x0000000000000fb5      0x245 Drivers/STM32F4xx_HAL_Driver/Src/stm32f4xx_hal_rcc.o
 .debug_abbrev  0x00000000000011fa      0x251 Drivers/STM32F4xx_HAL_Driver/Src/stm32f4xx_hal_uart.o
 .debug_abbrev  0x000000000000144b      0x379 Middlewares/Third_Party/FreeRTOS/Source/CMSIS_RTOS/cmsis_os.o
 .debug_abbrev  0x00000000000017c4      0x1cf Middlewares/Third_Party/FreeRTOS/Source/list.o
 .debug_abbrev  0x0000000000001993      0x336 Middlewares/Third_Party/FreeRTOS/Source/queue.o
 .debug_abbrev  0x0000000000001cc9      0x338 Middlewares/Third_Party/FreeRTOS/Source/tasks.o
 .debug_abbrev  0x0000000000002001      0x2bd Middlewares/Third_Party/FreeRTOS/Source/timers.o
 .debug_abbrev  0x00000000000022be      0x210 Middlewares/Third_Party/FreeRTOS/Source/portable/GCC/ARM_CM4F/port.o
 .debug_abbrev  0x00000000000024ce      0x29e Middlewares/Third_Party/FreeRTOS/Source/portable/MemMang/heap_4.o

.debug_aranges  0x0000000000000000      0xca8
 .debug_aranges
                0x0000000000000000       0x28 Core/Src/freertos.o
 .debug_aranges
                0x0000000000000028       0x68 Core/Src/main.o
 .debug_aranges
                0x0000000000000090       0x30 Core/Src/stm32f4xx_hal_msp.o
 .debug_aranges
                0x00000000000000c0       0x50 Core/Src/stm32f4xx_it.o
 .debug_aranges
                0x0000000000000110       0x20 Core/Src/sysmem.o
 .debug_aranges
                0x0000000000000130       0x28 Core/Src/system_stm32f4xx.o
 .debug_aranges
                0x0000000000000158       0x28 Core/Startup/startup_stm32f411retx.o
 .debug_aranges
                0x0000000000000180       0xf0 Drivers/STM32F4xx_HAL_Driver/Src/stm32f4xx_hal.o
 .debug_aranges
                0x0000000000000270      0x118 Drivers/STM32F4xx_HAL_Driver/Src/stm32f4xx_hal_cortex.o
 .debug_aranges
                0x0000000000000388       0x58 Drivers/STM32F4xx_HAL_Driver/Src/stm32f4xx_hal_gpio.o
 .debug_aranges
                0x00000000000003e0       0x88 Drivers/STM32F4xx_HAL_Driver/Src/stm32f4xx_hal_rcc.o
 .debug_aranges
                0x0000000000000468      0x1d0 Drivers/STM32F4xx_HAL_Driver/Src/stm32f4xx_hal_uart.o
 .debug_aranges
                0x0000000000000638      0x1d8 Middlewares/Third_Party/FreeRTOS/Source/CMSIS_RTOS/cmsis_os.o
 .debug_aranges
                0x0000000000000810       0x40 Middlewares/Third_Party/FreeRTOS/Source/list.o
 .debug_aranges
                0x0000000000000850      0x110 Middlewares/Third_Party/FreeRTOS/Source/queue.o
 .debug_aranges
                0x0000000000000960      0x1b0 Middlewares/Third_Party/FreeRTOS/Source/tasks.o
 .debug_aranges
                0x0000000000000b10       0xc8 Middlewares/Third_Party/FreeRTOS/Source/timers.o
 .debug_aranges
                0x0000000000000bd8       0x80 Middlewares/Third_Party/FreeRTOS/Source/portable/GCC/ARM_CM4F/port.o
 .debug_aranges
                0x0000000000000c58       0x50 Middlewares/Third_Party/FreeRTOS/Source/portable/MemMang/heap_4.o

.debug_ranges   0x0000000000000000      0xb80
 .debug_ranges  0x0000000000000000       0x18 Core/Src/freertos.o
 .debug_ranges  0x0000000000000018       0x58 Core/Src/main.o
 .debug_ranges  0x0000000000000070       0x20 Core/Src/stm32f4xx_hal_msp.o
 .debug_ranges  0x0000000000000090       0x40 Core/Src/stm32f4xx_it.o
 .debug_ranges  0x00000000000000d0       0x10 Core/Src/sysmem.o
 .debug_ranges  0x00000000000000e0       0x18 Core/Src/system_stm32f4xx.o
 .debug_ranges  0x00000000000000f8       0x20 Core/Startup/startup_stm32f411retx.o
 .debug_ranges  0x0000000000000118       0xe0 Drivers/STM32F4xx_HAL_Driver/Src/stm32f4xx_hal.o
 .debug_ranges  0x00000000000001f8      0x108 Drivers/STM32F4xx_HAL_Driver/Src/stm32f4xx_hal_cortex.o
 .debug_ranges  0x0000000000000300       0x48 Drivers/STM32F4xx_HAL_Driver/Src/stm32f4xx_hal_gpio.o
 .debug_ranges  0x0000000000000348       0x78 Drivers/STM32F4xx_HAL_Driver/Src/stm32f4xx_hal_rcc.o
 .debug_ranges  0x00000000000003c0      0x1c0 Drivers/STM32F4xx_HAL_Driver/Src/stm32f4xx_hal_uart.o
 .debug_ranges  0x0000000000000580      0x1c8 Middlewares/Third_Party/FreeRTOS/Source/CMSIS_RTOS/cmsis_os.o
 .debug_ranges  0x0000000000000748       0x30 Middlewares/Third_Party/FreeRTOS/Source/list.o
 .debug_ranges  0x0000000000000778      0x100 Middlewares/Third_Party/FreeRTOS/Source/queue.o
 .debug_ranges  0x0000000000000878      0x1a0 Middlewares/Third_Party/FreeRTOS/Source/tasks.o
 .debug_ranges  0x0000000000000a18       0xb8 Middlewares/Third_Party/FreeRTOS/Source/timers.o
 .debug_ranges  0x0000000000000ad0       0x70 Middlewares/Third_Party/FreeRTOS/Source/portable/GCC/ARM_CM4F/port.o
 .debug_ranges  0x0000000000000b40       0x40 Middlewares/Third_Party/FreeRTOS/Source/portable/MemMang/heap_4.o

.debug_macro    0x0000000000000000    0x169fe
 .debug_macro   0x0000000000000000      0x231 Core/Src/freertos.o
 .debug_macro   0x0000000000000231      0xa5a Core/Src/freertos.o
 .debug_macro   0x0000000000000c8b      0x174 Core/Src/freertos.o
 .debug_macro   0x0000000000000dff       0x22 Core/Src/freertos.o
 .debug_macro   0x0000000000000e21       0x8e Core/Src/freertos.o
 .debug_macro   0x0000000000000eaf       0x51 Core/Src/freertos.o
 .debug_macro   0x0000000000000f00       0xef Core/Src/freertos.o
 .debug_macro   0x0000000000000fef       0x6a Core/Src/freertos.o
 .debug_macro   0x0000000000001059      0x1df Core/Src/freertos.o
 .debug_macro   0x0000000000001238       0xfd Core/Src/freertos.o
 .debug_macro   0x0000000000001335      0x15a Core/Src/freertos.o
 .debug_macro   0x000000000000148f       0xde Core/Src/freertos.o
 .debug_macro   0x000000000000156d       0x1c Core/Src/freertos.o
 .debug_macro   0x0000000000001589       0x26 Core/Src/freertos.o
 .debug_macro   0x00000000000015af      0x4e1 Core/Src/freertos.o
 .debug_macro   0x0000000000001a90       0xb5 Core/Src/freertos.o
 .debug_macro   0x0000000000001b45       0xaa Core/Src/freertos.o
 .debug_macro   0x0000000000001bef      0x28e Core/Src/freertos.o
 .debug_macro   0x0000000000001e7d       0x2e Core/Src/freertos.o
 .debug_macro   0x0000000000001eab       0x28 Core/Src/freertos.o
 .debug_macro   0x0000000000001ed3       0x1c Core/Src/freertos.o
 .debug_macro   0x0000000000001eef       0x22 Core/Src/freertos.o
 .debug_macro   0x0000000000001f11       0xdf Core/Src/freertos.o
 .debug_macro   0x0000000000001ff0     0x102d Core/Src/freertos.o
 .debug_macro   0x000000000000301d      0x11f Core/Src/freertos.o
 .debug_macro   0x000000000000313c     0xb937 Core/Src/freertos.o
 .debug_macro   0x000000000000ea73       0x43 Core/Src/freertos.o
 .debug_macro   0x000000000000eab6     0x3659 Core/Src/freertos.o
 .debug_macro   0x000000000001210f       0x5a Core/Src/freertos.o
 .debug_macro   0x0000000000012169      0x447 Core/Src/freertos.o
 .debug_macro   0x00000000000125b0      0x9fe Core/Src/freertos.o
 .debug_macro   0x0000000000012fae      0x117 Core/Src/freertos.o
 .debug_macro   0x00000000000130c5      0x11b Core/Src/freertos.o
 .debug_macro   0x00000000000131e0       0x27 Core/Src/freertos.o
 .debug_macro   0x0000000000013207      0x15f Core/Src/freertos.o
 .debug_macro   0x0000000000013366      0x287 Core/Src/freertos.o
 .debug_macro   0x00000000000135ed       0x5f Core/Src/freertos.o
 .debug_macro   0x000000000001364c      0x236 Core/Src/freertos.o
 .debug_macro   0x0000000000013882      0x132 Core/Src/freertos.o
 .debug_macro   0x00000000000139b4      0x264 Core/Src/freertos.o
 .debug_macro   0x0000000000013c18       0x2e Core/Src/freertos.o
 .debug_macro   0x0000000000013c46      0x11a Core/Src/freertos.o
 .debug_macro   0x0000000000013d60       0x85 Core/Src/freertos.o
 .debug_macro   0x0000000000013de5       0x89 Core/Src/freertos.o
 .debug_macro   0x0000000000013e6e      0x287 Core/Src/freertos.o
 .debug_macro   0x00000000000140f5      0x126 Core/Src/freertos.o
 .debug_macro   0x000000000001421b       0x58 Core/Src/freertos.o
 .debug_macro   0x0000000000014273      0x27c Core/Src/main.o
 .debug_macro   0x00000000000144ef       0xfd Core/Src/main.o
 .debug_macro   0x00000000000145ec       0x91 Core/Src/main.o
 .debug_macro   0x000000000001467d       0x8d Core/Src/main.o
 .debug_macro   0x000000000001470a       0x7e Core/Src/main.o
 .debug_macro   0x0000000000014788       0x19 Core/Src/main.o
 .debug_macro   0x00000000000147a1       0xf2 Core/Src/main.o
 .debug_macro   0x0000000000014893      0x1c9 Core/Src/stm32f4xx_hal_msp.o
 .debug_macro   0x0000000000014a5c      0x23b Core/Src/stm32f4xx_it.o
 .debug_macro   0x0000000000014c97       0xee Core/Src/sysmem.o
 .debug_macro   0x0000000000014d85      0x23b Core/Src/sysmem.o
 .debug_macro   0x0000000000014fc0      0x1c0 Core/Src/system_stm32f4xx.o
 .debug_macro   0x0000000000015180      0x21a Drivers/STM32F4xx_HAL_Driver/Src/stm32f4xx_hal.o
 .debug_macro   0x000000000001539a      0x1ba Drivers/STM32F4xx_HAL_Driver/Src/stm32f4xx_hal_cortex.o
 .debug_macro   0x0000000000015554      0x1f0 Drivers/STM32F4xx_HAL_Driver/Src/stm32f4xx_hal_gpio.o
 .debug_macro   0x0000000000015744      0x1de Drivers/STM32F4xx_HAL_Driver/Src/stm32f4xx_hal_rcc.o
 .debug_macro   0x0000000000015922      0x1bb Drivers/STM32F4xx_HAL_Driver/Src/stm32f4xx_hal_uart.o
 .debug_macro   0x0000000000015add      0x1f1 Middlewares/Third_Party/FreeRTOS/Source/CMSIS_RTOS/cmsis_os.o
 .debug_macro   0x0000000000015cce       0x10 Middlewares/Third_Party/FreeRTOS/Source/CMSIS_RTOS/cmsis_os.o
 .debug_macro   0x0000000000015cde       0x20 Middlewares/Third_Party/FreeRTOS/Source/CMSIS_RTOS/cmsis_os.o
 .debug_macro   0x0000000000015cfe       0xc7 Middlewares/Third_Party/FreeRTOS/Source/CMSIS_RTOS/cmsis_os.o
 .debug_macro   0x0000000000015dc5      0x17a Middlewares/Third_Party/FreeRTOS/Source/list.o
 .debug_macro   0x0000000000015f3f      0x209 Middlewares/Third_Party/FreeRTOS/Source/queue.o
 .debug_macro   0x0000000000016148       0x16 Middlewares/Third_Party/FreeRTOS/Source/queue.o
 .debug_macro   0x000000000001615e       0x87 Middlewares/Third_Party/FreeRTOS/Source/queue.o
 .debug_macro   0x00000000000161e5      0x26c Middlewares/Third_Party/FreeRTOS/Source/tasks.o
 .debug_macro   0x0000000000016451       0x10 Middlewares/Third_Party/FreeRTOS/Source/tasks.o
 .debug_macro   0x0000000000016461      0x1cf Middlewares/Third_Party/FreeRTOS/Source/timers.o
 .debug_macro   0x0000000000016630       0x97 Middlewares/Third_Party/FreeRTOS/Source/timers.o
 .debug_macro   0x00000000000166c7      0x196 Middlewares/Third_Party/FreeRTOS/Source/portable/GCC/ARM_CM4F/port.o
 .debug_macro   0x000000000001685d      0x1a1 Middlewares/Third_Party/FreeRTOS/Source/portable/MemMang/heap_4.o

.debug_line     0x0000000000000000     0xad67
 .debug_line    0x0000000000000000      0x7b7 Core/Src/freertos.o
 .debug_line    0x00000000000007b7      0x9a1 Core/Src/main.o
 .debug_line    0x0000000000001158      0x6d8 Core/Src/stm32f4xx_hal_msp.o
 .debug_line    0x0000000000001830      0x833 Core/Src/stm32f4xx_it.o
 .debug_line    0x0000000000002063      0x4e5 Core/Src/sysmem.o
 .debug_line    0x0000000000002548      0x6c3 Core/Src/system_stm32f4xx.o
 .debug_line    0x0000000000002c0b       0x85 Core/Startup/startup_stm32f411retx.o
 .debug_line    0x0000000000002c90      0x8ad Drivers/STM32F4xx_HAL_Driver/Src/stm32f4xx_hal.o
 .debug_line    0x000000000000353d      0x9d1 Drivers/STM32F4xx_HAL_Driver/Src/stm32f4xx_hal_cortex.o
 .debug_line    0x0000000000003f0e      0x850 Drivers/STM32F4xx_HAL_Driver/Src/stm32f4xx_hal_gpio.o
 .debug_line    0x000000000000475e      0x905 Drivers/STM32F4xx_HAL_Driver/Src/stm32f4xx_hal_rcc.o
 .debug_line    0x0000000000005063      0xfbb Drivers/STM32F4xx_HAL_Driver/Src/stm32f4xx_hal_uart.o
 .debug_line    0x000000000000601e      0xd2f Middlewares/Third_Party/FreeRTOS/Source/CMSIS_RTOS/cmsis_os.o
 .debug_line    0x0000000000006d4d      0x68a Middlewares/Third_Party/FreeRTOS/Source/list.o
 .debug_line    0x00000000000073d7      0xfc6 Middlewares/Third_Party/FreeRTOS/Source/queue.o
 .debug_line    0x000000000000839d     0x1181 Middlewares/Third_Party/FreeRTOS/Source/tasks.o
 .debug_line    0x000000000000951e      0xa1e Middlewares/Third_Party/FreeRTOS/Source/timers.o
 .debug_line    0x0000000000009f3c      0x6bb Middlewares/Third_Party/FreeRTOS/Source/portable/GCC/ARM_CM4F/port.o
 .debug_line    0x000000000000a5f7      0x770 Middlewares/Third_Party/FreeRTOS/Source/portable/MemMang/heap_4.o

.debug_str      0x0000000000000000    0x8d74f
 .debug_str     0x0000000000000000    0x82de5 Core/Src/freertos.o
                                      0x830af (size before relaxing)
 .debug_str     0x0000000000082de5     0x2c17 Core/Src/main.o
                                      0x85c2b (size before relaxing)
 .debug_str     0x00000000000859fc      0x3e2 Core/Src/stm32f4xx_hal_msp.o
                                      0x7facb (size before relaxing)
 .debug_str     0x0000000000085dde       0xa2 Core/Src/stm32f4xx_it.o
                                      0x82f7c (size before relaxing)
 .debug_str     0x0000000000085e80     0x1e4e Core/Src/sysmem.o
                                       0x5f46 (size before relaxing)
 .debug_str     0x0000000000087cce       0xc4 Core/Src/system_stm32f4xx.o
                                      0x7f1f4 (size before relaxing)
 .debug_str     0x0000000000087d92       0x36 Core/Startup/startup_stm32f411retx.o
                                         0x53 (size before relaxing)
 .debug_str     0x0000000000087dc8      0x58d Drivers/STM32F4xx_HAL_Driver/Src/stm32f4xx_hal.o
                                      0x7fb69 (size before relaxing)
 .debug_str     0x0000000000088355      0x389 Drivers/STM32F4xx_HAL_Driver/Src/stm32f4xx_hal_cortex.o
                                      0x7f946 (size before relaxing)
 .debug_str     0x00000000000886de      0x20c Drivers/STM32F4xx_HAL_Driver/Src/stm32f4xx_hal_gpio.o
                                      0x7f433 (size before relaxing)
 .debug_str     0x00000000000888ea      0x259 Drivers/STM32F4xx_HAL_Driver/Src/stm32f4xx_hal_rcc.o
                                      0x7f5e1 (size before relaxing)
 .debug_str     0x0000000000088b43      0x527 Drivers/STM32F4xx_HAL_Driver/Src/stm32f4xx_hal_uart.o
                                      0x7fa2e (size before relaxing)
 .debug_str     0x000000000008906a     0x1be5 Middlewares/Third_Party/FreeRTOS/Source/CMSIS_RTOS/cmsis_os.o
                                       0xe16c (size before relaxing)
 .debug_str     0x000000000008ac4f      0x219 Middlewares/Third_Party/FreeRTOS/Source/list.o
                                       0xa786 (size before relaxing)
 .debug_str     0x000000000008ae68      0x82d Middlewares/Third_Party/FreeRTOS/Source/queue.o
                                       0xbfa3 (size before relaxing)
 .debug_str     0x000000000008b695     0x113a Middlewares/Third_Party/FreeRTOS/Source/tasks.o
                                       0xc9d9 (size before relaxing)
 .debug_str     0x000000000008c7cf      0x518 Middlewares/Third_Party/FreeRTOS/Source/timers.o
                                       0xc54a (size before relaxing)
 .debug_str     0x000000000008cce7      0x817 Middlewares/Third_Party/FreeRTOS/Source/portable/GCC/ARM_CM4F/port.o
                                       0x8553 (size before relaxing)
 .debug_str     0x000000000008d4fe      0x251 Middlewares/Third_Party/FreeRTOS/Source/portable/MemMang/heap_4.o
                                       0xaf79 (size before relaxing)

.comment        0x0000000000000000       0x7b
 .comment       0x0000000000000000       0x7b Core/Src/freertos.o
                                         0x7c (size before relaxing)
 .comment       0x000000000000007b       0x7c Core/Src/main.o
 .comment       0x000000000000007b       0x7c Core/Src/stm32f4xx_hal_msp.o
 .comment       0x000000000000007b       0x7c Core/Src/stm32f4xx_it.o
 .comment       0x000000000000007b       0x7c Core/Src/sysmem.o
 .comment       0x000000000000007b       0x7c Core/Src/system_stm32f4xx.o
 .comment       0x000000000000007b       0x7c Drivers/STM32F4xx_HAL_Driver/Src/stm32f4xx_hal.o
 .comment       0x000000000000007b       0x7c Drivers/STM32F4xx_HAL_Driver/Src/stm32f4xx_hal_cortex.o
 .comment       0x000000000000007b       0x7c Drivers/STM32F4xx_HAL_Driver/Src/stm32f4xx_hal_gpio.o
 .comment       0x000000000000007b       0x7c Drivers/STM32F4xx_HAL_Driver/Src/stm32f4xx_hal_rcc.o
 .comment       0x000000000000007b       0x7c Drivers/STM32F4xx_HAL_Driver/Src/stm32f4xx_hal_uart.o
 .comment       0x000000000000007b       0x7c Middlewares/Third_Party/FreeRTOS/Source/CMSIS_RTOS/cmsis_os.o
 .comment       0x000000000000007b       0x7c Middlewares/Third_Party/FreeRTOS/Source/list.o
 .comment       0x000000000000007b       0x7c Middlewares/Third_Party/FreeRTOS/Source/queue.o
 .comment       0x000000000000007b       0x7c Middlewares/Third_Party/FreeRTOS/Source/tasks.o
 .comment       0x000000000000007b       0x7c Middlewares/Third_Party/FreeRTOS/Source/timers.o
 .comment       0x000000000000007b       0x7c Middlewares/Third_Party/FreeRTOS/Source/portable/GCC/ARM_CM4F/port.o
 .comment       0x000000000000007b       0x7c Middlewares/Third_Party/FreeRTOS/Source/portable/MemMang/heap_4.o

.debug_frame    0x0000000000000000     0x35a8
 .debug_frame   0x0000000000000000       0x60 Core/Src/freertos.o
 .debug_frame   0x0000000000000060      0x150 Core/Src/main.o
 .debug_frame   0x00000000000001b0       0x7c Core/Src/stm32f4xx_hal_msp.o
 .debug_frame   0x000000000000022c       0xc4 Core/Src/stm32f4xx_it.o
 .debug_frame   0x00000000000002f0       0x34 Core/Src/sysmem.o
 .debug_frame   0x0000000000000324       0x58 Core/Src/system_stm32f4xx.o
 .debug_frame   0x000000000000037c      0x374 Drivers/STM32F4xx_HAL_Driver/Src/stm32f4xx_hal.o
 .debug_frame   0x00000000000006f0      0x498 Drivers/STM32F4xx_HAL_Driver/Src/stm32f4xx_hal_cortex.o
 .debug_frame   0x0000000000000b88      0x14c Drivers/STM32F4xx_HAL_Driver/Src/stm32f4xx_hal_gpio.o
 .debug_frame   0x0000000000000cd4      0x1f0 Drivers/STM32F4xx_HAL_Driver/Src/stm32f4xx_hal_rcc.o
 .debug_frame   0x0000000000000ec4      0x844 Drivers/STM32F4xx_HAL_Driver/Src/stm32f4xx_hal_uart.o
 .debug_frame   0x0000000000001708      0x7fc Middlewares/Third_Party/FreeRTOS/Source/CMSIS_RTOS/cmsis_os.o
 .debug_frame   0x0000000000001f04       0xd8 Middlewares/Third_Party/FreeRTOS/Source/list.o
 .debug_frame   0x0000000000001fdc      0x490 Middlewares/Third_Party/FreeRTOS/Source/queue.o
 .debug_frame   0x000000000000246c      0x758 Middlewares/Third_Party/FreeRTOS/Source/tasks.o
 .debug_frame   0x0000000000002bc4      0x344 Middlewares/Third_Party/FreeRTOS/Source/timers.o
 .debug_frame   0x0000000000002f08      0x1a8 Middlewares/Third_Party/FreeRTOS/Source/portable/GCC/ARM_CM4F/port.o
 .debug_frame   0x00000000000030b0      0x108 Middlewares/Third_Party/FreeRTOS/Source/portable/MemMang/heap_4.o
 .debug_frame   0x00000000000031b8       0x20 d:/embedded/stm32cubeide_1.5.1/stm32cubeide/plugins/com.st.stm32cube.ide.mcu.externaltools.gnu-tools-for-stm32.7-2018-q2-update.win32_1.5.0.202011040924/tools/bin/../lib/gcc/arm-none-eabi/7.3.1/../../../../arm-none-eabi/lib/thumb/v7e-m/fpv4-sp/hard\libc_nano.a(lib_a-errno.o)
 .debug_frame   0x00000000000031d8       0x2c d:/embedded/stm32cubeide_1.5.1/stm32cubeide/plugins/com.st.stm32cube.ide.mcu.externaltools.gnu-tools-for-stm32.7-2018-q2-update.win32_1.5.0.202011040924/tools/bin/../lib/gcc/arm-none-eabi/7.3.1/../../../../arm-none-eabi/lib/thumb/v7e-m/fpv4-sp/hard\libc_nano.a(lib_a-init.o)
 .debug_frame   0x0000000000003204       0x28 d:/embedded/stm32cubeide_1.5.1/stm32cubeide/plugins/com.st.stm32cube.ide.mcu.externaltools.gnu-tools-for-stm32.7-2018-q2-update.win32_1.5.0.202011040924/tools/bin/../lib/gcc/arm-none-eabi/7.3.1/../../../../arm-none-eabi/lib/thumb/v7e-m/fpv4-sp/hard\libc_nano.a(lib_a-memcpy-stub.o)
 .debug_frame   0x000000000000322c       0x20 d:/embedded/stm32cubeide_1.5.1/stm32cubeide/plugins/com.st.stm32cube.ide.mcu.externaltools.gnu-tools-for-stm32.7-2018-q2-update.win32_1.5.0.202011040924/tools/bin/../lib/gcc/arm-none-eabi/7.3.1/../../../../arm-none-eabi/lib/thumb/v7e-m/fpv4-sp/hard\libc_nano.a(lib_a-memset.o)
 .debug_frame   0x000000000000324c       0x6c d:/embedded/stm32cubeide_1.5.1/stm32cubeide/plugins/com.st.stm32cube.ide.mcu.externaltools.gnu-tools-for-stm32.7-2018-q2-update.win32_1.5.0.202011040924/tools/bin/../lib/gcc/arm-none-eabi/7.3.1/../../../../arm-none-eabi/lib/thumb/v7e-m/fpv4-sp/hard\libc_nano.a(lib_a-sprintf.o)
 .debug_frame   0x00000000000032b8       0x90 d:/embedded/stm32cubeide_1.5.1/stm32cubeide/plugins/com.st.stm32cube.ide.mcu.externaltools.gnu-tools-for-stm32.7-2018-q2-update.win32_1.5.0.202011040924/tools/bin/../lib/gcc/arm-none-eabi/7.3.1/../../../../arm-none-eabi/lib/thumb/v7e-m/fpv4-sp/hard\libc_nano.a(lib_a-nano-svfprintf.o)
 .debug_frame   0x0000000000003348       0x60 d:/embedded/stm32cubeide_1.5.1/stm32cubeide/plugins/com.st.stm32cube.ide.mcu.externaltools.gnu-tools-for-stm32.7-2018-q2-update.win32_1.5.0.202011040924/tools/bin/../lib/gcc/arm-none-eabi/7.3.1/../../../../arm-none-eabi/lib/thumb/v7e-m/fpv4-sp/hard\libc_nano.a(lib_a-nano-vfprintf_i.o)