20:28:38 **** Incremental Build of configuration Debug for project Lab3-2 ****
make -j4 all 
arm-none-eabi-gcc "../Core/Src/main.c" -mcpu=cortex-m4 -std=gnu11 -g3 -DUSE_HAL_DRIVER -DSTM32F411xE -DDEBUG -c -I../Core/Inc -I../Drivers/STM32F4xx_HAL_Driver/Inc -I../Drivers/STM32F4xx_HAL_Driver/Inc/Legacy -I../Drivers/CMSIS/Device/ST/STM32F4xx/Include -I../Drivers/CMSIS/Include -I../Middlewares/Third_Party/FreeRTOS/Source/include -I../Middlewares/Third_Party/FreeRTOS/Source/CMSIS_RTOS -I../Middlewares/Third_Party/FreeRTOS/Source/portable/GCC/ARM_CM4F -O0 -ffunction-sections -fdata-sections -Wall -fstack-usage -MMD -MP -MF"Core/Src/main.d" -MT"Core/Src/main.o" --specs=nano.specs -mfpu=fpv4-sp-d16 -mfloat-abi=hard -mthumb -o "Core/Src/main.o"
arm-none-eabi-gcc -o "Lab3-2.elf" @"objects.list"   -mcpu=cortex-m4 -T"D:\Embedded\Lab\Lab3-2\STM32F411RETX_FLASH.ld" --specs=nosys.specs -Wl,-Map="Lab3-2.map" -Wl,--gc-sections -static --specs=nano.specs -mfpu=fpv4-sp-d16 -mfloat-abi=hard -mthumb -Wl,--start-group -lc -lm -Wl,--end-group
Finished building target: Lab3-2.elf
 
arm-none-eabi-objdump -h -S  Lab3-2.elf  > "Lab3-2.list"
arm-none-eabi-objcopy  -O binary  Lab3-2.elf  "Lab3-2.bin"
arm-none-eabi-size   Lab3-2.elf 
   text	   data	    bss	    dec	    hex	filename
  20064	     24	  19360	  39448	   9a18	Lab3-2.elf
Finished building: default.size.stdout
 
Finished building: Lab3-2.bin
 
Finished building: Lab3-2.list
 

20:28:40 Build Finished. 0 errors, 0 warnings. (took 1s.866ms)

